Archive member included to satisfy reference by file (symbol)

c:/altera/15.0/nios2eds/bin/gnu/h-x86_64-mingw32/bin/../lib/gcc/nios2-elf/4.9.1/../../../../../H-x86_64-mingw32/nios2-elf/lib/mno-hw-mul\libc.a(lib_a-puts.o)
                              obj/default/hello_ucosii.o (puts)
c:/altera/15.0/nios2eds/bin/gnu/h-x86_64-mingw32/bin/../lib/gcc/nios2-elf/4.9.1/../../../../../H-x86_64-mingw32/nios2-elf/lib/mno-hw-mul\libc.a(lib_a-strlen.o)
                              c:/altera/15.0/nios2eds/bin/gnu/h-x86_64-mingw32/bin/../lib/gcc/nios2-elf/4.9.1/../../../../../H-x86_64-mingw32/nios2-elf/lib/mno-hw-mul\libc.a(lib_a-puts.o) (strlen)
c:/altera/15.0/nios2eds/bin/gnu/h-x86_64-mingw32/bin/../lib/gcc/nios2-elf/4.9.1/../../../../../H-x86_64-mingw32/nios2-elf/lib/mno-hw-mul\libc.a(lib_a-fvwrite.o)
                              c:/altera/15.0/nios2eds/bin/gnu/h-x86_64-mingw32/bin/../lib/gcc/nios2-elf/4.9.1/../../../../../H-x86_64-mingw32/nios2-elf/lib/mno-hw-mul\libc.a(lib_a-puts.o) (__sfvwrite_r)
c:/altera/15.0/nios2eds/bin/gnu/h-x86_64-mingw32/bin/../lib/gcc/nios2-elf/4.9.1/../../../../../H-x86_64-mingw32/nios2-elf/lib/mno-hw-mul\libc.a(lib_a-impure.o)
                              c:/altera/15.0/nios2eds/bin/gnu/h-x86_64-mingw32/bin/../lib/gcc/nios2-elf/4.9.1/../../../../../H-x86_64-mingw32/nios2-elf/lib/mno-hw-mul\libc.a(lib_a-puts.o) (_impure_ptr)
c:/altera/15.0/nios2eds/bin/gnu/h-x86_64-mingw32/bin/../lib/gcc/nios2-elf/4.9.1/../../../../../H-x86_64-mingw32/nios2-elf/lib/mno-hw-mul\libc.a(lib_a-mallocr.o)
                              c:/altera/15.0/nios2eds/bin/gnu/h-x86_64-mingw32/bin/../lib/gcc/nios2-elf/4.9.1/../../../../../H-x86_64-mingw32/nios2-elf/lib/mno-hw-mul\libc.a(lib_a-fvwrite.o) (_malloc_r)
c:/altera/15.0/nios2eds/bin/gnu/h-x86_64-mingw32/bin/../lib/gcc/nios2-elf/4.9.1/../../../../../H-x86_64-mingw32/nios2-elf/lib/mno-hw-mul\libc.a(lib_a-memchr.o)
                              c:/altera/15.0/nios2eds/bin/gnu/h-x86_64-mingw32/bin/../lib/gcc/nios2-elf/4.9.1/../../../../../H-x86_64-mingw32/nios2-elf/lib/mno-hw-mul\libc.a(lib_a-fvwrite.o) (memchr)
c:/altera/15.0/nios2eds/bin/gnu/h-x86_64-mingw32/bin/../lib/gcc/nios2-elf/4.9.1/../../../../../H-x86_64-mingw32/nios2-elf/lib/mno-hw-mul\libc.a(lib_a-memcpy.o)
                              c:/altera/15.0/nios2eds/bin/gnu/h-x86_64-mingw32/bin/../lib/gcc/nios2-elf/4.9.1/../../../../../H-x86_64-mingw32/nios2-elf/lib/mno-hw-mul\libc.a(lib_a-fvwrite.o) (memcpy)
c:/altera/15.0/nios2eds/bin/gnu/h-x86_64-mingw32/bin/../lib/gcc/nios2-elf/4.9.1/../../../../../H-x86_64-mingw32/nios2-elf/lib/mno-hw-mul\libc.a(lib_a-memmove.o)
                              c:/altera/15.0/nios2eds/bin/gnu/h-x86_64-mingw32/bin/../lib/gcc/nios2-elf/4.9.1/../../../../../H-x86_64-mingw32/nios2-elf/lib/mno-hw-mul\libc.a(lib_a-fvwrite.o) (memmove)
c:/altera/15.0/nios2eds/bin/gnu/h-x86_64-mingw32/bin/../lib/gcc/nios2-elf/4.9.1/../../../../../H-x86_64-mingw32/nios2-elf/lib/mno-hw-mul\libc.a(lib_a-reallocr.o)
                              c:/altera/15.0/nios2eds/bin/gnu/h-x86_64-mingw32/bin/../lib/gcc/nios2-elf/4.9.1/../../../../../H-x86_64-mingw32/nios2-elf/lib/mno-hw-mul\libc.a(lib_a-fvwrite.o) (_realloc_r)
c:/altera/15.0/nios2eds/bin/gnu/h-x86_64-mingw32/bin/../lib/gcc/nios2-elf/4.9.1/../../../../../H-x86_64-mingw32/nios2-elf/lib/mno-hw-mul\libc.a(lib_a-sbrkr.o)
                              c:/altera/15.0/nios2eds/bin/gnu/h-x86_64-mingw32/bin/../lib/gcc/nios2-elf/4.9.1/../../../../../H-x86_64-mingw32/nios2-elf/lib/mno-hw-mul\libc.a(lib_a-mallocr.o) (_sbrk_r)
c:/altera/15.0/nios2eds/bin/gnu/h-x86_64-mingw32/bin/../lib/gcc/nios2-elf/4.9.1/../../../../../H-x86_64-mingw32/nios2-elf/lib/mno-hw-mul\libc.a(lib_a-wsetup.o)
                              c:/altera/15.0/nios2eds/bin/gnu/h-x86_64-mingw32/bin/../lib/gcc/nios2-elf/4.9.1/../../../../../H-x86_64-mingw32/nios2-elf/lib/mno-hw-mul\libc.a(lib_a-fvwrite.o) (__swsetup_r)
c:/altera/15.0/nios2eds/bin/gnu/h-x86_64-mingw32/bin/../lib/gcc/nios2-elf/4.9.1/../../../../../H-x86_64-mingw32/nios2-elf/lib/mno-hw-mul\libc.a(lib_a-fflush.o)
                              c:/altera/15.0/nios2eds/bin/gnu/h-x86_64-mingw32/bin/../lib/gcc/nios2-elf/4.9.1/../../../../../H-x86_64-mingw32/nios2-elf/lib/mno-hw-mul\libc.a(lib_a-fvwrite.o) (_fflush_r)
c:/altera/15.0/nios2eds/bin/gnu/h-x86_64-mingw32/bin/../lib/gcc/nios2-elf/4.9.1/../../../../../H-x86_64-mingw32/nios2-elf/lib/mno-hw-mul\libc.a(lib_a-findfp.o)
                              c:/altera/15.0/nios2eds/bin/gnu/h-x86_64-mingw32/bin/../lib/gcc/nios2-elf/4.9.1/../../../../../H-x86_64-mingw32/nios2-elf/lib/mno-hw-mul\libc.a(lib_a-wsetup.o) (__sinit)
c:/altera/15.0/nios2eds/bin/gnu/h-x86_64-mingw32/bin/../lib/gcc/nios2-elf/4.9.1/../../../../../H-x86_64-mingw32/nios2-elf/lib/mno-hw-mul\libc.a(lib_a-freer.o)
                              c:/altera/15.0/nios2eds/bin/gnu/h-x86_64-mingw32/bin/../lib/gcc/nios2-elf/4.9.1/../../../../../H-x86_64-mingw32/nios2-elf/lib/mno-hw-mul\libc.a(lib_a-fvwrite.o) (_free_r)
[...]
Memory Configuration

Name             Origin             Length             Attributes
reset            0x0000000000040000 0x0000000000000020
RAM_jesus        0x0000000000040020 0x0000000000035b40
*default*        0x0000000000000000 0xffffffffffffffff

Linker script and memory map

LOAD ../UCOS_practica_bsp//obj/HAL/src/crt0.o
LOAD obj/default/hello_ucosii.o
LOAD c:/altera/15.0/nios2eds/bin/gnu/h-x86_64-mingw32/bin/../lib/gcc/nios2-elf/4.9.1/../../../../../H-x86_64-mingw32/nios2-elf/lib/mno-hw-mul\libstdc++.a
LOAD c:/altera/15.0/nios2eds/bin/gnu/h-x86_64-mingw32/bin/../lib/gcc/nios2-elf/4.9.1/../../../../../H-x86_64-mingw32/nios2-elf/lib/mno-hw-mul\libm.a
LOAD c:/altera/15.0/nios2eds/bin/gnu/h-x86_64-mingw32/bin/../lib/gcc/nios2-elf/4.9.1/mno-hw-mul\libgcc.a
START GROUP
LOAD c:/altera/15.0/nios2eds/bin/gnu/h-x86_64-mingw32/bin/../lib/gcc/nios2-elf/4.9.1/../../../../../H-x86_64-mingw32/nios2-elf/lib/mno-hw-mul\libc.a
LOAD c:/altera/15.0/nios2eds/bin/gnu/h-x86_64-mingw32/bin/../lib/gcc/nios2-elf/4.9.1/mno-hw-mul\libgcc.a
LOAD ../UCOS_practica_bsp/\libucosii_bsp.a
LOAD c:/altera/15.0/nios2eds/bin/gnu/h-x86_64-mingw32/bin/../lib/gcc/nios2-elf/4.9.1/../../../../../H-x86_64-mingw32/nios2-elf/lib/mno-hw-mul\libm.a
END GROUP
LOAD c:/altera/15.0/nios2eds/bin/gnu/h-x86_64-mingw32/bin/../lib/gcc/nios2-elf/4.9.1/mno-hw-mul\libgcc.a
                0x0000000000040000                __alt_mem_RAM_jesus = 0x40000

.entry          0x0000000000040000       0x20
 *(.entry)
 .entry         0x0000000000040000       0x20 ../UCOS_practica_bsp//obj/HAL/src/crt0.o
                0x0000000000040000                __reset

.exceptions     0x0000000000040020      0x20c
                0x0000000000040020                PROVIDE (__ram_exceptions_start, ABSOLUTE (.))
                0x0000000000040020                . = ALIGN (0x20)
 *(.irq)
 *(.exceptions.entry.label)
 .exceptions.entry.label
                0x0000000000040020        0x0 ../UCOS_practica_bsp/\libucosii_bsp.a(alt_irq_entry.o)
                0x0000000000040020                alt_irq_entry
 .exceptions.entry.label
                0x0000000000040020        0x0 ../UCOS_practica_bsp/\libucosii_bsp.a(alt_exception_entry.o)
                0x0000000000040020                alt_exception
 *(.exceptions.entry.user)
 *(.exceptions.entry.ecc_fatal)
 *(.exceptions.entry)
 .exceptions.entry
                0x0000000000040020       0x54 ../UCOS_practica_bsp/\libucosii_bsp.a(alt_exception_entry.o)
 *(.exceptions.irqtest.user)
 *(.exceptions.irqtest)
 .exceptions.irqtest
                0x0000000000040074       0x10 ../UCOS_practica_bsp/\libucosii_bsp.a(alt_irq_entry.o)
 *(.exceptions.irqhandler.user)
 *(.exceptions.irqhandler)
 .exceptions.irqhandler
                0x0000000000040084        0x4 ../UCOS_practica_bsp/\libucosii_bsp.a(alt_irq_entry.o)
 *(.exceptions.irqreturn.user)
 *(.exceptions.irqreturn)
 .exceptions.irqreturn
                0x0000000000040088        0x4 ../UCOS_practica_bsp/\libucosii_bsp.a(alt_irq_entry.o)
 *(.exceptions.notirq.label)
 .exceptions.notirq.label
                0x000000000004008c        0x0 ../UCOS_practica_bsp/\libucosii_bsp.a(alt_irq_entry.o)
 *(.exceptions.notirq.user)
 *(.exceptions.notirq)
 .exceptions.notirq
                0x000000000004008c        0x8 ../UCOS_practica_bsp/\libucosii_bsp.a(alt_exception_entry.o)
 *(.exceptions.soft.user)
 *(.exceptions.soft)
 *(.exceptions.unknown.user)
 *(.exceptions.unknown)
 .exceptions.unknown
                0x0000000000040094       0x14 ../UCOS_practica_bsp/\libucosii_bsp.a(alt_exception_entry.o)
 *(.exceptions.exit.label)
 .exceptions.exit.label
                0x00000000000400a8        0x0 ../UCOS_practica_bsp/\libucosii_bsp.a(alt_irq_entry.o)
 .exceptions.exit.label
                0x00000000000400a8        0x0 ../UCOS_practica_bsp/\libucosii_bsp.a(alt_exception_entry.o)
 *(.exceptions.exit.user)
 *(.exceptions.exit)
 .exceptions.exit
                0x00000000000400a8       0x54 ../UCOS_practica_bsp/\libucosii_bsp.a(alt_exception_entry.o)
 *(.exceptions)
 .exceptions    0x00000000000400fc       0xd0 ../UCOS_practica_bsp/\libucosii_bsp.a(alt_irq_handler.o)
                0x00000000000400fc                alt_irq_handler
 .exceptions    0x00000000000401cc       0x60 ../UCOS_practica_bsp/\libucosii_bsp.a(alt_instruction_exception_entry.o)
                0x00000000000401cc                alt_instruction_exception_entry
                0x000000000004022c                PROVIDE (__ram_exceptions_end, ABSOLUTE (.))
                0x0000000000040020                PROVIDE (__flash_exceptions_start, LOADADDR (.exceptions))

.text           0x000000000004022c     0xefbc
                0x000000000004022c                PROVIDE (stext, ABSOLUTE (.))
 *(.interp)
 *(.hash)
 *(.dynsym)
 *(.dynstr)
 *(.gnu.version)
 *(.gnu.version_d)
 *(.gnu.version_r)
 *(.rel.init)
 *(.rela.init)
 *(.rel.text .rel.text.* .rel.gnu.linkonce.t.*)
 *(.rela.text .rela.text.* .rela.gnu.linkonce.t.*)
 *(.rel.fini)
 *(.rela.fini)
 *(.rel.rodata .rel.rodata.* .rel.gnu.linkonce.r.*)
 *(.rela.rodata .rela.rodata.* .rela.gnu.linkonce.r.*)
 *(.rel.data .rel.data.* .rel.gnu.linkonce.d.*)
 *(.rela.data .rela.data.* .rela.gnu.linkonce.d.*)
 *(.rel.tdata .rel.tdata.* .rel.gnu.linkonce.td.*)
 *(.rela.tdata .rela.tdata.* .rela.gnu.linkonce.td.*)
 *(.rel.tbss .rel.tbss.* .rel.gnu.linkonce.tb.*)
 *(.rela.tbss .rela.tbss.* .rela.gnu.linkonce.tb.*)
 *(.rel.ctors)
 *(.rela.ctors)
 *(.rel.dtors)
 *(.rela.dtors)
 *(.rel.got)
 *(.rela.got)
 *(.rel.sdata .rel.sdata.* .rel.gnu.linkonce.s.*)
 *(.rela.sdata .rela.sdata.* .rela.gnu.linkonce.s.*)
 *(.rel.sbss .rel.sbss.* .rel.gnu.linkonce.sb.*)
 *(.rela.sbss .rela.sbss.* .rela.gnu.linkonce.sb.*)
 *(.rel.sdata2 .rel.sdata2.* .rel.gnu.linkonce.s2.*)
 *(.rela.sdata2 .rela.sdata2.* .rela.gnu.linkonce.s2.*)
 *(.rel.sbss2 .rel.sbss2.* .rel.gnu.linkonce.sb2.*)
 *(.rela.sbss2 .rela.sbss2.* .rela.gnu.linkonce.sb2.*)
 *(.rel.bss .rel.bss.* .rel.gnu.linkonce.b.*)
 *(.rela.bss .rela.bss.* .rela.gnu.linkonce.b.*)
 *(.rel.plt)
 *(.rela.plt)
 *(.rel.dyn)
 *(.init)
 *(.plt)
 *(.text .stub .text.* .gnu.linkonce.t.*)
 .text          0x000000000004022c       0x3c ../UCOS_practica_bsp//obj/HAL/src/crt0.o
                0x000000000004022c                _start
 .text          0x0000000000040268      0x680 obj/default/hello_ucosii.o
                0x0000000000040268                task1
                0x00000000000402fc                play_tone
                0x0000000000040350                task2
                0x0000000000040630                play_tone1
                0x0000000000040684                leds_task
 .text.startup  0x00000000000408e8       0xd0 obj/default/hello_ucosii.o
                0x00000000000408e8                main
 .text          0x00000000000409b8       0xcc c:/altera/15.0/nios2eds/bin/gnu/h-x86_64-mingw32/bin/../lib/gcc/nios2-elf/4.9.1/../../../../../H-x86_64-mingw32/nios2-elf/lib/mno-hw-mul\libc.a(lib_a-puts.o)
                0x00000000000409b8                _puts_r
                0x0000000000040a70                puts
 .text          0x0000000000040a84       0x98 c:/altera/15.0/nios2eds/bin/gnu/h-x86_64-mingw32/bin/../lib/gcc/nios2-elf/4.9.1/../../../../../H-x86_64-mingw32/nios2-elf/lib/mno-hw-mul\libc.a(lib_a-strlen.o)
                0x0000000000040a84                strlen
 .text          0x0000000000040b1c      0x4a4 c:/altera/15.0/nios2eds/bin/gnu/h-x86_64-mingw32/bin/../lib/gcc/nios2-elf/4.9.1/../../../../../H-x86_64-mingw32/nios2-elf/lib/mno-hw-mul\libc.a(lib_a-fvwrite.o)
                0x0000000000040b1c                __sfvwrite_r
 .text          0x0000000000040fc0        0x0 c:/altera/15.0/nios2eds/bin/gnu/h-x86_64-mingw32/bin/../lib/gcc/nios2-elf/4.9.1/../../../../../H-x86_64-mingw32/nios2-elf/lib/mno-hw-mul\libc.a(lib_a-impure.o)
 .text          0x0000000000040fc0      0x7a8 c:/altera/15.0/nios2eds/bin/gnu/h-x86_64-mingw32/bin/../lib/gcc/nios2-elf/4.9.1/../../../../../H-x86_64-mingw32/nios2-elf/lib/mno-hw-mul\libc.a(lib_a-mallocr.o)
                0x0000000000040fc0                _malloc_r
 .text          0x0000000000041768       0xe8 c:/altera/15.0/nios2eds/bin/gnu/h-x86_64-mingw32/bin/../lib/gcc/nios2-elf/4.9.1/../../../../../H-x86_64-mingw32/nios2-elf/lib/mno-hw-mul\libc.a(lib_a-memchr.o)
                0x0000000000041768                memchr
 .text          0x0000000000041850      0x138 c:/altera/15.0/nios2eds/bin/gnu/h-x86_64-mingw32/bin/../lib/gcc/nios2-elf/4.9.1/../../../../../H-x86_64-mingw32/nios2-elf/lib/mno-hw-mul\libc.a(lib_a-memcpy.o)
                0x0000000000041850                memcpy
 .text          0x0000000000041988      0x15c c:/altera/15.0/nios2eds/bin/gnu/h-x86_64-mingw32/bin/../lib/gcc/nios2-elf/4.9.1/../../../../../H-x86_64-mingw32/nios2-elf/lib/mno-hw-mul\libc.a(lib_a-memmove.o)
                0x0000000000041988                memmove
 .text          0x0000000000041ae4      0x5a0 c:/altera/15.0/nios2eds/bin/gnu/h-x86_64-mingw32/bin/../lib/gcc/nios2-elf/4.9.1/../../../../../H-x86_64-mingw32/nios2-elf/lib/mno-hw-mul\libc.a(lib_a-reallocr.o)
                0x0000000000041ae4                _realloc_r
 .text          0x0000000000042084       0x54 c:/altera/15.0/nios2eds/bin/gnu/h-x86_64-mingw32/bin/../lib/gcc/nios2-elf/4.9.1/../../../../../H-x86_64-mingw32/nios2-elf/lib/mno-hw-mul\libc.a(lib_a-sbrkr.o)
                0x0000000000042084                _sbrk_r
 .text          0x00000000000420d8      0x130 c:/altera/15.0/nios2eds/bin/gnu/h-x86_64-mingw32/bin/../lib/gcc/nios2-elf/4.9.1/../../../../../H-x86_64-mingw32/nios2-elf/lib/mno-hw-mul\libc.a(lib_a-wsetup.o)
                0x00000000000420d8                __swsetup_r
 .text          0x0000000000042208      0x258 c:/altera/15.0/nios2eds/bin/gnu/h-x86_64-mingw32/bin/../lib/gcc/nios2-elf/4.9.1/../../../../../H-x86_64-mingw32/nios2-elf/lib/mno-hw-mul\libc.a(lib_a-fflush.o)
                0x0000000000042208                _fflush_r
                0x0000000000042430                fflush
 .text          0x0000000000042460      0x3b4 c:/altera/15.0/nios2eds/bin/gnu/h-x86_64-mingw32/bin/../lib/gcc/nios2-elf/4.9.1/../../../../../H-x86_64-mingw32/nios2-elf/lib/mno-hw-mul\libc.a(lib_a-findfp.o)
                0x0000000000042470                _cleanup_r
                0x000000000004261c                __sfmoreglue
                0x0000000000042694                __sfp
                0x00000000000427ac                _cleanup
                0x00000000000427c4                __sinit
                0x00000000000427d4                __sfp_lock_acquire
                0x00000000000427d8                __sfp_lock_release
                0x00000000000427dc                __sinit_lock_acquire
                0x00000000000427e0                __sinit_lock_release
                0x00000000000427e4                __fp_lock_all
                0x00000000000427fc                __fp_unlock_all
 .text          0x0000000000042814      0x414 c:/altera/15.0/nios2eds/bin/gnu/h-x86_64-mingw32/bin/../lib/gcc/nios2-elf/4.9.1/../../../../../H-x86_64-mingw32/nios2-elf/lib/mno-hw-mul\libc.a(lib_a-freer.o)
                0x0000000000042814                _malloc_trim_r
                0x0000000000042938                _free_r
 .text          0x0000000000042c28      0x170 c:/altera/15.0/nios2eds/bin/gnu/h-x86_64-mingw32/bin/../lib/gcc/nios2-elf/4.9.1/../../../../../H-x86_64-mingw32/nios2-elf/lib/mno-hw-mul\libc.a(lib_a-fwalk.o)
                0x0000000000042c28                _fwalk
                0x0000000000042ce0                _fwalk_reent
 .text          0x0000000000042d98        0x0 c:/altera/15.0/nios2eds/bin/gnu/h-x86_64-mingw32/bin/../lib/gcc/nios2-elf/4.9.1/../../../../../H-x86_64-mingw32/nios2-elf/lib/mno-hw-mul\libc.a(lib_a-int_errno.o)
 .text          0x0000000000042d98      0x1b8 c:/altera/15.0/nios2eds/bin/gnu/h-x86_64-mingw32/bin/../lib/gcc/nios2-elf/4.9.1/../../../../../H-x86_64-mingw32/nios2-elf/lib/mno-hw-mul\libc.a(lib_a-makebuf.o)
                0x0000000000042d98                __smakebuf_r
 .text          0x0000000000042f50      0x124 c:/altera/15.0/nios2eds/bin/gnu/h-x86_64-mingw32/bin/../lib/gcc/nios2-elf/4.9.1/../../../../../H-x86_64-mingw32/nios2-elf/lib/mno-hw-mul\libc.a(lib_a-memset.o)
                0x0000000000042f50                memset
 .text          0x0000000000043074      0x13c c:/altera/15.0/nios2eds/bin/gnu/h-x86_64-mingw32/bin/../lib/gcc/nios2-elf/4.9.1/../../../../../H-x86_64-mingw32/nios2-elf/lib/mno-hw-mul\libc.a(lib_a-stdio.o)
                0x0000000000043074                __sread
                0x00000000000430c8                __seofread
                0x00000000000430d0                __swrite
                0x000000000004314c                __sseek
                0x00000000000431a8                __sclose
 .text          0x00000000000431b0       0x5c c:/altera/15.0/nios2eds/bin/gnu/h-x86_64-mingw32/bin/../lib/gcc/nios2-elf/4.9.1/../../../../../H-x86_64-mingw32/nios2-elf/lib/mno-hw-mul\libc.a(lib_a-writer.o)
                0x00000000000431b0                _write_r
 .text          0x000000000004320c       0x54 c:/altera/15.0/nios2eds/bin/gnu/h-x86_64-mingw32/bin/../lib/gcc/nios2-elf/4.9.1/../../../../../H-x86_64-mingw32/nios2-elf/lib/mno-hw-mul\libc.a(closer.o)
                0x000000000004320c                _close_r
 .text          0x0000000000043260      0x114 c:/altera/15.0/nios2eds/bin/gnu/h-x86_64-mingw32/bin/../lib/gcc/nios2-elf/4.9.1/../../../../../H-x86_64-mingw32/nios2-elf/lib/mno-hw-mul\libc.a(lib_a-fclose.o)
                0x0000000000043260                _fclose_r
                0x0000000000043360                fclose
 .text          0x0000000000043374       0x58 c:/altera/15.0/nios2eds/bin/gnu/h-x86_64-mingw32/bin/../lib/gcc/nios2-elf/4.9.1/../../../../../H-x86_64-mingw32/nios2-elf/lib/mno-hw-mul\libc.a(lib_a-fstatr.o)
                0x0000000000043374                _fstat_r
 .text          0x00000000000433cc       0x54 c:/altera/15.0/nios2eds/bin/gnu/h-x86_64-mingw32/bin/../lib/gcc/nios2-elf/4.9.1/../../../../../H-x86_64-mingw32/nios2-elf/lib/mno-hw-mul\libc.a(lib_a-isattyr.o)
                0x00000000000433cc                _isatty_r
 .text          0x0000000000043420       0x5c c:/altera/15.0/nios2eds/bin/gnu/h-x86_64-mingw32/bin/../lib/gcc/nios2-elf/4.9.1/../../../../../H-x86_64-mingw32/nios2-elf/lib/mno-hw-mul\libc.a(lib_a-lseekr.o)
                0x0000000000043420                _lseek_r
 .text          0x000000000004347c       0x5c c:/altera/15.0/nios2eds/bin/gnu/h-x86_64-mingw32/bin/../lib/gcc/nios2-elf/4.9.1/../../../../../H-x86_64-mingw32/nios2-elf/lib/mno-hw-mul\libc.a(lib_a-readr.o)
                0x000000000004347c                _read_r
 .text          0x00000000000434d8       0x28 c:/altera/15.0/nios2eds/bin/gnu/h-x86_64-mingw32/bin/../lib/gcc/nios2-elf/4.9.1/mno-hw-mul\libgcc.a(lib2-mul.o)
                0x00000000000434d8                __mulsi3
 .text          0x0000000000043500      0x128 ../UCOS_practica_bsp/\libucosii_bsp.a(alt_close.o)
                0x0000000000043550                close
 .text          0x0000000000043628       0x2c ../UCOS_practica_bsp/\libucosii_bsp.a(alt_dev.o)
 .text          0x0000000000043654        0x0 ../UCOS_practica_bsp/\libucosii_bsp.a(alt_errno.o)
 .text          0x0000000000043654      0x108 ../UCOS_practica_bsp/\libucosii_bsp.a(alt_fstat.o)
                0x00000000000436a4                fstat
 .text          0x000000000004375c       0xfc ../UCOS_practica_bsp/\libucosii_bsp.a(alt_isatty.o)
                0x00000000000437ac                isatty
 .text          0x0000000000043858       0xe4 ../UCOS_practica_bsp/\libucosii_bsp.a(alt_load.o)
                0x00000000000438bc                alt_load
 .text          0x000000000004393c      0x12c ../UCOS_practica_bsp/\libucosii_bsp.a(alt_lseek.o)
                0x000000000004398c                lseek
 .text          0x0000000000043a68       0xd4 ../UCOS_practica_bsp/\libucosii_bsp.a(alt_main.o)
                0x0000000000043a68                alt_main
 .text          0x0000000000043b3c      0x154 ../UCOS_practica_bsp/\libucosii_bsp.a(alt_read.o)
                0x0000000000043b8c                read
 .text          0x0000000000043c90       0x80 ../UCOS_practica_bsp/\libucosii_bsp.a(alt_release_fd.o)
                0x0000000000043c90                alt_release_fd
 .text          0x0000000000043d10       0xb0 ../UCOS_practica_bsp/\libucosii_bsp.a(alt_sbrk.o)
                0x0000000000043d10                sbrk
 .text          0x0000000000043dc0      0x150 ../UCOS_practica_bsp/\libucosii_bsp.a(alt_write.o)
                0x0000000000043e10                write
 .text          0x0000000000043f10      0x11c ../UCOS_practica_bsp/\libucosii_bsp.a(alt_env_lock.o)
                0x0000000000043f10                __env_lock
                0x0000000000043fd0                __env_unlock
 .text          0x000000000004402c      0x1f0 ../UCOS_practica_bsp/\libucosii_bsp.a(alt_malloc_lock.o)
                0x000000000004402c                __malloc_lock
                0x000000000004414c                __malloc_unlock
 .text          0x000000000004421c     0x1fe0 ../UCOS_practica_bsp/\libucosii_bsp.a(os_core.o)
                0x000000000004421c                OSEventNameGet
                0x000000000004433c                OSEventNameSet
                0x0000000000044478                OSEventPendMulti
                0x0000000000044a88                OSInit
                0x0000000000044adc                OSIntEnter
                0x0000000000044b58                OSIntExit
                0x0000000000044c4c                OSSchedLock
                0x0000000000044cd4                OSSchedUnlock
                0x0000000000044dac                OSStart
                0x0000000000044e18                OSStatInit
                0x0000000000044ec4                OSTimeTick
                0x00000000000450e0                OSVersion
                0x0000000000045100                OS_Dummy
                0x000000000004511c                OS_EventTaskRdy
                0x00000000000452b4                OS_EventTaskWait
                0x00000000000453c0                OS_EventTaskWaitMulti
                0x000000000004550c                OS_EventTaskRemove
                0x00000000000455c0                OS_EventTaskRemoveMulti
                0x00000000000456bc                OS_EventWaitListInit
                0x0000000000045a80                OS_MemClr
                0x0000000000045ad0                OS_MemCopy
                0x0000000000045b34                OS_Sched
                0x0000000000045c70                OS_StrCopy
                0x0000000000045ce4                OS_StrLen
                0x0000000000045d38                OS_TaskIdle
                0x0000000000045d94                OS_TaskStat
                0x0000000000045e60                OS_TaskStatStkChk
                0x0000000000045f28                OS_TCBInit
 .text          0x00000000000461fc      0x18c ../UCOS_practica_bsp/\libucosii_bsp.a(os_dbg.o)
                0x00000000000461fc                OSDebugInit
 .text          0x0000000000046388     0x181c ../UCOS_practica_bsp/\libucosii_bsp.a(os_flag.o)
                0x0000000000046388                OSFlagAccept
                0x0000000000046690                OSFlagCreate
                0x00000000000467b8                OSFlagDel
                0x0000000000046a28                OSFlagNameGet
                0x0000000000046b58                OSFlagNameSet
                0x0000000000046ca8                OSFlagPend
                0x0000000000047298                OSFlagPendGetFlagsRdy
                0x0000000000047300                OSFlagPost
                0x0000000000047688                OSFlagQuery
                0x0000000000047910                OS_FlagInit
                0x0000000000047b04                OS_FlagUnlink
 .text          0x0000000000047ba4      0x790 ../UCOS_practica_bsp/\libucosii_bsp.a(os_mem.o)
                0x0000000000047ba4                OSMemCreate
                0x0000000000047d98                OSMemGet
                0x0000000000047e88                OSMemNameGet
                0x0000000000047f80                OSMemNameSet
                0x0000000000048098                OSMemPut
                0x0000000000048170                OSMemQuery
                0x0000000000048258                OS_MemInit
 .text          0x0000000000048334     0x1210 ../UCOS_practica_bsp/\libucosii_bsp.a(os_q.o)
                0x0000000000048334                OSQAccept
                0x0000000000048474                OSQCreate
                0x0000000000048670                OSQDel
                0x0000000000048938                OSQFlush
                0x00000000000489f0                OSQPend
                0x0000000000048cec                OSQPendAbort
                0x0000000000048e58                OSQPost
                0x0000000000048fc0                OSQPostFront
                0x0000000000049130                OSQPostOpt
                0x000000000004933c                OSQQuery
                0x0000000000049498                OS_QInit
 .text          0x0000000000049544      0xb08 ../UCOS_practica_bsp/\libucosii_bsp.a(os_sem.o)
                0x0000000000049544                OSSemAccept
                0x00000000000495f4                OSSemCreate
                0x00000000000496f4                OSSemDel
                0x000000000004995c                OSSemPend
                0x0000000000049bc4                OSSemPendAbort
                0x0000000000049d30                OSSemPost
                0x0000000000049e40                OSSemQuery
                0x0000000000049f50                OSSemSet
 .text          0x000000000004a04c     0x18f4 ../UCOS_practica_bsp/\libucosii_bsp.a(os_task.o)
                0x000000000004a04c                OSTaskChangePrio
                0x000000000004a58c                OSTaskCreate
                0x000000000004a748                OSTaskCreateExt
                0x000000000004a934                OSTaskDel
                0x000000000004ad14                OSTaskDelReq
                0x000000000004ae6c                OSTaskNameGet
                0x000000000004b014                OSTaskNameSet
                0x000000000004b1d4                OSTaskResume
                0x000000000004b3cc                OSTaskStkChk
                0x000000000004b594                OSTaskSuspend
                0x000000000004b7a8                OSTaskQuery
                0x000000000004b8d4                OS_TaskStkClr
 .text          0x000000000004b940      0x584 ../UCOS_practica_bsp/\libucosii_bsp.a(os_time.o)
                0x000000000004b940                OSTimeDly
                0x000000000004ba88                OSTimeDlyHMSM
                0x000000000004bc0c                OSTimeDlyResume
                0x000000000004bdfc                OSTimeGet
                0x000000000004be60                OSTimeSet
 .text          0x000000000004bec4       0xe4 ../UCOS_practica_bsp/\libucosii_bsp.a(alt_sys_init.o)
                0x000000000004befc                alt_irq_init
                0x000000000004bf30                alt_sys_init
 .text          0x000000000004bfa8      0x164 ../UCOS_practica_bsp/\libucosii_bsp.a(altera_avalon_jtag_uart_fd.o)
                0x000000000004bfa8                altera_avalon_jtag_uart_read_fd
                0x000000000004c008                altera_avalon_jtag_uart_write_fd
                0x000000000004c068                altera_avalon_jtag_uart_close_fd
                0x000000000004c0b8                altera_avalon_jtag_uart_ioctl_fd
 .text          0x000000000004c10c      0x568 ../UCOS_practica_bsp/\libucosii_bsp.a(altera_avalon_jtag_uart_init.o)
                0x000000000004c10c                altera_avalon_jtag_uart_init
                0x000000000004c60c                altera_avalon_jtag_uart_close
 .text          0x000000000004c674       0xec ../UCOS_practica_bsp/\libucosii_bsp.a(altera_avalon_jtag_uart_ioctl.o)
                0x000000000004c674                altera_avalon_jtag_uart_ioctl
 .text          0x000000000004c760      0x2b4 ../UCOS_practica_bsp/\libucosii_bsp.a(altera_avalon_jtag_uart_read.o)
                0x000000000004c760                altera_avalon_jtag_uart_read
 .text          0x000000000004ca14      0x2c0 ../UCOS_practica_bsp/\libucosii_bsp.a(altera_avalon_jtag_uart_write.o)
                0x000000000004ca14                altera_avalon_jtag_uart_write
 .text          0x000000000004ccd4       0xfc ../UCOS_practica_bsp/\libucosii_bsp.a(altera_avalon_timer_sc.o)
                0x000000000004cd48                alt_avalon_timer_sc_init
 .text          0x000000000004cdd0      0x110 ../UCOS_practica_bsp/\libucosii_bsp.a(altera_avalon_uart_fd.o)
                0x000000000004cdd0                altera_avalon_uart_read_fd
                0x000000000004ce30                altera_avalon_uart_write_fd
                0x000000000004ce90                altera_avalon_uart_close_fd
 .text          0x000000000004cee0      0x524 ../UCOS_practica_bsp/\libucosii_bsp.a(altera_avalon_uart_init.o)
                0x000000000004cee0                altera_avalon_uart_init
                0x000000000004d3b0                altera_avalon_uart_close
 .text          0x000000000004d404      0x2b8 ../UCOS_practica_bsp/\libucosii_bsp.a(altera_avalon_uart_read.o)
                0x000000000004d454                altera_avalon_uart_read
 .text          0x000000000004d6bc      0x288 ../UCOS_practica_bsp/\libucosii_bsp.a(altera_avalon_uart_write.o)
                0x000000000004d70c                altera_avalon_uart_write
 .text          0x000000000004d944      0x140 ../UCOS_practica_bsp/\libucosii_bsp.a(alt_alarm_start.o)
                0x000000000004d944                alt_alarm_start
 .text          0x000000000004da84       0x1c ../UCOS_practica_bsp/\libucosii_bsp.a(alt_dcache_flush_all.o)
                0x000000000004da84                alt_dcache_flush_all
 .text          0x000000000004daa0       0xf4 ../UCOS_practica_bsp/\libucosii_bsp.a(alt_dev_llist_insert.o)
                0x000000000004daf0                alt_dev_llist_insert
 .text          0x000000000004db94       0x5c ../UCOS_practica_bsp/\libucosii_bsp.a(alt_do_ctors.o)
                0x000000000004db94                _do_ctors
 .text          0x000000000004dbf0       0x5c ../UCOS_practica_bsp/\libucosii_bsp.a(alt_do_dtors.o)
                0x000000000004dbf0                _do_dtors
 .text          0x000000000004dc4c       0x1c ../UCOS_practica_bsp/\libucosii_bsp.a(alt_icache_flush_all.o)
                0x000000000004dc4c                alt_icache_flush_all
 .text          0x000000000004dc68      0x1e0 ../UCOS_practica_bsp/\libucosii_bsp.a(alt_iic.o)
                0x000000000004dc68                alt_ic_isr_register
                0x000000000004dcb8                alt_ic_irq_enable
                0x000000000004dd58                alt_ic_irq_disable
                0x000000000004ddfc                alt_ic_irq_enabled
 .text          0x000000000004de48       0xf0 ../UCOS_practica_bsp/\libucosii_bsp.a(alt_iic_isr_register.o)
                0x000000000004de48                alt_iic_isr_register
 .text          0x000000000004df38      0x158 ../UCOS_practica_bsp/\libucosii_bsp.a(alt_io_redirect.o)
                0x000000000004e018                alt_io_redirect
 .text          0x000000000004e090        0x0 ../UCOS_practica_bsp/\libucosii_bsp.a(alt_irq_entry.o)
 .text          0x000000000004e090        0x0 ../UCOS_practica_bsp/\libucosii_bsp.a(alt_irq_handler.o)
 .text          0x000000000004e090        0x0 ../UCOS_practica_bsp/\libucosii_bsp.a(alt_irq_vars.o)
 .text          0x000000000004e090      0x2a4 ../UCOS_practica_bsp/\libucosii_bsp.a(alt_open.o)
                0x000000000004e1d4                open
 .text          0x000000000004e334      0x19c ../UCOS_practica_bsp/\libucosii_bsp.a(alt_tick.o)
                0x000000000004e334                alt_alarm_stop
                0x000000000004e3cc                alt_tick
 .text          0x000000000004e4d0       0x20 ../UCOS_practica_bsp/\libucosii_bsp.a(altera_nios2_gen2_irq.o)
                0x000000000004e4d0                altera_nios2_gen2_irq_init
 .text          0x000000000004e4f0       0xd0 ../UCOS_practica_bsp/\libucosii_bsp.a(os_cpu_a.o)
                0x000000000004e4f0                OSCtxSw
                0x000000000004e4f0                OSIntCtxSw
                0x000000000004e57c                OSStartHighRdy
                0x000000000004e59c                OSStartTsk
 .text          0x000000000004e5c0      0x3fc ../UCOS_practica_bsp/\libucosii_bsp.a(os_cpu_c.o)
                0x000000000004e5c0                OSTaskStkInit
                0x000000000004e8b4                OSTaskCreateHook
                0x000000000004e8d4                OSTaskDelHook
                0x000000000004e8f4                OSTaskSwHook
                0x000000000004e910                OSTaskStatHook
                0x000000000004e92c                OSTimeTickHook
                0x000000000004e948                OSInitHookBegin
                0x000000000004e964                OSInitHookEnd
                0x000000000004e980                OSTaskIdleHook
                0x000000000004e99c                OSTCBInitHook
 .text          0x000000000004e9bc        0x0 ../UCOS_practica_bsp/\libucosii_bsp.a(alt_exception_entry.o)
 .text          0x000000000004e9bc       0x90 ../UCOS_practica_bsp/\libucosii_bsp.a(alt_find_dev.o)
                0x000000000004e9bc                alt_find_dev
 .text          0x000000000004ea4c      0x114 ../UCOS_practica_bsp/\libucosii_bsp.a(alt_find_file.o)
                0x000000000004ea4c                alt_find_file
 .text          0x000000000004eb60      0x114 ../UCOS_practica_bsp/\libucosii_bsp.a(alt_get_fd.o)
                0x000000000004eb60                alt_get_fd
 .text          0x000000000004ec74       0x9c ../UCOS_practica_bsp/\libucosii_bsp.a(alt_instruction_exception_entry.o)
                0x000000000004ec74                alt_exception_cause_generated_bad_addr
 .text          0x000000000004ed10       0x14 c:/altera/15.0/nios2eds/bin/gnu/h-x86_64-mingw32/bin/../lib/gcc/nios2-elf/4.9.1/../../../../../H-x86_64-mingw32/nios2-elf/lib/mno-hw-mul\libc.a(lib_a-atexit.o)
                0x000000000004ed10                atexit
 .text          0x000000000004ed24       0x38 c:/altera/15.0/nios2eds/bin/gnu/h-x86_64-mingw32/bin/../lib/gcc/nios2-elf/4.9.1/../../../../../H-x86_64-mingw32/nios2-elf/lib/mno-hw-mul\libc.a(lib_a-exit.o)
                0x000000000004ed24                exit
 .text          0x000000000004ed5c       0x7c c:/altera/15.0/nios2eds/bin/gnu/h-x86_64-mingw32/bin/../lib/gcc/nios2-elf/4.9.1/../../../../../H-x86_64-mingw32/nios2-elf/lib/mno-hw-mul\libc.a(lib_a-memcmp.o)
                0x000000000004ed5c                memcmp
 .text          0x000000000004edd8      0x114 c:/altera/15.0/nios2eds/bin/gnu/h-x86_64-mingw32/bin/../lib/gcc/nios2-elf/4.9.1/../../../../../H-x86_64-mingw32/nios2-elf/lib/mno-hw-mul\libc.a(lib_a-__atexit.o)
                0x000000000004edd8                __register_exitproc
 .text          0x000000000004eeec      0x194 c:/altera/15.0/nios2eds/bin/gnu/h-x86_64-mingw32/bin/../lib/gcc/nios2-elf/4.9.1/../../../../../H-x86_64-mingw32/nios2-elf/lib/mno-hw-mul\libc.a(lib_a-__call_atexit.o)
                0x000000000004eeec                __call_exitprocs
 .text          0x000000000004f080      0x12c c:/altera/15.0/nios2eds/bin/gnu/h-x86_64-mingw32/bin/../lib/gcc/nios2-elf/4.9.1/mno-hw-mul\libgcc.a(lib2-divmod.o)
                0x000000000004f0ec                __divsi3
                0x000000000004f140                __modsi3
                0x000000000004f19c                __udivsi3
                0x000000000004f1a4                __umodsi3
 .text          0x000000000004f1ac       0x3c ../UCOS_practica_bsp/\libucosii_bsp.a(alt_exit.o)
                0x000000000004f1ac                _exit
 *(.gnu.warning.*)
 *(.fini)
                0x000000000004f1e8                PROVIDE (__etext, ABSOLUTE (.))
                0x000000000004f1e8                PROVIDE (_etext, ABSOLUTE (.))
                0x000000000004f1e8                PROVIDE (etext, ABSOLUTE (.))
 *(.eh_frame_hdr)
                0x000000000004f1e8                . = ALIGN (0x4)
                0x000000000004f1e8                PROVIDE (__preinit_array_start, ABSOLUTE (.))
 *(.preinit_array)
                0x000000000004f1e8                PROVIDE (__preinit_array_end, ABSOLUTE (.))
                0x000000000004f1e8                PROVIDE (__init_array_start, ABSOLUTE (.))
 *(.init_array)
                0x000000000004f1e8                PROVIDE (__init_array_end, ABSOLUTE (.))
                0x000000000004f1e8                PROVIDE (__fini_array_start, ABSOLUTE (.))
 *(.fini_array)
                0x000000000004f1e8                PROVIDE (__fini_array_end, ABSOLUTE (.))
 *(.eh_frame)
 *(.gcc_except_table .gcc_except_table.*)
 *(.dynamic)
                0x000000000004f1e8                PROVIDE (__CTOR_LIST__, ABSOLUTE (.))
 *(.ctors)
 *(SORT(.ctors.*))
                0x000000000004f1e8                PROVIDE (__CTOR_END__, ABSOLUTE (.))
                0x000000000004f1e8                PROVIDE (__DTOR_LIST__, ABSOLUTE (.))
 *(.dtors)
 *(SORT(.dtors.*))
                0x000000000004f1e8                PROVIDE (__DTOR_END__, ABSOLUTE (.))
 *(.jcr)
                0x000000000004f1e8                . = ALIGN (0x4)

.rodata         0x000000000004f1e8      0x17c
                0x000000000004f1e8                PROVIDE (__ram_rodata_start, ABSOLUTE (.))
                0x000000000004f1e8                . = ALIGN (0x4)
 *(.rodata .rodata.* .gnu.linkonce.r.*)
 .rodata.str1.4
                0x000000000004f1e8       0x18 obj/default/hello_ucosii.o
 .rodata.str1.4
                0x000000000004f200        0x2 c:/altera/15.0/nios2eds/bin/gnu/h-x86_64-mingw32/bin/../lib/gcc/nios2-elf/4.9.1/../../../../../H-x86_64-mingw32/nios2-elf/lib/mno-hw-mul\libc.a(lib_a-puts.o)
                                          0x4 (size before relaxing)
 *fill*         0x000000000004f202        0x2 
 .rodata.str1.4
                0x000000000004f204        0x4 c:/altera/15.0/nios2eds/bin/gnu/h-x86_64-mingw32/bin/../lib/gcc/nios2-elf/4.9.1/../../../../../H-x86_64-mingw32/nios2-elf/lib/mno-hw-mul\libc.a(lib_a-impure.o)
 .rodata        0x000000000004f208        0xc ../UCOS_practica_bsp/\libucosii_bsp.a(alt_dev.o)
 .rodata        0x000000000004f214       0x10 ../UCOS_practica_bsp/\libucosii_bsp.a(alt_main.o)
 .rodata        0x000000000004f224      0x120 ../UCOS_practica_bsp/\libucosii_bsp.a(os_core.o)
                0x000000000004f224                OSUnMapTbl
 .rodata        0x000000000004f344       0x1c ../UCOS_practica_bsp/\libucosii_bsp.a(alt_sys_init.o)
 .rodata        0x000000000004f360        0x4 ../UCOS_practica_bsp/\libucosii_bsp.a(os_cpu_c.o)
 *(.rodata1)
                0x000000000004f364                . = ALIGN (0x4)
                0x000000000004f364                PROVIDE (__ram_rodata_end, ABSOLUTE (.))
                0x000000000004f1e8                PROVIDE (__flash_rodata_start, LOADADDR (.rodata))

.rwdata         0x000000000004f364     0x1bc4 load address 0x0000000000050f28
                0x000000000004f364                PROVIDE (__ram_rwdata_start, ABSOLUTE (.))
                0x000000000004f364                . = ALIGN (0x4)
 *(.got.plt)
 *(.got)
 *(.data1)
 *(.data .data.* .gnu.linkonce.d.*)
 .data          0x000000000004f364        0x0 ../UCOS_practica_bsp//obj/HAL/src/crt0.o
 .data          0x000000000004f364        0x0 obj/default/hello_ucosii.o
 .data          0x000000000004f364        0x0 c:/altera/15.0/nios2eds/bin/gnu/h-x86_64-mingw32/bin/../lib/gcc/nios2-elf/4.9.1/../../../../../H-x86_64-mingw32/nios2-elf/lib/mno-hw-mul\libc.a(lib_a-puts.o)
 .data          0x000000000004f364        0x0 c:/altera/15.0/nios2eds/bin/gnu/h-x86_64-mingw32/bin/../lib/gcc/nios2-elf/4.9.1/../../../../../H-x86_64-mingw32/nios2-elf/lib/mno-hw-mul\libc.a(lib_a-strlen.o)
 .data          0x000000000004f364        0x0 c:/altera/15.0/nios2eds/bin/gnu/h-x86_64-mingw32/bin/../lib/gcc/nios2-elf/4.9.1/../../../../../H-x86_64-mingw32/nios2-elf/lib/mno-hw-mul\libc.a(lib_a-fvwrite.o)
 .data          0x000000000004f364      0x424 c:/altera/15.0/nios2eds/bin/gnu/h-x86_64-mingw32/bin/../lib/gcc/nios2-elf/4.9.1/../../../../../H-x86_64-mingw32/nios2-elf/lib/mno-hw-mul\libc.a(lib_a-impure.o)
 .data          0x000000000004f788      0x408 c:/altera/15.0/nios2eds/bin/gnu/h-x86_64-mingw32/bin/../lib/gcc/nios2-elf/4.9.1/../../../../../H-x86_64-mingw32/nios2-elf/lib/mno-hw-mul\libc.a(lib_a-mallocr.o)
                0x000000000004f788                __malloc_av_
 .data          0x000000000004fb90        0x0 c:/altera/15.0/nios2eds/bin/gnu/h-x86_64-mingw32/bin/../lib/gcc/nios2-elf/4.9.1/../../../../../H-x86_64-mingw32/nios2-elf/lib/mno-hw-mul\libc.a(lib_a-memchr.o)
 .data          0x000000000004fb90        0x0 c:/altera/15.0/nios2eds/bin/gnu/h-x86_64-mingw32/bin/../lib/gcc/nios2-elf/4.9.1/../../../../../H-x86_64-mingw32/nios2-elf/lib/mno-hw-mul\libc.a(lib_a-memcpy.o)
 .data          0x000000000004fb90        0x0 c:/altera/15.0/nios2eds/bin/gnu/h-x86_64-mingw32/bin/../lib/gcc/nios2-elf/4.9.1/../../../../../H-x86_64-mingw32/nios2-elf/lib/mno-hw-mul\libc.a(lib_a-memmove.o)
 .data          0x000000000004fb90        0x0 c:/altera/15.0/nios2eds/bin/gnu/h-x86_64-mingw32/bin/../lib/gcc/nios2-elf/4.9.1/../../../../../H-x86_64-mingw32/nios2-elf/lib/mno-hw-mul\libc.a(lib_a-reallocr.o)
 .data          0x000000000004fb90        0x0 c:/altera/15.0/nios2eds/bin/gnu/h-x86_64-mingw32/bin/../lib/gcc/nios2-elf/4.9.1/../../../../../H-x86_64-mingw32/nios2-elf/lib/mno-hw-mul\libc.a(lib_a-sbrkr.o)
 .data          0x000000000004fb90        0x0 c:/altera/15.0/nios2eds/bin/gnu/h-x86_64-mingw32/bin/../lib/gcc/nios2-elf/4.9.1/../../../../../H-x86_64-mingw32/nios2-elf/lib/mno-hw-mul\libc.a(lib_a-wsetup.o)
 .data          0x000000000004fb90        0x0 c:/altera/15.0/nios2eds/bin/gnu/h-x86_64-mingw32/bin/../lib/gcc/nios2-elf/4.9.1/../../../../../H-x86_64-mingw32/nios2-elf/lib/mno-hw-mul\libc.a(lib_a-fflush.o)
 .data          0x000000000004fb90        0x0 c:/altera/15.0/nios2eds/bin/gnu/h-x86_64-mingw32/bin/../lib/gcc/nios2-elf/4.9.1/../../../../../H-x86_64-mingw32/nios2-elf/lib/mno-hw-mul\libc.a(lib_a-findfp.o)
 .data          0x000000000004fb90        0x0 c:/altera/15.0/nios2eds/bin/gnu/h-x86_64-mingw32/bin/../lib/gcc/nios2-elf/4.9.1/../../../../../H-x86_64-mingw32/nios2-elf/lib/mno-hw-mul\libc.a(lib_a-freer.o)
 .data          0x000000000004fb90        0x0 c:/altera/15.0/nios2eds/bin/gnu/h-x86_64-mingw32/bin/../lib/gcc/nios2-elf/4.9.1/../../../../../H-x86_64-mingw32/nios2-elf/lib/mno-hw-mul\libc.a(lib_a-fwalk.o)
 .data          0x000000000004fb90        0x0 c:/altera/15.0/nios2eds/bin/gnu/h-x86_64-mingw32/bin/../lib/gcc/nios2-elf/4.9.1/../../../../../H-x86_64-mingw32/nios2-elf/lib/mno-hw-mul\libc.a(lib_a-int_errno.o)
 .data          0x000000000004fb90        0x0 c:/altera/15.0/nios2eds/bin/gnu/h-x86_64-mingw32/bin/../lib/gcc/nios2-elf/4.9.1/../../../../../H-x86_64-mingw32/nios2-elf/lib/mno-hw-mul\libc.a(lib_a-makebuf.o)
 .data          0x000000000004fb90        0x0 c:/altera/15.0/nios2eds/bin/gnu/h-x86_64-mingw32/bin/../lib/gcc/nios2-elf/4.9.1/../../../../../H-x86_64-mingw32/nios2-elf/lib/mno-hw-mul\libc.a(lib_a-memset.o)
 .data          0x000000000004fb90        0x0 c:/altera/15.0/nios2eds/bin/gnu/h-x86_64-mingw32/bin/../lib/gcc/nios2-elf/4.9.1/../../../../../H-x86_64-mingw32/nios2-elf/lib/mno-hw-mul\libc.a(lib_a-stdio.o)
 .data          0x000000000004fb90        0x0 c:/altera/15.0/nios2eds/bin/gnu/h-x86_64-mingw32/bin/../lib/gcc/nios2-elf/4.9.1/../../../../../H-x86_64-mingw32/nios2-elf/lib/mno-hw-mul\libc.a(lib_a-writer.o)
 .data          0x000000000004fb90        0x0 c:/altera/15.0/nios2eds/bin/gnu/h-x86_64-mingw32/bin/../lib/gcc/nios2-elf/4.9.1/../../../../../H-x86_64-mingw32/nios2-elf/lib/mno-hw-mul\libc.a(closer.o)
 .data          0x000000000004fb90        0x0 c:/altera/15.0/nios2eds/bin/gnu/h-x86_64-mingw32/bin/../lib/gcc/nios2-elf/4.9.1/../../../../../H-x86_64-mingw32/nios2-elf/lib/mno-hw-mul\libc.a(lib_a-fclose.o)
 .data          0x000000000004fb90        0x0 c:/altera/15.0/nios2eds/bin/gnu/h-x86_64-mingw32/bin/../lib/gcc/nios2-elf/4.9.1/../../../../../H-x86_64-mingw32/nios2-elf/lib/mno-hw-mul\libc.a(lib_a-fstatr.o)
 .data          0x000000000004fb90        0x0 c:/altera/15.0/nios2eds/bin/gnu/h-x86_64-mingw32/bin/../lib/gcc/nios2-elf/4.9.1/../../../../../H-x86_64-mingw32/nios2-elf/lib/mno-hw-mul\libc.a(lib_a-isattyr.o)
 .data          0x000000000004fb90        0x0 c:/altera/15.0/nios2eds/bin/gnu/h-x86_64-mingw32/bin/../lib/gcc/nios2-elf/4.9.1/../../../../../H-x86_64-mingw32/nios2-elf/lib/mno-hw-mul\libc.a(lib_a-lseekr.o)
 .data          0x000000000004fb90        0x0 c:/altera/15.0/nios2eds/bin/gnu/h-x86_64-mingw32/bin/../lib/gcc/nios2-elf/4.9.1/../../../../../H-x86_64-mingw32/nios2-elf/lib/mno-hw-mul\libc.a(lib_a-readr.o)
 .data          0x000000000004fb90        0x0 c:/altera/15.0/nios2eds/bin/gnu/h-x86_64-mingw32/bin/../lib/gcc/nios2-elf/4.9.1/mno-hw-mul\libgcc.a(lib2-mul.o)
 .data          0x000000000004fb90        0x0 ../UCOS_practica_bsp/\libucosii_bsp.a(alt_close.o)
 .data          0x000000000004fb90      0x1a8 ../UCOS_practica_bsp/\libucosii_bsp.a(alt_dev.o)
                0x000000000004fb90                alt_dev_null
                0x000000000004fbb8                alt_fd_list
 .data          0x000000000004fd38        0x0 ../UCOS_practica_bsp/\libucosii_bsp.a(alt_errno.o)
 .data          0x000000000004fd38        0x0 ../UCOS_practica_bsp/\libucosii_bsp.a(alt_fstat.o)
 .data          0x000000000004fd38        0x0 ../UCOS_practica_bsp/\libucosii_bsp.a(alt_isatty.o)
 .data          0x000000000004fd38        0x0 ../UCOS_practica_bsp/\libucosii_bsp.a(alt_load.o)
 .data          0x000000000004fd38        0x0 ../UCOS_practica_bsp/\libucosii_bsp.a(alt_lseek.o)
 .data          0x000000000004fd38        0x0 ../UCOS_practica_bsp/\libucosii_bsp.a(alt_main.o)
 .data          0x000000000004fd38        0x0 ../UCOS_practica_bsp/\libucosii_bsp.a(alt_read.o)
 .data          0x000000000004fd38        0x0 ../UCOS_practica_bsp/\libucosii_bsp.a(alt_release_fd.o)
 .data          0x000000000004fd38        0x0 ../UCOS_practica_bsp/\libucosii_bsp.a(alt_sbrk.o)
 .data          0x000000000004fd38        0x0 ../UCOS_practica_bsp/\libucosii_bsp.a(alt_write.o)
 .data          0x000000000004fd38        0x0 ../UCOS_practica_bsp/\libucosii_bsp.a(alt_env_lock.o)
 .data          0x000000000004fd38        0x0 ../UCOS_practica_bsp/\libucosii_bsp.a(alt_malloc_lock.o)
 .data          0x000000000004fd38        0x0 ../UCOS_practica_bsp/\libucosii_bsp.a(os_core.o)
 .data          0x000000000004fd38        0x0 ../UCOS_practica_bsp/\libucosii_bsp.a(os_dbg.o)
 .data          0x000000000004fd38        0x0 ../UCOS_practica_bsp/\libucosii_bsp.a(os_flag.o)
 .data          0x000000000004fd38        0x0 ../UCOS_practica_bsp/\libucosii_bsp.a(os_mem.o)
 .data          0x000000000004fd38        0x0 ../UCOS_practica_bsp/\libucosii_bsp.a(os_q.o)
 .data          0x000000000004fd38        0x0 ../UCOS_practica_bsp/\libucosii_bsp.a(os_sem.o)
 .data          0x000000000004fd38        0x0 ../UCOS_practica_bsp/\libucosii_bsp.a(os_task.o)
 .data          0x000000000004fd38        0x0 ../UCOS_practica_bsp/\libucosii_bsp.a(os_time.o)
 .data          0x000000000004fd38     0x113c ../UCOS_practica_bsp/\libucosii_bsp.a(alt_sys_init.o)
 .data          0x0000000000050e74        0x0 ../UCOS_practica_bsp/\libucosii_bsp.a(altera_avalon_jtag_uart_fd.o)
 .data          0x0000000000050e74        0x0 ../UCOS_practica_bsp/\libucosii_bsp.a(altera_avalon_jtag_uart_init.o)
 .data          0x0000000000050e74        0x0 ../UCOS_practica_bsp/\libucosii_bsp.a(altera_avalon_jtag_uart_ioctl.o)
 .data          0x0000000000050e74        0x0 ../UCOS_practica_bsp/\libucosii_bsp.a(altera_avalon_jtag_uart_read.o)
 .data          0x0000000000050e74        0x0 ../UCOS_practica_bsp/\libucosii_bsp.a(altera_avalon_jtag_uart_write.o)
 .data          0x0000000000050e74        0x0 ../UCOS_practica_bsp/\libucosii_bsp.a(altera_avalon_timer_sc.o)
 .data          0x0000000000050e74        0x0 ../UCOS_practica_bsp/\libucosii_bsp.a(altera_avalon_uart_fd.o)
 .data          0x0000000000050e74        0x0 ../UCOS_practica_bsp/\libucosii_bsp.a(altera_avalon_uart_init.o)
 .data          0x0000000000050e74        0x0 ../UCOS_practica_bsp/\libucosii_bsp.a(altera_avalon_uart_read.o)
 .data          0x0000000000050e74        0x0 ../UCOS_practica_bsp/\libucosii_bsp.a(altera_avalon_uart_write.o)
 .data          0x0000000000050e74        0x0 ../UCOS_practica_bsp/\libucosii_bsp.a(alt_alarm_start.o)
 .data          0x0000000000050e74        0x0 ../UCOS_practica_bsp/\libucosii_bsp.a(alt_dcache_flush_all.o)
 .data          0x0000000000050e74        0x0 ../UCOS_practica_bsp/\libucosii_bsp.a(alt_dev_llist_insert.o)
 .data          0x0000000000050e74        0x0 ../UCOS_practica_bsp/\libucosii_bsp.a(alt_do_ctors.o)
 .data          0x0000000000050e74        0x0 ../UCOS_practica_bsp/\libucosii_bsp.a(alt_do_dtors.o)
 .data          0x0000000000050e74        0x0 ../UCOS_practica_bsp/\libucosii_bsp.a(alt_icache_flush_all.o)
 .data          0x0000000000050e74        0x0 ../UCOS_practica_bsp/\libucosii_bsp.a(alt_iic.o)
 .data          0x0000000000050e74        0x0 ../UCOS_practica_bsp/\libucosii_bsp.a(alt_iic_isr_register.o)
 .data          0x0000000000050e74        0x0 ../UCOS_practica_bsp/\libucosii_bsp.a(alt_io_redirect.o)
 .data          0x0000000000050e74        0x0 ../UCOS_practica_bsp/\libucosii_bsp.a(alt_irq_entry.o)
 .data          0x0000000000050e74        0x0 ../UCOS_practica_bsp/\libucosii_bsp.a(alt_irq_handler.o)
 .data          0x0000000000050e74        0x0 ../UCOS_practica_bsp/\libucosii_bsp.a(alt_irq_vars.o)
 .data          0x0000000000050e74        0x0 ../UCOS_practica_bsp/\libucosii_bsp.a(alt_open.o)
 .data          0x0000000000050e74        0x0 ../UCOS_practica_bsp/\libucosii_bsp.a(alt_tick.o)
 .data          0x0000000000050e74        0x0 ../UCOS_practica_bsp/\libucosii_bsp.a(altera_nios2_gen2_irq.o)
 .data          0x0000000000050e74        0x0 ../UCOS_practica_bsp/\libucosii_bsp.a(os_cpu_a.o)
 .data          0x0000000000050e74        0x0 ../UCOS_practica_bsp/\libucosii_bsp.a(os_cpu_c.o)
 .data          0x0000000000050e74        0x0 ../UCOS_practica_bsp/\libucosii_bsp.a(alt_exception_entry.o)
 .data          0x0000000000050e74        0x0 ../UCOS_practica_bsp/\libucosii_bsp.a(alt_find_dev.o)
 .data          0x0000000000050e74        0x0 ../UCOS_practica_bsp/\libucosii_bsp.a(alt_find_file.o)
 .data          0x0000000000050e74        0x0 ../UCOS_practica_bsp/\libucosii_bsp.a(alt_get_fd.o)
 .data          0x0000000000050e74        0x0 ../UCOS_practica_bsp/\libucosii_bsp.a(alt_instruction_exception_entry.o)
 .data          0x0000000000050e74        0x0 c:/altera/15.0/nios2eds/bin/gnu/h-x86_64-mingw32/bin/../lib/gcc/nios2-elf/4.9.1/../../../../../H-x86_64-mingw32/nios2-elf/lib/mno-hw-mul\libc.a(lib_a-atexit.o)
 .data          0x0000000000050e74        0x0 c:/altera/15.0/nios2eds/bin/gnu/h-x86_64-mingw32/bin/../lib/gcc/nios2-elf/4.9.1/../../../../../H-x86_64-mingw32/nios2-elf/lib/mno-hw-mul\libc.a(lib_a-exit.o)
 .data          0x0000000000050e74        0x0 c:/altera/15.0/nios2eds/bin/gnu/h-x86_64-mingw32/bin/../lib/gcc/nios2-elf/4.9.1/../../../../../H-x86_64-mingw32/nios2-elf/lib/mno-hw-mul\libc.a(lib_a-memcmp.o)
 .data          0x0000000000050e74        0x0 c:/altera/15.0/nios2eds/bin/gnu/h-x86_64-mingw32/bin/../lib/gcc/nios2-elf/4.9.1/../../../../../H-x86_64-mingw32/nios2-elf/lib/mno-hw-mul\libc.a(lib_a-__atexit.o)
 .data          0x0000000000050e74        0x0 c:/altera/15.0/nios2eds/bin/gnu/h-x86_64-mingw32/bin/../lib/gcc/nios2-elf/4.9.1/../../../../../H-x86_64-mingw32/nios2-elf/lib/mno-hw-mul\libc.a(lib_a-__call_atexit.o)
 .data          0x0000000000050e74        0x0 c:/altera/15.0/nios2eds/bin/gnu/h-x86_64-mingw32/bin/../lib/gcc/nios2-elf/4.9.1/mno-hw-mul\libgcc.a(lib2-divmod.o)
 .data          0x0000000000050e74        0x0 ../UCOS_practica_bsp/\libucosii_bsp.a(alt_exit.o)
                0x0000000000058e74                _gp = ABSOLUTE ((. + 0x8000))
                0x0000000000058e74                PROVIDE (gp, _gp)
 *(.rwdata .rwdata.*)
 *(.sdata .sdata.* .gnu.linkonce.s.*)
 .sdata         0x0000000000050e74        0x8 c:/altera/15.0/nios2eds/bin/gnu/h-x86_64-mingw32/bin/../lib/gcc/nios2-elf/4.9.1/../../../../../H-x86_64-mingw32/nios2-elf/lib/mno-hw-mul\libc.a(lib_a-impure.o)
                0x0000000000050e74                _global_impure_ptr
                0x0000000000050e78                _impure_ptr
 .sdata         0x0000000000050e7c        0x8 c:/altera/15.0/nios2eds/bin/gnu/h-x86_64-mingw32/bin/../lib/gcc/nios2-elf/4.9.1/../../../../../H-x86_64-mingw32/nios2-elf/lib/mno-hw-mul\libc.a(lib_a-mallocr.o)
                0x0000000000050e7c                __malloc_sbrk_base
                0x0000000000050e80                __malloc_trim_threshold
 .sdata         0x0000000000050e84       0x14 ../UCOS_practica_bsp/\libucosii_bsp.a(alt_dev.o)
                0x0000000000050e84                alt_fs_list
                0x0000000000050e8c                alt_dev_list
                0x0000000000050e94                alt_max_fd
 .sdata         0x0000000000050e98        0x4 ../UCOS_practica_bsp/\libucosii_bsp.a(alt_errno.o)
                0x0000000000050e98                alt_errno
 .sdata         0x0000000000050e9c        0x4 ../UCOS_practica_bsp/\libucosii_bsp.a(alt_sbrk.o)
 .sdata         0x0000000000050ea0        0x4 ../UCOS_practica_bsp/\libucosii_bsp.a(alt_env_lock.o)
 .sdata         0x0000000000050ea4        0x4 ../UCOS_practica_bsp/\libucosii_bsp.a(alt_malloc_lock.o)
 .sdata         0x0000000000050ea8       0x74 ../UCOS_practica_bsp/\libucosii_bsp.a(os_dbg.o)
                0x0000000000050ea8                OSDebugEn
                0x0000000000050eac                OSEndiannessTest
                0x0000000000050eb0                OSEventEn
                0x0000000000050eb2                OSEventMax
                0x0000000000050eb4                OSEventNameSize
                0x0000000000050eb6                OSEventSize
                0x0000000000050eb8                OSEventTblSize
                0x0000000000050eba                OSEventMultiEn
                0x0000000000050ebc                OSFlagEn
                0x0000000000050ebe                OSFlagGrpSize
                0x0000000000050ec0                OSFlagNodeSize
                0x0000000000050ec2                OSFlagWidth
                0x0000000000050ec4                OSFlagMax
                0x0000000000050ec6                OSFlagNameSize
                0x0000000000050ec8                OSLowestPrio
                0x0000000000050eca                OSMboxEn
                0x0000000000050ecc                OSMemEn
                0x0000000000050ece                OSMemMax
                0x0000000000050ed0                OSMemNameSize
                0x0000000000050ed2                OSMemSize
                0x0000000000050ed4                OSMemTblSize
                0x0000000000050ed6                OSMutexEn
                0x0000000000050ed8                OSPtrSize
                0x0000000000050eda                OSQEn
                0x0000000000050edc                OSQMax
                0x0000000000050ede                OSQSize
                0x0000000000050ee0                OSRdyTblSize
                0x0000000000050ee2                OSSemEn
                0x0000000000050ee4                OSStkWidth
                0x0000000000050ee6                OSTaskCreateEn
                0x0000000000050ee8                OSTaskCreateExtEn
                0x0000000000050eea                OSTaskDelEn
                0x0000000000050eec                OSTaskIdleStkSize
                0x0000000000050eee                OSTaskProfileEn
                0x0000000000050ef0                OSTaskMax
                0x0000000000050ef2                OSTaskNameSize
                0x0000000000050ef4                OSTaskStatEn
                0x0000000000050ef6                OSTaskStatStkSize
                0x0000000000050ef8                OSTaskStatStkChkEn
                0x0000000000050efa                OSTaskSwHookEn
                0x0000000000050efc                OSTCBPrioTblMax
                0x0000000000050efe                OSTCBSize
                0x0000000000050f00                OSTicksPerSec
                0x0000000000050f02                OSTimeTickHookEn
                0x0000000000050f04                OSVersionNbr
                0x0000000000050f06                OSTmrEn
                0x0000000000050f08                OSTmrCfgMax
                0x0000000000050f0a                OSTmrCfgNameSize
                0x0000000000050f0c                OSTmrCfgWheelSize
                0x0000000000050f0e                OSTmrCfgTicksPerSec
                0x0000000000050f10                OSTmrSize
                0x0000000000050f12                OSTmrTblSize
                0x0000000000050f14                OSTmrWheelSize
                0x0000000000050f16                OSTmrWheelTblSize
                0x0000000000050f18                OSDataSize
 .sdata         0x0000000000050f1c        0x4 ../UCOS_practica_bsp/\libucosii_bsp.a(alt_irq_vars.o)
                0x0000000000050f1c                alt_priority_mask
 .sdata         0x0000000000050f20        0x8 ../UCOS_practica_bsp/\libucosii_bsp.a(alt_tick.o)
                0x0000000000050f20                alt_alarm_list
 *(.sdata2 .sdata2.* .gnu.linkonce.s2.*)
                0x0000000000050f28                . = ALIGN (0x4)
                0x0000000000050f28                _edata = ABSOLUTE (.)
                0x0000000000050f28                PROVIDE (edata, ABSOLUTE (.))
                0x0000000000050f28                PROVIDE (__ram_rwdata_end, ABSOLUTE (.))
                0x0000000000050f28                PROVIDE (__flash_rwdata_start, LOADADDR (.rwdata))

.bss            0x0000000000052aec     0x93dc
                0x0000000000052aec                __bss_start = ABSOLUTE (.)
                0x0000000000052aec                PROVIDE (__sbss_start, ABSOLUTE (.))
                0x0000000000052aec                PROVIDE (___sbss_start, ABSOLUTE (.))
 *(.dynsbss)
 *(.sbss .sbss.* .gnu.linkonce.sb.*)
 .sbss          0x0000000000052aec        0xc c:/altera/15.0/nios2eds/bin/gnu/h-x86_64-mingw32/bin/../lib/gcc/nios2-elf/4.9.1/../../../../../H-x86_64-mingw32/nios2-elf/lib/mno-hw-mul\libc.a(lib_a-mallocr.o)
                0x0000000000052aec                __malloc_max_total_mem
                0x0000000000052af0                __malloc_max_sbrked_mem
                0x0000000000052af4                __malloc_top_pad
 .sbss          0x0000000000052af8        0x4 c:/altera/15.0/nios2eds/bin/gnu/h-x86_64-mingw32/bin/../lib/gcc/nios2-elf/4.9.1/../../../../../H-x86_64-mingw32/nios2-elf/lib/mno-hw-mul\libc.a(lib_a-int_errno.o)
                0x0000000000052af8                errno
 .sbss          0x0000000000052afc        0x4 ../UCOS_practica_bsp/\libucosii_bsp.a(alt_dev.o)
                0x0000000000052afc                alt_fd_list_lock
 .sbss          0x0000000000052b00        0xc ../UCOS_practica_bsp/\libucosii_bsp.a(alt_main.o)
                0x0000000000052b00                alt_argc
                0x0000000000052b04                alt_argv
                0x0000000000052b08                alt_envp
 .sbss          0x0000000000052b0c        0x8 ../UCOS_practica_bsp/\libucosii_bsp.a(alt_env_lock.o)
                0x0000000000052b10                alt_envsem
 .sbss          0x0000000000052b14        0x8 ../UCOS_practica_bsp/\libucosii_bsp.a(alt_malloc_lock.o)
                0x0000000000052b18                alt_heapsem
 .sbss          0x0000000000052b1c       0x50 ../UCOS_practica_bsp/\libucosii_bsp.a(os_core.o)
                0x0000000000052b1c                OSLockNesting
                0x0000000000052b1d                OSRunning
                0x0000000000052b20                OSIdleCtr
                0x0000000000052b24                OSPrioHighRdy
                0x0000000000052b25                OSPrioCur
                0x0000000000052b28                OSTCBList
                0x0000000000052b2c                OSTickStepState
                0x0000000000052b30                OSCtxSwCtr
                0x0000000000052b34                OSIdleCtrMax
                0x0000000000052b38                OSTCBFreeList
                0x0000000000052b3c                OSCPUUsage
                0x0000000000052b3d                OSTaskCtr
                0x0000000000052b40                OSMemFreeList
                0x0000000000052b44                OSTCBHighRdy
                0x0000000000052b48                OSQFreeList
                0x0000000000052b4c                OSRdyGrp
                0x0000000000052b4d                OSRdyTbl
                0x0000000000052b50                OSEventFreeList
                0x0000000000052b54                OSIntNesting
                0x0000000000052b58                OSTCBCur
                0x0000000000052b5c                OSTime
                0x0000000000052b60                OSFlagFreeList
                0x0000000000052b64                OSStatRdy
                0x0000000000052b68                OSIdleCtrRun
 .sbss          0x0000000000052b6c        0x4 ../UCOS_practica_bsp/\libucosii_bsp.a(alt_irq_vars.o)
                0x0000000000052b6c                alt_irq_active
 .sbss          0x0000000000052b70        0x8 ../UCOS_practica_bsp/\libucosii_bsp.a(alt_tick.o)
                0x0000000000052b70                _alt_tick_rate
                0x0000000000052b74                _alt_nticks
 .sbss          0x0000000000052b78        0x4 ../UCOS_practica_bsp/\libucosii_bsp.a(alt_instruction_exception_entry.o)
                0x0000000000052b78                alt_instruction_exception_handler
 *(.sbss2 .sbss2.* .gnu.linkonce.sb2.*)
 *(.scommon)
                0x0000000000052b7c                PROVIDE (__sbss_end, ABSOLUTE (.))
                0x0000000000052b7c                PROVIDE (___sbss_end, ABSOLUTE (.))
 *(.dynbss)
 *(.bss .bss.* .gnu.linkonce.b.*)
 .bss           0x0000000000052b7c        0x0 ../UCOS_practica_bsp//obj/HAL/src/crt0.o
 .bss           0x0000000000052b7c        0x0 obj/default/hello_ucosii.o
 .bss           0x0000000000052b7c        0x0 c:/altera/15.0/nios2eds/bin/gnu/h-x86_64-mingw32/bin/../lib/gcc/nios2-elf/4.9.1/../../../../../H-x86_64-mingw32/nios2-elf/lib/mno-hw-mul\libc.a(lib_a-puts.o)
 .bss           0x0000000000052b7c        0x0 c:/altera/15.0/nios2eds/bin/gnu/h-x86_64-mingw32/bin/../lib/gcc/nios2-elf/4.9.1/../../../../../H-x86_64-mingw32/nios2-elf/lib/mno-hw-mul\libc.a(lib_a-strlen.o)
 .bss           0x0000000000052b7c        0x0 c:/altera/15.0/nios2eds/bin/gnu/h-x86_64-mingw32/bin/../lib/gcc/nios2-elf/4.9.1/../../../../../H-x86_64-mingw32/nios2-elf/lib/mno-hw-mul\libc.a(lib_a-fvwrite.o)
 .bss           0x0000000000052b7c        0x0 c:/altera/15.0/nios2eds/bin/gnu/h-x86_64-mingw32/bin/../lib/gcc/nios2-elf/4.9.1/../../../../../H-x86_64-mingw32/nios2-elf/lib/mno-hw-mul\libc.a(lib_a-impure.o)
 .bss           0x0000000000052b7c       0x28 c:/altera/15.0/nios2eds/bin/gnu/h-x86_64-mingw32/bin/../lib/gcc/nios2-elf/4.9.1/../../../../../H-x86_64-mingw32/nios2-elf/lib/mno-hw-mul\libc.a(lib_a-mallocr.o)
                0x0000000000052b7c                __malloc_current_mallinfo
 .bss           0x0000000000052ba4        0x0 c:/altera/15.0/nios2eds/bin/gnu/h-x86_64-mingw32/bin/../lib/gcc/nios2-elf/4.9.1/../../../../../H-x86_64-mingw32/nios2-elf/lib/mno-hw-mul\libc.a(lib_a-memchr.o)
 .bss           0x0000000000052ba4        0x0 c:/altera/15.0/nios2eds/bin/gnu/h-x86_64-mingw32/bin/../lib/gcc/nios2-elf/4.9.1/../../../../../H-x86_64-mingw32/nios2-elf/lib/mno-hw-mul\libc.a(lib_a-memcpy.o)
 .bss           0x0000000000052ba4        0x0 c:/altera/15.0/nios2eds/bin/gnu/h-x86_64-mingw32/bin/../lib/gcc/nios2-elf/4.9.1/../../../../../H-x86_64-mingw32/nios2-elf/lib/mno-hw-mul\libc.a(lib_a-memmove.o)
 .bss           0x0000000000052ba4        0x0 c:/altera/15.0/nios2eds/bin/gnu/h-x86_64-mingw32/bin/../lib/gcc/nios2-elf/4.9.1/../../../../../H-x86_64-mingw32/nios2-elf/lib/mno-hw-mul\libc.a(lib_a-reallocr.o)
 .bss           0x0000000000052ba4        0x0 c:/altera/15.0/nios2eds/bin/gnu/h-x86_64-mingw32/bin/../lib/gcc/nios2-elf/4.9.1/../../../../../H-x86_64-mingw32/nios2-elf/lib/mno-hw-mul\libc.a(lib_a-sbrkr.o)
 .bss           0x0000000000052ba4        0x0 c:/altera/15.0/nios2eds/bin/gnu/h-x86_64-mingw32/bin/../lib/gcc/nios2-elf/4.9.1/../../../../../H-x86_64-mingw32/nios2-elf/lib/mno-hw-mul\libc.a(lib_a-wsetup.o)
 .bss           0x0000000000052ba4        0x0 c:/altera/15.0/nios2eds/bin/gnu/h-x86_64-mingw32/bin/../lib/gcc/nios2-elf/4.9.1/../../../../../H-x86_64-mingw32/nios2-elf/lib/mno-hw-mul\libc.a(lib_a-fflush.o)
 .bss           0x0000000000052ba4        0x0 c:/altera/15.0/nios2eds/bin/gnu/h-x86_64-mingw32/bin/../lib/gcc/nios2-elf/4.9.1/../../../../../H-x86_64-mingw32/nios2-elf/lib/mno-hw-mul\libc.a(lib_a-findfp.o)
 .bss           0x0000000000052ba4        0x0 c:/altera/15.0/nios2eds/bin/gnu/h-x86_64-mingw32/bin/../lib/gcc/nios2-elf/4.9.1/../../../../../H-x86_64-mingw32/nios2-elf/lib/mno-hw-mul\libc.a(lib_a-freer.o)
 .bss           0x0000000000052ba4        0x0 c:/altera/15.0/nios2eds/bin/gnu/h-x86_64-mingw32/bin/../lib/gcc/nios2-elf/4.9.1/../../../../../H-x86_64-mingw32/nios2-elf/lib/mno-hw-mul\libc.a(lib_a-fwalk.o)
 .bss           0x0000000000052ba4        0x0 c:/altera/15.0/nios2eds/bin/gnu/h-x86_64-mingw32/bin/../lib/gcc/nios2-elf/4.9.1/../../../../../H-x86_64-mingw32/nios2-elf/lib/mno-hw-mul\libc.a(lib_a-int_errno.o)
 .bss           0x0000000000052ba4        0x0 c:/altera/15.0/nios2eds/bin/gnu/h-x86_64-mingw32/bin/../lib/gcc/nios2-elf/4.9.1/../../../../../H-x86_64-mingw32/nios2-elf/lib/mno-hw-mul\libc.a(lib_a-makebuf.o)
 .bss           0x0000000000052ba4        0x0 c:/altera/15.0/nios2eds/bin/gnu/h-x86_64-mingw32/bin/../lib/gcc/nios2-elf/4.9.1/../../../../../H-x86_64-mingw32/nios2-elf/lib/mno-hw-mul\libc.a(lib_a-memset.o)
 .bss           0x0000000000052ba4        0x0 c:/altera/15.0/nios2eds/bin/gnu/h-x86_64-mingw32/bin/../lib/gcc/nios2-elf/4.9.1/../../../../../H-x86_64-mingw32/nios2-elf/lib/mno-hw-mul\libc.a(lib_a-stdio.o)
 .bss           0x0000000000052ba4        0x0 c:/altera/15.0/nios2eds/bin/gnu/h-x86_64-mingw32/bin/../lib/gcc/nios2-elf/4.9.1/../../../../../H-x86_64-mingw32/nios2-elf/lib/mno-hw-mul\libc.a(lib_a-writer.o)
 .bss           0x0000000000052ba4        0x0 c:/altera/15.0/nios2eds/bin/gnu/h-x86_64-mingw32/bin/../lib/gcc/nios2-elf/4.9.1/../../../../../H-x86_64-mingw32/nios2-elf/lib/mno-hw-mul\libc.a(closer.o)
 .bss           0x0000000000052ba4        0x0 c:/altera/15.0/nios2eds/bin/gnu/h-x86_64-mingw32/bin/../lib/gcc/nios2-elf/4.9.1/../../../../../H-x86_64-mingw32/nios2-elf/lib/mno-hw-mul\libc.a(lib_a-fclose.o)
 .bss           0x0000000000052ba4        0x0 c:/altera/15.0/nios2eds/bin/gnu/h-x86_64-mingw32/bin/../lib/gcc/nios2-elf/4.9.1/../../../../../H-x86_64-mingw32/nios2-elf/lib/mno-hw-mul\libc.a(lib_a-fstatr.o)
 .bss           0x0000000000052ba4        0x0 c:/altera/15.0/nios2eds/bin/gnu/h-x86_64-mingw32/bin/../lib/gcc/nios2-elf/4.9.1/../../../../../H-x86_64-mingw32/nios2-elf/lib/mno-hw-mul\libc.a(lib_a-isattyr.o)
 .bss           0x0000000000052ba4        0x0 c:/altera/15.0/nios2eds/bin/gnu/h-x86_64-mingw32/bin/../lib/gcc/nios2-elf/4.9.1/../../../../../H-x86_64-mingw32/nios2-elf/lib/mno-hw-mul\libc.a(lib_a-lseekr.o)
 .bss           0x0000000000052ba4        0x0 c:/altera/15.0/nios2eds/bin/gnu/h-x86_64-mingw32/bin/../lib/gcc/nios2-elf/4.9.1/../../../../../H-x86_64-mingw32/nios2-elf/lib/mno-hw-mul\libc.a(lib_a-readr.o)
 .bss           0x0000000000052ba4        0x0 c:/altera/15.0/nios2eds/bin/gnu/h-x86_64-mingw32/bin/../lib/gcc/nios2-elf/4.9.1/mno-hw-mul\libgcc.a(lib2-mul.o)
 .bss           0x0000000000052ba4        0x0 ../UCOS_practica_bsp/\libucosii_bsp.a(alt_close.o)
 .bss           0x0000000000052ba4        0x0 ../UCOS_practica_bsp/\libucosii_bsp.a(alt_dev.o)
 .bss           0x0000000000052ba4        0x0 ../UCOS_practica_bsp/\libucosii_bsp.a(alt_errno.o)
 .bss           0x0000000000052ba4        0x0 ../UCOS_practica_bsp/\libucosii_bsp.a(alt_fstat.o)
 .bss           0x0000000000052ba4        0x0 ../UCOS_practica_bsp/\libucosii_bsp.a(alt_isatty.o)
 .bss           0x0000000000052ba4        0x0 ../UCOS_practica_bsp/\libucosii_bsp.a(alt_load.o)
 .bss           0x0000000000052ba4        0x0 ../UCOS_practica_bsp/\libucosii_bsp.a(alt_lseek.o)
 .bss           0x0000000000052ba4        0x0 ../UCOS_practica_bsp/\libucosii_bsp.a(alt_main.o)
 .bss           0x0000000000052ba4        0x0 ../UCOS_practica_bsp/\libucosii_bsp.a(alt_read.o)
 .bss           0x0000000000052ba4        0x0 ../UCOS_practica_bsp/\libucosii_bsp.a(alt_release_fd.o)
 .bss           0x0000000000052ba4        0x0 ../UCOS_practica_bsp/\libucosii_bsp.a(alt_sbrk.o)
 .bss           0x0000000000052ba4        0x0 ../UCOS_practica_bsp/\libucosii_bsp.a(alt_write.o)
 .bss           0x0000000000052ba4        0x0 ../UCOS_practica_bsp/\libucosii_bsp.a(alt_env_lock.o)
 .bss           0x0000000000052ba4        0x0 ../UCOS_practica_bsp/\libucosii_bsp.a(alt_malloc_lock.o)
 .bss           0x0000000000052ba4        0x0 ../UCOS_practica_bsp/\libucosii_bsp.a(os_core.o)
 .bss           0x0000000000052ba4        0x0 ../UCOS_practica_bsp/\libucosii_bsp.a(os_dbg.o)
 .bss           0x0000000000052ba4        0x0 ../UCOS_practica_bsp/\libucosii_bsp.a(os_flag.o)
 .bss           0x0000000000052ba4        0x0 ../UCOS_practica_bsp/\libucosii_bsp.a(os_mem.o)
 .bss           0x0000000000052ba4        0x0 ../UCOS_practica_bsp/\libucosii_bsp.a(os_q.o)
 .bss           0x0000000000052ba4        0x0 ../UCOS_practica_bsp/\libucosii_bsp.a(os_sem.o)
 .bss           0x0000000000052ba4        0x0 ../UCOS_practica_bsp/\libucosii_bsp.a(os_task.o)
 .bss           0x0000000000052ba4        0x0 ../UCOS_practica_bsp/\libucosii_bsp.a(os_time.o)
 .bss           0x0000000000052ba4        0x0 ../UCOS_practica_bsp/\libucosii_bsp.a(alt_sys_init.o)
 .bss           0x0000000000052ba4        0x0 ../UCOS_practica_bsp/\libucosii_bsp.a(altera_avalon_jtag_uart_fd.o)
 .bss           0x0000000000052ba4        0x0 ../UCOS_practica_bsp/\libucosii_bsp.a(altera_avalon_jtag_uart_init.o)
 .bss           0x0000000000052ba4        0x0 ../UCOS_practica_bsp/\libucosii_bsp.a(altera_avalon_jtag_uart_ioctl.o)
 .bss           0x0000000000052ba4        0x0 ../UCOS_practica_bsp/\libucosii_bsp.a(altera_avalon_jtag_uart_read.o)
 .bss           0x0000000000052ba4        0x0 ../UCOS_practica_bsp/\libucosii_bsp.a(altera_avalon_jtag_uart_write.o)
 .bss           0x0000000000052ba4        0x0 ../UCOS_practica_bsp/\libucosii_bsp.a(altera_avalon_timer_sc.o)
 .bss           0x0000000000052ba4        0x0 ../UCOS_practica_bsp/\libucosii_bsp.a(altera_avalon_uart_fd.o)
 .bss           0x0000000000052ba4        0x0 ../UCOS_practica_bsp/\libucosii_bsp.a(altera_avalon_uart_init.o)
 .bss           0x0000000000052ba4        0x0 ../UCOS_practica_bsp/\libucosii_bsp.a(altera_avalon_uart_read.o)
 .bss           0x0000000000052ba4        0x0 ../UCOS_practica_bsp/\libucosii_bsp.a(altera_avalon_uart_write.o)
 .bss           0x0000000000052ba4        0x0 ../UCOS_practica_bsp/\libucosii_bsp.a(alt_alarm_start.o)
 .bss           0x0000000000052ba4        0x0 ../UCOS_practica_bsp/\libucosii_bsp.a(alt_dcache_flush_all.o)
 .bss           0x0000000000052ba4        0x0 ../UCOS_practica_bsp/\libucosii_bsp.a(alt_dev_llist_insert.o)
 .bss           0x0000000000052ba4        0x0 ../UCOS_practica_bsp/\libucosii_bsp.a(alt_do_ctors.o)
 .bss           0x0000000000052ba4        0x0 ../UCOS_practica_bsp/\libucosii_bsp.a(alt_do_dtors.o)
 .bss           0x0000000000052ba4        0x0 ../UCOS_practica_bsp/\libucosii_bsp.a(alt_icache_flush_all.o)
 .bss           0x0000000000052ba4        0x0 ../UCOS_practica_bsp/\libucosii_bsp.a(alt_iic.o)
 .bss           0x0000000000052ba4        0x0 ../UCOS_practica_bsp/\libucosii_bsp.a(alt_iic_isr_register.o)
 .bss           0x0000000000052ba4        0x0 ../UCOS_practica_bsp/\libucosii_bsp.a(alt_io_redirect.o)
 .bss           0x0000000000052ba4        0x0 ../UCOS_practica_bsp/\libucosii_bsp.a(alt_irq_entry.o)
 .bss           0x0000000000052ba4        0x0 ../UCOS_practica_bsp/\libucosii_bsp.a(alt_irq_handler.o)
 .bss           0x0000000000052ba4        0x0 ../UCOS_practica_bsp/\libucosii_bsp.a(alt_irq_vars.o)
 .bss           0x0000000000052ba4        0x0 ../UCOS_practica_bsp/\libucosii_bsp.a(alt_open.o)
 .bss           0x0000000000052ba4        0x0 ../UCOS_practica_bsp/\libucosii_bsp.a(alt_tick.o)
 .bss           0x0000000000052ba4        0x0 ../UCOS_practica_bsp/\libucosii_bsp.a(altera_nios2_gen2_irq.o)
 .bss           0x0000000000052ba4        0x0 ../UCOS_practica_bsp/\libucosii_bsp.a(os_cpu_a.o)
 .bss           0x0000000000052ba4        0x0 ../UCOS_practica_bsp/\libucosii_bsp.a(os_cpu_c.o)
 .bss           0x0000000000052ba4        0x0 ../UCOS_practica_bsp/\libucosii_bsp.a(alt_exception_entry.o)
 .bss           0x0000000000052ba4        0x0 ../UCOS_practica_bsp/\libucosii_bsp.a(alt_find_dev.o)
 .bss           0x0000000000052ba4        0x0 ../UCOS_practica_bsp/\libucosii_bsp.a(alt_find_file.o)
 .bss           0x0000000000052ba4        0x0 ../UCOS_practica_bsp/\libucosii_bsp.a(alt_get_fd.o)
 .bss           0x0000000000052ba4        0x0 ../UCOS_practica_bsp/\libucosii_bsp.a(alt_instruction_exception_entry.o)
 .bss           0x0000000000052ba4        0x0 c:/altera/15.0/nios2eds/bin/gnu/h-x86_64-mingw32/bin/../lib/gcc/nios2-elf/4.9.1/../../../../../H-x86_64-mingw32/nios2-elf/lib/mno-hw-mul\libc.a(lib_a-atexit.o)
 .bss           0x0000000000052ba4        0x0 c:/altera/15.0/nios2eds/bin/gnu/h-x86_64-mingw32/bin/../lib/gcc/nios2-elf/4.9.1/../../../../../H-x86_64-mingw32/nios2-elf/lib/mno-hw-mul\libc.a(lib_a-exit.o)
 .bss           0x0000000000052ba4        0x0 c:/altera/15.0/nios2eds/bin/gnu/h-x86_64-mingw32/bin/../lib/gcc/nios2-elf/4.9.1/../../../../../H-x86_64-mingw32/nios2-elf/lib/mno-hw-mul\libc.a(lib_a-memcmp.o)
 .bss           0x0000000000052ba4        0x0 c:/altera/15.0/nios2eds/bin/gnu/h-x86_64-mingw32/bin/../lib/gcc/nios2-elf/4.9.1/../../../../../H-x86_64-mingw32/nios2-elf/lib/mno-hw-mul\libc.a(lib_a-__atexit.o)
 .bss           0x0000000000052ba4        0x0 c:/altera/15.0/nios2eds/bin/gnu/h-x86_64-mingw32/bin/../lib/gcc/nios2-elf/4.9.1/../../../../../H-x86_64-mingw32/nios2-elf/lib/mno-hw-mul\libc.a(lib_a-__call_atexit.o)
 .bss           0x0000000000052ba4        0x0 c:/altera/15.0/nios2eds/bin/gnu/h-x86_64-mingw32/bin/../lib/gcc/nios2-elf/4.9.1/mno-hw-mul\libgcc.a(lib2-divmod.o)
 .bss           0x0000000000052ba4        0x0 ../UCOS_practica_bsp/\libucosii_bsp.a(alt_exit.o)
 *(COMMON)
 COMMON         0x0000000000052ba4     0x6000 obj/default/hello_ucosii.o
                0x0000000000052ba4                task1_stk
                0x0000000000054ba4                task2_stk
                0x0000000000056ba4                leds_stk
 COMMON         0x0000000000058ba4     0x3224 ../UCOS_practica_bsp/\libucosii_bsp.a(os_core.o)
                0x0000000000058ba4                OSFlagTbl
                0x0000000000058f14                OSMemTbl
                0x0000000000059b44                OSTaskStatStk
                0x000000000005a344                OSQTbl
                0x000000000005a524                OSTaskIdleStk
                0x000000000005ad24                OSEventTbl
                0x000000000005b864                OSTCBTbl
                0x000000000005bd74                OSTCBPrioTbl
 COMMON         0x000000000005bdc8      0x100 ../UCOS_practica_bsp/\libucosii_bsp.a(alt_irq_handler.o)
                0x000000000005bdc8                alt_irq
                0x000000000005bec8                . = ALIGN (0x4)
                0x000000000005bec8                __bss_end = ABSOLUTE (.)

.RAM_jesus      0x000000000005bec8        0x0
                0x000000000005bec8                PROVIDE (_alt_partition_RAM_jesus_start, ABSOLUTE (.))
 *(.RAM_jesus .RAM_jesus. RAM_jesus.*)
                0x000000000005bec8                . = ALIGN (0x4)
                0x000000000005bec8                PROVIDE (_alt_partition_RAM_jesus_end, ABSOLUTE (.))
                0x000000000005bec8                _end = ABSOLUTE (.)
                0x000000000005bec8                end = ABSOLUTE (.)
                0x000000000005bec8                __alt_stack_base = ABSOLUTE (.)
                0x000000000005bec8                PROVIDE (_alt_partition_RAM_jesus_load_addr, LOADADDR (.RAM_jesus))

.stab
 *(.stab)

.stabstr
 *(.stabstr)

.stab.excl
 *(.stab.excl)

.stab.exclstr
 *(.stab.exclstr)

.stab.index
 *(.stab.index)

.stab.indexstr
 *(.stab.indexstr)

.comment        0x0000000000000000       0x23
 *(.comment)
 .comment       0x0000000000000000       0x23 obj/default/hello_ucosii.o
                                         0x24 (size before relaxing)
 .comment       0x0000000000000000       0x24 c:/altera/15.0/nios2eds/bin/gnu/h-x86_64-mingw32/bin/../lib/gcc/nios2-elf/4.9.1/../../../../../H-x86_64-mingw32/nios2-elf/lib/mno-hw-mul\libc.a(lib_a-puts.o)
 .comment       0x0000000000000000       0x24 c:/altera/15.0/nios2eds/bin/gnu/h-x86_64-mingw32/bin/../lib/gcc/nios2-elf/4.9.1/../../../../../H-x86_64-mingw32/nios2-elf/lib/mno-hw-mul\libc.a(lib_a-strlen.o)
 .comment       0x0000000000000000       0x24 c:/altera/15.0/nios2eds/bin/gnu/h-x86_64-mingw32/bin/../lib/gcc/nios2-elf/4.9.1/../../../../../H-x86_64-mingw32/nios2-elf/lib/mno-hw-mul\libc.a(lib_a-fvwrite.o)
 .comment       0x0000000000000000       0x24 c:/altera/15.0/nios2eds/bin/gnu/h-x86_64-mingw32/bin/../lib/gcc/nios2-elf/4.9.1/../../../../../H-x86_64-mingw32/nios2-elf/lib/mno-hw-mul\libc.a(lib_a-impure.o)
 .comment       0x0000000000000000       0x24 c:/altera/15.0/nios2eds/bin/gnu/h-x86_64-mingw32/bin/../lib/gcc/nios2-elf/4.9.1/../../../../../H-x86_64-mingw32/nios2-elf/lib/mno-hw-mul\libc.a(lib_a-mallocr.o)
 .comment       0x0000000000000000       0x24 c:/altera/15.0/nios2eds/bin/gnu/h-x86_64-mingw32/bin/../lib/gcc/nios2-elf/4.9.1/../../../../../H-x86_64-mingw32/nios2-elf/lib/mno-hw-mul\libc.a(lib_a-memchr.o)
 .comment       0x0000000000000000       0x24 c:/altera/15.0/nios2eds/bin/gnu/h-x86_64-mingw32/bin/../lib/gcc/nios2-elf/4.9.1/../../../../../H-x86_64-mingw32/nios2-elf/lib/mno-hw-mul\libc.a(lib_a-memcpy.o)
 .comment       0x0000000000000000       0x24 c:/altera/15.0/nios2eds/bin/gnu/h-x86_64-mingw32/bin/../lib/gcc/nios2-elf/4.9.1/../../../../../H-x86_64-mingw32/nios2-elf/lib/mno-hw-mul\libc.a(lib_a-memmove.o)
 .comment       0x0000000000000000       0x24 c:/altera/15.0/nios2eds/bin/gnu/h-x86_64-mingw32/bin/../lib/gcc/nios2-elf/4.9.1/../../../../../H-x86_64-mingw32/nios2-elf/lib/mno-hw-mul\libc.a(lib_a-reallocr.o)
 .comment       0x0000000000000000       0x24 c:/altera/15.0/nios2eds/bin/gnu/h-x86_64-mingw32/bin/../lib/gcc/nios2-elf/4.9.1/../../../../../H-x86_64-mingw32/nios2-elf/lib/mno-hw-mul\libc.a(lib_a-sbrkr.o)
 .comment       0x0000000000000000       0x24 c:/altera/15.0/nios2eds/bin/gnu/h-x86_64-mingw32/bin/../lib/gcc/nios2-elf/4.9.1/../../../../../H-x86_64-mingw32/nios2-elf/lib/mno-hw-mul\libc.a(lib_a-wsetup.o)
 .comment       0x0000000000000000       0x24 c:/altera/15.0/nios2eds/bin/gnu/h-x86_64-mingw32/bin/../lib/gcc/nios2-elf/4.9.1/../../../../../H-x86_64-mingw32/nios2-elf/lib/mno-hw-mul\libc.a(lib_a-fflush.o)
 .comment       0x0000000000000000       0x24 c:/altera/15.0/nios2eds/bin/gnu/h-x86_64-mingw32/bin/../lib/gcc/nios2-elf/4.9.1/../../../../../H-x86_64-mingw32/nios2-elf/lib/mno-hw-mul\libc.a(lib_a-findfp.o)
 .comment       0x0000000000000000       0x24 c:/altera/15.0/nios2eds/bin/gnu/h-x86_64-mingw32/bin/../lib/gcc/nios2-elf/4.9.1/../../../../../H-x86_64-mingw32/nios2-elf/lib/mno-hw-mul\libc.a(lib_a-freer.o)
 .comment       0x0000000000000000       0x24 c:/altera/15.0/nios2eds/bin/gnu/h-x86_64-mingw32/bin/../lib/gcc/nios2-elf/4.9.1/../../../../../H-x86_64-mingw32/nios2-elf/lib/mno-hw-mul\libc.a(lib_a-fwalk.o)
 .comment       0x0000000000000000       0x24 c:/altera/15.0/nios2eds/bin/gnu/h-x86_64-mingw32/bin/../lib/gcc/nios2-elf/4.9.1/../../../../../H-x86_64-mingw32/nios2-elf/lib/mno-hw-mul\libc.a(lib_a-int_errno.o)
 .comment       0x0000000000000000       0x24 c:/altera/15.0/nios2eds/bin/gnu/h-x86_64-mingw32/bin/../lib/gcc/nios2-elf/4.9.1/../../../../../H-x86_64-mingw32/nios2-elf/lib/mno-hw-mul\libc.a(lib_a-makebuf.o)
 .comment       0x0000000000000000       0x24 c:/altera/15.0/nios2eds/bin/gnu/h-x86_64-mingw32/bin/../lib/gcc/nios2-elf/4.9.1/../../../../../H-x86_64-mingw32/nios2-elf/lib/mno-hw-mul\libc.a(lib_a-memset.o)
 .comment       0x0000000000000000       0x24 c:/altera/15.0/nios2eds/bin/gnu/h-x86_64-mingw32/bin/../lib/gcc/nios2-elf/4.9.1/../../../../../H-x86_64-mingw32/nios2-elf/lib/mno-hw-mul\libc.a(lib_a-stdio.o)
 .comment       0x0000000000000000       0x24 c:/altera/15.0/nios2eds/bin/gnu/h-x86_64-mingw32/bin/../lib/gcc/nios2-elf/4.9.1/../../../../../H-x86_64-mingw32/nios2-elf/lib/mno-hw-mul\libc.a(lib_a-writer.o)
 .comment       0x0000000000000000       0x24 c:/altera/15.0/nios2eds/bin/gnu/h-x86_64-mingw32/bin/../lib/gcc/nios2-elf/4.9.1/../../../../../H-x86_64-mingw32/nios2-elf/lib/mno-hw-mul\libc.a(closer.o)
 .comment       0x0000000000000000       0x24 c:/altera/15.0/nios2eds/bin/gnu/h-x86_64-mingw32/bin/../lib/gcc/nios2-elf/4.9.1/../../../../../H-x86_64-mingw32/nios2-elf/lib/mno-hw-mul\libc.a(lib_a-fclose.o)
 .comment       0x0000000000000000       0x24 c:/altera/15.0/nios2eds/bin/gnu/h-x86_64-mingw32/bin/../lib/gcc/nios2-elf/4.9.1/../../../../../H-x86_64-mingw32/nios2-elf/lib/mno-hw-mul\libc.a(lib_a-fstatr.o)
 .comment       0x0000000000000000       0x24 c:/altera/15.0/nios2eds/bin/gnu/h-x86_64-mingw32/bin/../lib/gcc/nios2-elf/4.9.1/../../../../../H-x86_64-mingw32/nios2-elf/lib/mno-hw-mul\libc.a(lib_a-isattyr.o)
 .comment       0x0000000000000000       0x24 c:/altera/15.0/nios2eds/bin/gnu/h-x86_64-mingw32/bin/../lib/gcc/nios2-elf/4.9.1/../../../../../H-x86_64-mingw32/nios2-elf/lib/mno-hw-mul\libc.a(lib_a-lseekr.o)
 .comment       0x0000000000000000       0x24 c:/altera/15.0/nios2eds/bin/gnu/h-x86_64-mingw32/bin/../lib/gcc/nios2-elf/4.9.1/../../../../../H-x86_64-mingw32/nios2-elf/lib/mno-hw-mul\libc.a(lib_a-readr.o)
 .comment       0x0000000000000000       0x24 c:/altera/15.0/nios2eds/bin/gnu/h-x86_64-mingw32/bin/../lib/gcc/nios2-elf/4.9.1/mno-hw-mul\libgcc.a(lib2-mul.o)
 .comment       0x0000000000000000       0x24 ../UCOS_practica_bsp/\libucosii_bsp.a(alt_close.o)
 .comment       0x0000000000000000       0x24 ../UCOS_practica_bsp/\libucosii_bsp.a(alt_dev.o)
 .comment       0x0000000000000000       0x24 ../UCOS_practica_bsp/\libucosii_bsp.a(alt_errno.o)
 .comment       0x0000000000000000       0x24 ../UCOS_practica_bsp/\libucosii_bsp.a(alt_fstat.o)
 .comment       0x0000000000000000       0x24 ../UCOS_practica_bsp/\libucosii_bsp.a(alt_isatty.o)
 .comment       0x0000000000000000       0x24 ../UCOS_practica_bsp/\libucosii_bsp.a(alt_load.o)
 .comment       0x0000000000000000       0x24 ../UCOS_practica_bsp/\libucosii_bsp.a(alt_lseek.o)
 .comment       0x0000000000000000       0x24 ../UCOS_practica_bsp/\libucosii_bsp.a(alt_main.o)
 .comment       0x0000000000000000       0x24 ../UCOS_practica_bsp/\libucosii_bsp.a(alt_read.o)
 .comment       0x0000000000000000       0x24 ../UCOS_practica_bsp/\libucosii_bsp.a(alt_release_fd.o)
 .comment       0x0000000000000000       0x24 ../UCOS_practica_bsp/\libucosii_bsp.a(alt_sbrk.o)
 .comment       0x0000000000000000       0x24 ../UCOS_practica_bsp/\libucosii_bsp.a(alt_write.o)
 .comment       0x0000000000000000       0x24 ../UCOS_practica_bsp/\libucosii_bsp.a(alt_env_lock.o)
 .comment       0x0000000000000000       0x24 ../UCOS_practica_bsp/\libucosii_bsp.a(alt_malloc_lock.o)
 .comment       0x0000000000000000       0x24 ../UCOS_practica_bsp/\libucosii_bsp.a(os_core.o)
 .comment       0x0000000000000000       0x24 ../UCOS_practica_bsp/\libucosii_bsp.a(os_dbg.o)
 .comment       0x0000000000000000       0x24 ../UCOS_practica_bsp/\libucosii_bsp.a(os_flag.o)
 .comment       0x0000000000000000       0x24 ../UCOS_practica_bsp/\libucosii_bsp.a(os_mem.o)
 .comment       0x0000000000000000       0x24 ../UCOS_practica_bsp/\libucosii_bsp.a(os_q.o)
 .comment       0x0000000000000000       0x24 ../UCOS_practica_bsp/\libucosii_bsp.a(os_sem.o)
 .comment       0x0000000000000000       0x24 ../UCOS_practica_bsp/\libucosii_bsp.a(os_task.o)
 .comment       0x0000000000000000       0x24 ../UCOS_practica_bsp/\libucosii_bsp.a(os_time.o)
 .comment       0x0000000000000000       0x24 ../UCOS_practica_bsp/\libucosii_bsp.a(alt_sys_init.o)
 .comment       0x0000000000000000       0x24 ../UCOS_practica_bsp/\libucosii_bsp.a(altera_avalon_jtag_uart_fd.o)
 .comment       0x0000000000000000       0x24 ../UCOS_practica_bsp/\libucosii_bsp.a(altera_avalon_jtag_uart_init.o)
 .comment       0x0000000000000000       0x24 ../UCOS_practica_bsp/\libucosii_bsp.a(altera_avalon_jtag_uart_ioctl.o)
 .comment       0x0000000000000000       0x24 ../UCOS_practica_bsp/\libucosii_bsp.a(altera_avalon_jtag_uart_read.o)
 .comment       0x0000000000000000       0x24 ../UCOS_practica_bsp/\libucosii_bsp.a(altera_avalon_jtag_uart_write.o)
 .comment       0x0000000000000000       0x24 ../UCOS_practica_bsp/\libucosii_bsp.a(altera_avalon_timer_sc.o)
 .comment       0x0000000000000000       0x24 ../UCOS_practica_bsp/\libucosii_bsp.a(altera_avalon_uart_fd.o)
 .comment       0x0000000000000000       0x24 ../UCOS_practica_bsp/\libucosii_bsp.a(altera_avalon_uart_init.o)
 .comment       0x0000000000000000       0x24 ../UCOS_practica_bsp/\libucosii_bsp.a(altera_avalon_uart_read.o)
 .comment       0x0000000000000000       0x24 ../UCOS_practica_bsp/\libucosii_bsp.a(altera_avalon_uart_write.o)
 .comment       0x0000000000000000       0x24 ../UCOS_practica_bsp/\libucosii_bsp.a(alt_alarm_start.o)
 .comment       0x0000000000000000       0x24 ../UCOS_practica_bsp/\libucosii_bsp.a(alt_dcache_flush_all.o)
 .comment       0x0000000000000000       0x24 ../UCOS_practica_bsp/\libucosii_bsp.a(alt_dev_llist_insert.o)
 .comment       0x0000000000000000       0x24 ../UCOS_practica_bsp/\libucosii_bsp.a(alt_do_ctors.o)
 .comment       0x0000000000000000       0x24 ../UCOS_practica_bsp/\libucosii_bsp.a(alt_do_dtors.o)
 .comment       0x0000000000000000       0x24 ../UCOS_practica_bsp/\libucosii_bsp.a(alt_icache_flush_all.o)
 .comment       0x0000000000000000       0x24 ../UCOS_practica_bsp/\libucosii_bsp.a(alt_iic.o)
 .comment       0x0000000000000000       0x24 ../UCOS_practica_bsp/\libucosii_bsp.a(alt_iic_isr_register.o)
 .comment       0x0000000000000000       0x24 ../UCOS_practica_bsp/\libucosii_bsp.a(alt_io_redirect.o)
 .comment       0x0000000000000000       0x24 ../UCOS_practica_bsp/\libucosii_bsp.a(alt_irq_handler.o)
 .comment       0x0000000000000000       0x24 ../UCOS_practica_bsp/\libucosii_bsp.a(alt_irq_vars.o)
 .comment       0x0000000000000000       0x24 ../UCOS_practica_bsp/\libucosii_bsp.a(alt_open.o)
 .comment       0x0000000000000000       0x24 ../UCOS_practica_bsp/\libucosii_bsp.a(alt_tick.o)
 .comment       0x0000000000000000       0x24 ../UCOS_practica_bsp/\libucosii_bsp.a(altera_nios2_gen2_irq.o)
 .comment       0x0000000000000000       0x24 ../UCOS_practica_bsp/\libucosii_bsp.a(os_cpu_c.o)
 .comment       0x0000000000000000       0x24 ../UCOS_practica_bsp/\libucosii_bsp.a(alt_find_dev.o)
 .comment       0x0000000000000000       0x24 ../UCOS_practica_bsp/\libucosii_bsp.a(alt_find_file.o)
 .comment       0x0000000000000000       0x24 ../UCOS_practica_bsp/\libucosii_bsp.a(alt_get_fd.o)
 .comment       0x0000000000000000       0x24 ../UCOS_practica_bsp/\libucosii_bsp.a(alt_instruction_exception_entry.o)
 .comment       0x0000000000000000       0x24 c:/altera/15.0/nios2eds/bin/gnu/h-x86_64-mingw32/bin/../lib/gcc/nios2-elf/4.9.1/../../../../../H-x86_64-mingw32/nios2-elf/lib/mno-hw-mul\libc.a(lib_a-atexit.o)
 .comment       0x0000000000000000       0x24 c:/altera/15.0/nios2eds/bin/gnu/h-x86_64-mingw32/bin/../lib/gcc/nios2-elf/4.9.1/../../../../../H-x86_64-mingw32/nios2-elf/lib/mno-hw-mul\libc.a(lib_a-exit.o)
 .comment       0x0000000000000000       0x24 c:/altera/15.0/nios2eds/bin/gnu/h-x86_64-mingw32/bin/../lib/gcc/nios2-elf/4.9.1/../../../../../H-x86_64-mingw32/nios2-elf/lib/mno-hw-mul\libc.a(lib_a-memcmp.o)
 .comment       0x0000000000000000       0x24 c:/altera/15.0/nios2eds/bin/gnu/h-x86_64-mingw32/bin/../lib/gcc/nios2-elf/4.9.1/../../../../../H-x86_64-mingw32/nios2-elf/lib/mno-hw-mul\libc.a(lib_a-__atexit.o)
 .comment       0x0000000000000000       0x24 c:/altera/15.0/nios2eds/bin/gnu/h-x86_64-mingw32/bin/../lib/gcc/nios2-elf/4.9.1/../../../../../H-x86_64-mingw32/nios2-elf/lib/mno-hw-mul\libc.a(lib_a-__call_atexit.o)
 .comment       0x0000000000000000       0x24 c:/altera/15.0/nios2eds/bin/gnu/h-x86_64-mingw32/bin/../lib/gcc/nios2-elf/4.9.1/mno-hw-mul\libgcc.a(lib2-divmod.o)
 .comment       0x0000000000000000       0x24 ../UCOS_practica_bsp/\libucosii_bsp.a(alt_exit.o)

.debug
 *(.debug)

.line
 *(.line)

.debug_srcinfo
 *(.debug_srcinfo)

.debug_sfnames
 *(.debug_sfnames)

.debug_aranges  0x0000000000000000      0xb80
 *(.debug_aranges)
 .debug_aranges
                0x0000000000000000       0x28 ../UCOS_practica_bsp//obj/HAL/src/crt0.o
 .debug_aranges
                0x0000000000000028       0x28 obj/default/hello_ucosii.o
 .debug_aranges
                0x0000000000000050       0x20 c:/altera/15.0/nios2eds/bin/gnu/h-x86_64-mingw32/bin/../lib/gcc/nios2-elf/4.9.1/../../../../../H-x86_64-mingw32/nios2-elf/lib/mno-hw-mul\libc.a(lib_a-puts.o)
 .debug_aranges
                0x0000000000000070       0x20 c:/altera/15.0/nios2eds/bin/gnu/h-x86_64-mingw32/bin/../lib/gcc/nios2-elf/4.9.1/../../../../../H-x86_64-mingw32/nios2-elf/lib/mno-hw-mul\libc.a(lib_a-strlen.o)
 .debug_aranges
                0x0000000000000090       0x20 c:/altera/15.0/nios2eds/bin/gnu/h-x86_64-mingw32/bin/../lib/gcc/nios2-elf/4.9.1/../../../../../H-x86_64-mingw32/nios2-elf/lib/mno-hw-mul\libc.a(lib_a-fvwrite.o)
 .debug_aranges
                0x00000000000000b0       0x18 c:/altera/15.0/nios2eds/bin/gnu/h-x86_64-mingw32/bin/../lib/gcc/nios2-elf/4.9.1/../../../../../H-x86_64-mingw32/nios2-elf/lib/mno-hw-mul\libc.a(lib_a-impure.o)
 .debug_aranges
                0x00000000000000c8       0x20 c:/altera/15.0/nios2eds/bin/gnu/h-x86_64-mingw32/bin/../lib/gcc/nios2-elf/4.9.1/../../../../../H-x86_64-mingw32/nios2-elf/lib/mno-hw-mul\libc.a(lib_a-mallocr.o)
 .debug_aranges
                0x00000000000000e8       0x20 c:/altera/15.0/nios2eds/bin/gnu/h-x86_64-mingw32/bin/../lib/gcc/nios2-elf/4.9.1/../../../../../H-x86_64-mingw32/nios2-elf/lib/mno-hw-mul\libc.a(lib_a-memchr.o)
 .debug_aranges
                0x0000000000000108       0x20 c:/altera/15.0/nios2eds/bin/gnu/h-x86_64-mingw32/bin/../lib/gcc/nios2-elf/4.9.1/../../../../../H-x86_64-mingw32/nios2-elf/lib/mno-hw-mul\libc.a(lib_a-memcpy.o)
 .debug_aranges
                0x0000000000000128       0x20 c:/altera/15.0/nios2eds/bin/gnu/h-x86_64-mingw32/bin/../lib/gcc/nios2-elf/4.9.1/../../../../../H-x86_64-mingw32/nios2-elf/lib/mno-hw-mul\libc.a(lib_a-memmove.o)
 .debug_aranges
                0x0000000000000148       0x20 c:/altera/15.0/nios2eds/bin/gnu/h-x86_64-mingw32/bin/../lib/gcc/nios2-elf/4.9.1/../../../../../H-x86_64-mingw32/nios2-elf/lib/mno-hw-mul\libc.a(lib_a-reallocr.o)
 .debug_aranges
                0x0000000000000168       0x20 c:/altera/15.0/nios2eds/bin/gnu/h-x86_64-mingw32/bin/../lib/gcc/nios2-elf/4.9.1/../../../../../H-x86_64-mingw32/nios2-elf/lib/mno-hw-mul\libc.a(lib_a-sbrkr.o)
 .debug_aranges
                0x0000000000000188       0x20 c:/altera/15.0/nios2eds/bin/gnu/h-x86_64-mingw32/bin/../lib/gcc/nios2-elf/4.9.1/../../../../../H-x86_64-mingw32/nios2-elf/lib/mno-hw-mul\libc.a(lib_a-wsetup.o)
 .debug_aranges
                0x00000000000001a8       0x20 c:/altera/15.0/nios2eds/bin/gnu/h-x86_64-mingw32/bin/../lib/gcc/nios2-elf/4.9.1/../../../../../H-x86_64-mingw32/nios2-elf/lib/mno-hw-mul\libc.a(lib_a-fflush.o)
 .debug_aranges
                0x00000000000001c8       0x20 c:/altera/15.0/nios2eds/bin/gnu/h-x86_64-mingw32/bin/../lib/gcc/nios2-elf/4.9.1/../../../../../H-x86_64-mingw32/nios2-elf/lib/mno-hw-mul\libc.a(lib_a-findfp.o)
 .debug_aranges
                0x00000000000001e8       0x20 c:/altera/15.0/nios2eds/bin/gnu/h-x86_64-mingw32/bin/../lib/gcc/nios2-elf/4.9.1/../../../../../H-x86_64-mingw32/nios2-elf/lib/mno-hw-mul\libc.a(lib_a-freer.o)
 .debug_aranges
                0x0000000000000208       0x20 c:/altera/15.0/nios2eds/bin/gnu/h-x86_64-mingw32/bin/../lib/gcc/nios2-elf/4.9.1/../../../../../H-x86_64-mingw32/nios2-elf/lib/mno-hw-mul\libc.a(lib_a-fwalk.o)
 .debug_aranges
                0x0000000000000228       0x18 c:/altera/15.0/nios2eds/bin/gnu/h-x86_64-mingw32/bin/../lib/gcc/nios2-elf/4.9.1/../../../../../H-x86_64-mingw32/nios2-elf/lib/mno-hw-mul\libc.a(lib_a-int_errno.o)
 .debug_aranges
                0x0000000000000240       0x20 c:/altera/15.0/nios2eds/bin/gnu/h-x86_64-mingw32/bin/../lib/gcc/nios2-elf/4.9.1/../../../../../H-x86_64-mingw32/nios2-elf/lib/mno-hw-mul\libc.a(lib_a-makebuf.o)
 .debug_aranges
                0x0000000000000260       0x20 c:/altera/15.0/nios2eds/bin/gnu/h-x86_64-mingw32/bin/../lib/gcc/nios2-elf/4.9.1/../../../../../H-x86_64-mingw32/nios2-elf/lib/mno-hw-mul\libc.a(lib_a-memset.o)
 .debug_aranges
                0x0000000000000280       0x20 c:/altera/15.0/nios2eds/bin/gnu/h-x86_64-mingw32/bin/../lib/gcc/nios2-elf/4.9.1/../../../../../H-x86_64-mingw32/nios2-elf/lib/mno-hw-mul\libc.a(lib_a-stdio.o)
 .debug_aranges
                0x00000000000002a0       0x20 c:/altera/15.0/nios2eds/bin/gnu/h-x86_64-mingw32/bin/../lib/gcc/nios2-elf/4.9.1/../../../../../H-x86_64-mingw32/nios2-elf/lib/mno-hw-mul\libc.a(lib_a-writer.o)
 .debug_aranges
                0x00000000000002c0       0x20 c:/altera/15.0/nios2eds/bin/gnu/h-x86_64-mingw32/bin/../lib/gcc/nios2-elf/4.9.1/../../../../../H-x86_64-mingw32/nios2-elf/lib/mno-hw-mul\libc.a(closer.o)
 .debug_aranges
                0x00000000000002e0       0x20 c:/altera/15.0/nios2eds/bin/gnu/h-x86_64-mingw32/bin/../lib/gcc/nios2-elf/4.9.1/../../../../../H-x86_64-mingw32/nios2-elf/lib/mno-hw-mul\libc.a(lib_a-fclose.o)
 .debug_aranges
                0x0000000000000300       0x20 c:/altera/15.0/nios2eds/bin/gnu/h-x86_64-mingw32/bin/../lib/gcc/nios2-elf/4.9.1/../../../../../H-x86_64-mingw32/nios2-elf/lib/mno-hw-mul\libc.a(lib_a-fstatr.o)
 .debug_aranges
                0x0000000000000320       0x20 c:/altera/15.0/nios2eds/bin/gnu/h-x86_64-mingw32/bin/../lib/gcc/nios2-elf/4.9.1/../../../../../H-x86_64-mingw32/nios2-elf/lib/mno-hw-mul\libc.a(lib_a-isattyr.o)
 .debug_aranges
                0x0000000000000340       0x20 c:/altera/15.0/nios2eds/bin/gnu/h-x86_64-mingw32/bin/../lib/gcc/nios2-elf/4.9.1/../../../../../H-x86_64-mingw32/nios2-elf/lib/mno-hw-mul\libc.a(lib_a-lseekr.o)
 .debug_aranges
                0x0000000000000360       0x20 c:/altera/15.0/nios2eds/bin/gnu/h-x86_64-mingw32/bin/../lib/gcc/nios2-elf/4.9.1/../../../../../H-x86_64-mingw32/nios2-elf/lib/mno-hw-mul\libc.a(lib_a-readr.o)
 .debug_aranges
                0x0000000000000380       0x20 c:/altera/15.0/nios2eds/bin/gnu/h-x86_64-mingw32/bin/../lib/gcc/nios2-elf/4.9.1/mno-hw-mul\libgcc.a(lib2-mul.o)
 .debug_aranges
                0x00000000000003a0       0x20 ../UCOS_practica_bsp/\libucosii_bsp.a(alt_close.o)
 .debug_aranges
                0x00000000000003c0       0x20 ../UCOS_practica_bsp/\libucosii_bsp.a(alt_dev.o)
 .debug_aranges
                0x00000000000003e0       0x18 ../UCOS_practica_bsp/\libucosii_bsp.a(alt_errno.o)
 .debug_aranges
                0x00000000000003f8       0x20 ../UCOS_practica_bsp/\libucosii_bsp.a(alt_fstat.o)
 .debug_aranges
                0x0000000000000418       0x20 ../UCOS_practica_bsp/\libucosii_bsp.a(alt_isatty.o)
 .debug_aranges
                0x0000000000000438       0x20 ../UCOS_practica_bsp/\libucosii_bsp.a(alt_load.o)
 .debug_aranges
                0x0000000000000458       0x20 ../UCOS_practica_bsp/\libucosii_bsp.a(alt_lseek.o)
 .debug_aranges
                0x0000000000000478       0x20 ../UCOS_practica_bsp/\libucosii_bsp.a(alt_main.o)
 .debug_aranges
                0x0000000000000498       0x20 ../UCOS_practica_bsp/\libucosii_bsp.a(alt_read.o)
 .debug_aranges
                0x00000000000004b8       0x20 ../UCOS_practica_bsp/\libucosii_bsp.a(alt_release_fd.o)
 .debug_aranges
                0x00000000000004d8       0x20 ../UCOS_practica_bsp/\libucosii_bsp.a(alt_sbrk.o)
 .debug_aranges
                0x00000000000004f8       0x20 ../UCOS_practica_bsp/\libucosii_bsp.a(alt_write.o)
 .debug_aranges
                0x0000000000000518       0x20 ../UCOS_practica_bsp/\libucosii_bsp.a(alt_env_lock.o)
 .debug_aranges
                0x0000000000000538       0x20 ../UCOS_practica_bsp/\libucosii_bsp.a(alt_malloc_lock.o)
 .debug_aranges
                0x0000000000000558       0x20 ../UCOS_practica_bsp/\libucosii_bsp.a(os_core.o)
 .debug_aranges
                0x0000000000000578       0x20 ../UCOS_practica_bsp/\libucosii_bsp.a(os_dbg.o)
 .debug_aranges
                0x0000000000000598       0x20 ../UCOS_practica_bsp/\libucosii_bsp.a(os_flag.o)
 .debug_aranges
                0x00000000000005b8       0x20 ../UCOS_practica_bsp/\libucosii_bsp.a(os_mem.o)
 .debug_aranges
                0x00000000000005d8       0x20 ../UCOS_practica_bsp/\libucosii_bsp.a(os_q.o)
 .debug_aranges
                0x00000000000005f8       0x20 ../UCOS_practica_bsp/\libucosii_bsp.a(os_sem.o)
 .debug_aranges
                0x0000000000000618       0x20 ../UCOS_practica_bsp/\libucosii_bsp.a(os_task.o)
 .debug_aranges
                0x0000000000000638       0x20 ../UCOS_practica_bsp/\libucosii_bsp.a(os_time.o)
 .debug_aranges
                0x0000000000000658       0x20 ../UCOS_practica_bsp/\libucosii_bsp.a(alt_sys_init.o)
 .debug_aranges
                0x0000000000000678       0x20 ../UCOS_practica_bsp/\libucosii_bsp.a(altera_avalon_jtag_uart_fd.o)
 .debug_aranges
                0x0000000000000698       0x20 ../UCOS_practica_bsp/\libucosii_bsp.a(altera_avalon_jtag_uart_init.o)
 .debug_aranges
                0x00000000000006b8       0x20 ../UCOS_practica_bsp/\libucosii_bsp.a(altera_avalon_jtag_uart_ioctl.o)
 .debug_aranges