Archive member included to satisfy reference by file (symbol)

c:/altera/15.0/nios2eds/bin/gnu/h-x86_64-mingw32/bin/../lib/gcc/nios2-elf/4.9.1/mno-hw-mul\libgcc.a(lib2-divmod.o)
                              obj/default/hello_world.o (__divsi3)
c:/altera/15.0/nios2eds/bin/gnu/h-x86_64-mingw32/bin/../lib/gcc/nios2-elf/4.9.1/../../../../../H-x86_64-mingw32/nios2-elf/lib/mno-hw-mul\libc.a(lib_a-puts.o)
                              obj/default/hello_world.o (puts)
c:/altera/15.0/nios2eds/bin/gnu/h-x86_64-mingw32/bin/../lib/gcc/nios2-elf/4.9.1/../../../../../H-x86_64-mingw32/nios2-elf/lib/mno-hw-mul\libc.a(lib_a-strlen.o)
                              c:/altera/15.0/nios2eds/bin/gnu/h-x86_64-mingw32/bin/../lib/gcc/nios2-elf/4.9.1/../../../../../H-x86_64-mingw32/nios2-elf/lib/mno-hw-mul\libc.a(lib_a-puts.o) (strlen)
c:/altera/15.0/nios2eds/bin/gnu/h-x86_64-mingw32/bin/../lib/gcc/nios2-elf/4.9.1/../../../../../H-x86_64-mingw32/nios2-elf/lib/mno-hw-mul\libc.a(lib_a-fvwrite.o)
                              c:/altera/15.0/nios2eds/bin/gnu/h-x86_64-mingw32/bin/../lib/gcc/nios2-elf/4.9.1/../../../../../H-x86_64-mingw32/nios2-elf/lib/mno-hw-mul\libc.a(lib_a-puts.o) (__sfvwrite_r)
c:/altera/15.0/nios2eds/bin/gnu/h-x86_64-mingw32/bin/../lib/gcc/nios2-elf/4.9.1/../../../../../H-x86_64-mingw32/nios2-elf/lib/mno-hw-mul\libc.a(lib_a-impure.o)
                              c:/altera/15.0/nios2eds/bin/gnu/h-x86_64-mingw32/bin/../lib/gcc/nios2-elf/4.9.1/../../../../../H-x86_64-mingw32/nios2-elf/lib/mno-hw-mul\libc.a(lib_a-puts.o) (_impure_ptr)
c:/altera/15.0/nios2eds/bin/gnu/h-x86_64-mingw32/bin/../lib/gcc/nios2-elf/4.9.1/../../../../../H-x86_64-mingw32/nios2-elf/lib/mno-hw-mul\libc.a(lib_a-mallocr.o)
                              c:/altera/15.0/nios2eds/bin/gnu/h-x86_64-mingw32/bin/../lib/gcc/nios2-elf/4.9.1/../../../../../H-x86_64-mingw32/nios2-elf/lib/mno-hw-mul\libc.a(lib_a-fvwrite.o) (_malloc_r)
c:/altera/15.0/nios2eds/bin/gnu/h-x86_64-mingw32/bin/../lib/gcc/nios2-elf/4.9.1/../../../../../H-x86_64-mingw32/nios2-elf/lib/mno-hw-mul\libc.a(lib_a-memchr.o)
                              c:/altera/15.0/nios2eds/bin/gnu/h-x86_64-mingw32/bin/../lib/gcc/nios2-elf/4.9.1/../../../../../H-x86_64-mingw32/nios2-elf/lib/mno-hw-mul\libc.a(lib_a-fvwrite.o) (memchr)
c:/altera/15.0/nios2eds/bin/gnu/h-x86_64-mingw32/bin/../lib/gcc/nios2-elf/4.9.1/../../../../../H-x86_64-mingw32/nios2-elf/lib/mno-hw-mul\libc.a(lib_a-memcpy.o)
                              c:/altera/15.0/nios2eds/bin/gnu/h-x86_64-mingw32/bin/../lib/gcc/nios2-elf/4.9.1/../../../../../H-x86_64-mingw32/nios2-elf/lib/mno-hw-mul\libc.a(lib_a-fvwrite.o) (memcpy)
c:/altera/15.0/nios2eds/bin/gnu/h-x86_64-mingw32/bin/../lib/gcc/nios2-elf/4.9.1/../../../../../H-x86_64-mingw32/nios2-elf/lib/mno-hw-mul\libc.a(lib_a-memmove.o)
                              c:/altera/15.0/nios2eds/bin/gnu/h-x86_64-mingw32/bin/../lib/gcc/nios2-elf/4.9.1/../../../../../H-x86_64-mingw32/nios2-elf/lib/mno-hw-mul\libc.a(lib_a-fvwrite.o) (memmove)
c:/altera/15.0/nios2eds/bin/gnu/h-x86_64-mingw32/bin/../lib/gcc/nios2-elf/4.9.1/../../../../../H-x86_64-mingw32/nios2-elf/lib/mno-hw-mul\libc.a(lib_a-reallocr.o)
                              c:/altera/15.0/nios2eds/bin/gnu/h-x86_64-mingw32/bin/../lib/gcc/nios2-elf/4.9.1/../../../../../H-x86_64-mingw32/nios2-elf/lib/mno-hw-mul\libc.a(lib_a-fvwrite.o) (_realloc_r)
c:/altera/15.0/nios2eds/bin/gnu/h-x86_64-mingw32/bin/../lib/gcc/nios2-elf/4.9.1/../../../../../H-x86_64-mingw32/nios2-elf/lib/mno-hw-mul\libc.a(lib_a-sbrkr.o)
                              c:/altera/15.0/nios2eds/bin/gnu/h-x86_64-mingw32/bin/../lib/gcc/nios2-elf/4.9.1/../../../../../H-x86_64-mingw32/nios2-elf/lib/mno-hw-mul\libc.a(lib_a-mallocr.o) (_sbrk_r)
c:/altera/15.0/nios2eds/bin/gnu/h-x86_64-mingw32/bin/../lib/gcc/nios2-elf/4.9.1/../../../../../H-x86_64-mingw32/nios2-elf/lib/mno-hw-mul\libc.a(lib_a-wsetup.o)
                              c:/altera/15.0/nios2eds/bin/gnu/h-x86_64-mingw32/bin/../lib/gcc/nios2-elf/4.9.1/../../../../../H-x86_64-mingw32/nios2-elf/lib/mno-hw-mul\libc.a(lib_a-fvwrite.o) (__swsetup_r)
c:/altera/15.0/nios2eds/bin/gnu/h-x86_64-mingw32/bin/../lib/gcc/nios2-elf/4.9.1/../../../../../H-x86_64-mingw32/nios2-elf/lib/mno-hw-mul\libc.a(lib_a-fflush.o)
                              c:/altera/15.0/nios2eds/bin/gnu/h-x86_64-mingw32/bin/../lib/gcc/nios2-elf/4.9.1/../../../../../H-x86_64-mingw32/nios2-elf/lib/mno-hw-mul\libc.a(lib_a-fvwrite.o) (_fflush_r)
c:/altera/15.0/nios2eds/bin/gnu/h-x86_64-mingw32/bin/../lib/gcc/nios2-elf/4.9.1/../../../../../H-x86_64-mingw32/nios2-elf/lib/mno-hw-mul\libc.a(lib_a-findfp.o)
                              c:/altera/15.0/nios2eds/bin/gnu/h-x86_64-mingw32/bin/../lib/gcc/nios2-elf/4.9.1/../../../../../H-x86_64-mingw32/nios2-elf/lib/mno-hw-mul\libc.a(lib_a-wsetup.o) (__sinit)
c:/altera/15.0/nios2eds/bin/gnu/h-x86_64-mingw32/bin/../lib/gcc/nios2-elf/4.9.1/../../../../../H-x86_64-mingw32/nios2-elf/lib/mno-hw-mul\libc.a(lib_a-freer.o)
[...]
Memory Configuration

Name             Origin             Length             Attributes
reset            0x0000000000040000 0x0000000000000020
RAM_jesus        0x0000000000040020 0x0000000000035b40
*default*        0x0000000000000000 0xffffffffffffffff

Linker script and memory map

LOAD ../Timer_ece10243upb_bsp//obj/HAL/src/crt0.o
LOAD obj/default/hello_world.o
LOAD c:/altera/15.0/nios2eds/bin/gnu/h-x86_64-mingw32/bin/../lib/gcc/nios2-elf/4.9.1/../../../../../H-x86_64-mingw32/nios2-elf/lib/mno-hw-mul\libstdc++.a
LOAD c:/altera/15.0/nios2eds/bin/gnu/h-x86_64-mingw32/bin/../lib/gcc/nios2-elf/4.9.1/../../../../../H-x86_64-mingw32/nios2-elf/lib/mno-hw-mul\libm.a
LOAD c:/altera/15.0/nios2eds/bin/gnu/h-x86_64-mingw32/bin/../lib/gcc/nios2-elf/4.9.1/mno-hw-mul\libgcc.a
START GROUP
LOAD c:/altera/15.0/nios2eds/bin/gnu/h-x86_64-mingw32/bin/../lib/gcc/nios2-elf/4.9.1/../../../../../H-x86_64-mingw32/nios2-elf/lib/mno-hw-mul\libc.a
LOAD c:/altera/15.0/nios2eds/bin/gnu/h-x86_64-mingw32/bin/../lib/gcc/nios2-elf/4.9.1/mno-hw-mul\libgcc.a
LOAD ../Timer_ece10243upb_bsp/\libhal_bsp.a
LOAD c:/altera/15.0/nios2eds/bin/gnu/h-x86_64-mingw32/bin/../lib/gcc/nios2-elf/4.9.1/../../../../../H-x86_64-mingw32/nios2-elf/lib/mno-hw-mul\libm.a
END GROUP
LOAD c:/altera/15.0/nios2eds/bin/gnu/h-x86_64-mingw32/bin/../lib/gcc/nios2-elf/4.9.1/mno-hw-mul\libgcc.a
                0x0000000000040000                __alt_mem_RAM_jesus = 0x40000

.entry          0x0000000000040000       0x20
 *(.entry)
 .entry         0x0000000000040000       0x20 ../Timer_ece10243upb_bsp//obj/HAL/src/crt0.o
                0x0000000000040000                __reset

.exceptions     0x0000000000040020      0x20c
                0x0000000000040020                PROVIDE (__ram_exceptions_start, ABSOLUTE (.))
                0x0000000000040020                . = ALIGN (0x20)
 *(.irq)
 *(.exceptions.entry.label)
 .exceptions.entry.label
                0x0000000000040020        0x0 ../Timer_ece10243upb_bsp/\libhal_bsp.a(alt_irq_entry.o)
                0x0000000000040020                alt_irq_entry
 .exceptions.entry.label
                0x0000000000040020        0x0 ../Timer_ece10243upb_bsp/\libhal_bsp.a(alt_exception_entry.o)
                0x0000000000040020                alt_exception
 *(.exceptions.entry.user)
 *(.exceptions.entry.ecc_fatal)
 *(.exceptions.entry)
 .exceptions.entry
                0x0000000000040020       0x54 ../Timer_ece10243upb_bsp/\libhal_bsp.a(alt_exception_entry.o)
 *(.exceptions.irqtest.user)
 *(.exceptions.irqtest)
 .exceptions.irqtest
                0x0000000000040074       0x10 ../Timer_ece10243upb_bsp/\libhal_bsp.a(alt_irq_entry.o)
 *(.exceptions.irqhandler.user)
 *(.exceptions.irqhandler)
 .exceptions.irqhandler
                0x0000000000040084        0x4 ../Timer_ece10243upb_bsp/\libhal_bsp.a(alt_irq_entry.o)
 *(.exceptions.irqreturn.user)
 *(.exceptions.irqreturn)
 .exceptions.irqreturn
                0x0000000000040088        0x4 ../Timer_ece10243upb_bsp/\libhal_bsp.a(alt_irq_entry.o)
 *(.exceptions.notirq.label)
 .exceptions.notirq.label
                0x000000000004008c        0x0 ../Timer_ece10243upb_bsp/\libhal_bsp.a(alt_irq_entry.o)
 *(.exceptions.notirq.user)
 *(.exceptions.notirq)
 .exceptions.notirq
                0x000000000004008c        0x8 ../Timer_ece10243upb_bsp/\libhal_bsp.a(alt_exception_entry.o)
 *(.exceptions.soft.user)
 *(.exceptions.soft)
 *(.exceptions.unknown.user)
 *(.exceptions.unknown)
 .exceptions.unknown
                0x0000000000040094       0x14 ../Timer_ece10243upb_bsp/\libhal_bsp.a(alt_exception_entry.o)
 *(.exceptions.exit.label)
 .exceptions.exit.label
                0x00000000000400a8        0x0 ../Timer_ece10243upb_bsp/\libhal_bsp.a(alt_irq_entry.o)
 .exceptions.exit.label
                0x00000000000400a8        0x0 ../Timer_ece10243upb_bsp/\libhal_bsp.a(alt_exception_entry.o)
 *(.exceptions.exit.user)
 *(.exceptions.exit)
 .exceptions.exit
                0x00000000000400a8       0x54 ../Timer_ece10243upb_bsp/\libhal_bsp.a(alt_exception_entry.o)
 *(.exceptions)
 .exceptions    0x00000000000400fc       0xd0 ../Timer_ece10243upb_bsp/\libhal_bsp.a(alt_irq_handler.o)
                0x00000000000400fc                alt_irq_handler
 .exceptions    0x00000000000401cc       0x60 ../Timer_ece10243upb_bsp/\libhal_bsp.a(alt_instruction_exception_entry.o)
                0x00000000000401cc                alt_instruction_exception_entry
                0x000000000004022c                PROVIDE (__ram_exceptions_end, ABSOLUTE (.))
                0x0000000000040020                PROVIDE (__flash_exceptions_start, LOADADDR (.exceptions))

.text           0x000000000004022c     0x5f48
                0x000000000004022c                PROVIDE (stext, ABSOLUTE (.))
 *(.interp)
 *(.hash)
 *(.dynsym)
 *(.dynstr)
 *(.gnu.version)
 *(.gnu.version_d)
 *(.gnu.version_r)
 *(.rel.init)
 *(.rela.init)
 *(.rel.text .rel.text.* .rel.gnu.linkonce.t.*)
 *(.rela.text .rela.text.* .rela.gnu.linkonce.t.*)
 *(.rel.fini)
 *(.rela.fini)
 *(.rel.rodata .rel.rodata.* .rel.gnu.linkonce.r.*)
 *(.rela.rodata .rela.rodata.* .rela.gnu.linkonce.r.*)
 *(.rel.data .rel.data.* .rel.gnu.linkonce.d.*)
 *(.rela.data .rela.data.* .rela.gnu.linkonce.d.*)
 *(.rel.tdata .rel.tdata.* .rel.gnu.linkonce.td.*)
 *(.rela.tdata .rela.tdata.* .rela.gnu.linkonce.td.*)
 *(.rel.tbss .rel.tbss.* .rel.gnu.linkonce.tb.*)
 *(.rela.tbss .rela.tbss.* .rela.gnu.linkonce.tb.*)
 *(.rel.ctors)
 *(.rela.ctors)
 *(.rel.dtors)
 *(.rela.dtors)
 *(.rel.got)
 *(.rela.got)
 *(.rel.sdata .rel.sdata.* .rel.gnu.linkonce.s.*)
 *(.rela.sdata .rela.sdata.* .rela.gnu.linkonce.s.*)
 *(.rel.sbss .rel.sbss.* .rel.gnu.linkonce.sb.*)
 *(.rela.sbss .rela.sbss.* .rela.gnu.linkonce.sb.*)
 *(.rel.sdata2 .rel.sdata2.* .rel.gnu.linkonce.s2.*)
 *(.rela.sdata2 .rela.sdata2.* .rela.gnu.linkonce.s2.*)
 *(.rel.sbss2 .rel.sbss2.* .rel.gnu.linkonce.sb2.*)
 *(.rela.sbss2 .rela.sbss2.* .rela.gnu.linkonce.sb2.*)
 *(.rel.bss .rel.bss.* .rel.gnu.linkonce.b.*)
 *(.rela.bss .rela.bss.* .rela.gnu.linkonce.b.*)
 *(.rel.plt)
 *(.rela.plt)
 *(.rel.dyn)
 *(.init)
 *(.plt)
 *(.text .stub .text.* .gnu.linkonce.t.*)
 .text          0x000000000004022c       0x3c ../Timer_ece10243upb_bsp//obj/HAL/src/crt0.o
                0x000000000004022c                _start
 .text          0x0000000000040268      0x120 obj/default/hello_world.o
                0x0000000000040268                initTimer
                0x00000000000402c0                clr_timer_irq
                0x0000000000040344                main
 .text          0x0000000000040388      0x12c c:/altera/15.0/nios2eds/bin/gnu/h-x86_64-mingw32/bin/../lib/gcc/nios2-elf/4.9.1/mno-hw-mul\libgcc.a(lib2-divmod.o)
                0x00000000000403f4                __divsi3
                0x0000000000040448                __modsi3
                0x00000000000404a4                __udivsi3
                0x00000000000404ac                __umodsi3
 .text          0x00000000000404b4       0xcc c:/altera/15.0/nios2eds/bin/gnu/h-x86_64-mingw32/bin/../lib/gcc/nios2-elf/4.9.1/../../../../../H-x86_64-mingw32/nios2-elf/lib/mno-hw-mul\libc.a(lib_a-puts.o)
                0x00000000000404b4                _puts_r
                0x000000000004056c                puts
 .text          0x0000000000040580       0x98 c:/altera/15.0/nios2eds/bin/gnu/h-x86_64-mingw32/bin/../lib/gcc/nios2-elf/4.9.1/../../../../../H-x86_64-mingw32/nios2-elf/lib/mno-hw-mul\libc.a(lib_a-strlen.o)
                0x0000000000040580                strlen
 .text          0x0000000000040618      0x4a4 c:/altera/15.0/nios2eds/bin/gnu/h-x86_64-mingw32/bin/../lib/gcc/nios2-elf/4.9.1/../../../../../H-x86_64-mingw32/nios2-elf/lib/mno-hw-mul\libc.a(lib_a-fvwrite.o)
                0x0000000000040618                __sfvwrite_r
 .text          0x0000000000040abc        0x0 c:/altera/15.0/nios2eds/bin/gnu/h-x86_64-mingw32/bin/../lib/gcc/nios2-elf/4.9.1/../../../../../H-x86_64-mingw32/nios2-elf/lib/mno-hw-mul\libc.a(lib_a-impure.o)
 .text          0x0000000000040abc      0x7a8 c:/altera/15.0/nios2eds/bin/gnu/h-x86_64-mingw32/bin/../lib/gcc/nios2-elf/4.9.1/../../../../../H-x86_64-mingw32/nios2-elf/lib/mno-hw-mul\libc.a(lib_a-mallocr.o)
                0x0000000000040abc                _malloc_r
 .text          0x0000000000041264       0xe8 c:/altera/15.0/nios2eds/bin/gnu/h-x86_64-mingw32/bin/../lib/gcc/nios2-elf/4.9.1/../../../../../H-x86_64-mingw32/nios2-elf/lib/mno-hw-mul\libc.a(lib_a-memchr.o)
                0x0000000000041264                memchr
 .text          0x000000000004134c      0x138 c:/altera/15.0/nios2eds/bin/gnu/h-x86_64-mingw32/bin/../lib/gcc/nios2-elf/4.9.1/../../../../../H-x86_64-mingw32/nios2-elf/lib/mno-hw-mul\libc.a(lib_a-memcpy.o)
                0x000000000004134c                memcpy
 .text          0x0000000000041484      0x15c c:/altera/15.0/nios2eds/bin/gnu/h-x86_64-mingw32/bin/../lib/gcc/nios2-elf/4.9.1/../../../../../H-x86_64-mingw32/nios2-elf/lib/mno-hw-mul\libc.a(lib_a-memmove.o)
                0x0000000000041484                memmove
 .text          0x00000000000415e0      0x5a0 c:/altera/15.0/nios2eds/bin/gnu/h-x86_64-mingw32/bin/../lib/gcc/nios2-elf/4.9.1/../../../../../H-x86_64-mingw32/nios2-elf/lib/mno-hw-mul\libc.a(lib_a-reallocr.o)
                0x00000000000415e0                _realloc_r
 .text          0x0000000000041b80       0x54 c:/altera/15.0/nios2eds/bin/gnu/h-x86_64-mingw32/bin/../lib/gcc/nios2-elf/4.9.1/../../../../../H-x86_64-mingw32/nios2-elf/lib/mno-hw-mul\libc.a(lib_a-sbrkr.o)
                0x0000000000041b80                _sbrk_r
 .text          0x0000000000041bd4      0x130 c:/altera/15.0/nios2eds/bin/gnu/h-x86_64-mingw32/bin/../lib/gcc/nios2-elf/4.9.1/../../../../../H-x86_64-mingw32/nios2-elf/lib/mno-hw-mul\libc.a(lib_a-wsetup.o)
                0x0000000000041bd4                __swsetup_r
 .text          0x0000000000041d04      0x258 c:/altera/15.0/nios2eds/bin/gnu/h-x86_64-mingw32/bin/../lib/gcc/nios2-elf/4.9.1/../../../../../H-x86_64-mingw32/nios2-elf/lib/mno-hw-mul\libc.a(lib_a-fflush.o)
                0x0000000000041d04                _fflush_r
                0x0000000000041f2c                fflush
 .text          0x0000000000041f5c      0x3b4 c:/altera/15.0/nios2eds/bin/gnu/h-x86_64-mingw32/bin/../lib/gcc/nios2-elf/4.9.1/../../../../../H-x86_64-mingw32/nios2-elf/lib/mno-hw-mul\libc.a(lib_a-findfp.o)
                0x0000000000041f6c                _cleanup_r
                0x0000000000042118                __sfmoreglue
                0x0000000000042190                __sfp
                0x00000000000422a8                _cleanup
                0x00000000000422c0                __sinit
                0x00000000000422d0                __sfp_lock_acquire
                0x00000000000422d4                __sfp_lock_release
                0x00000000000422d8                __sinit_lock_acquire
                0x00000000000422dc                __sinit_lock_release
                0x00000000000422e0                __fp_lock_all
                0x00000000000422f8                __fp_unlock_all
 .text          0x0000000000042310      0x414 c:/altera/15.0/nios2eds/bin/gnu/h-x86_64-mingw32/bin/../lib/gcc/nios2-elf/4.9.1/../../../../../H-x86_64-mingw32/nios2-elf/lib/mno-hw-mul\libc.a(lib_a-freer.o)
                0x0000000000042310                _malloc_trim_r
                0x0000000000042434                _free_r
 .text          0x0000000000042724      0x170 c:/altera/15.0/nios2eds/bin/gnu/h-x86_64-mingw32/bin/../lib/gcc/nios2-elf/4.9.1/../../../../../H-x86_64-mingw32/nios2-elf/lib/mno-hw-mul\libc.a(lib_a-fwalk.o)
                0x0000000000042724                _fwalk
                0x00000000000427dc                _fwalk_reent
 .text          0x0000000000042894        0x0 c:/altera/15.0/nios2eds/bin/gnu/h-x86_64-mingw32/bin/../lib/gcc/nios2-elf/4.9.1/../../../../../H-x86_64-mingw32/nios2-elf/lib/mno-hw-mul\libc.a(lib_a-int_errno.o)
 .text          0x0000000000042894      0x1b8 c:/altera/15.0/nios2eds/bin/gnu/h-x86_64-mingw32/bin/../lib/gcc/nios2-elf/4.9.1/../../../../../H-x86_64-mingw32/nios2-elf/lib/mno-hw-mul\libc.a(lib_a-makebuf.o)
                0x0000000000042894                __smakebuf_r
 .text          0x0000000000042a4c      0x124 c:/altera/15.0/nios2eds/bin/gnu/h-x86_64-mingw32/bin/../lib/gcc/nios2-elf/4.9.1/../../../../../H-x86_64-mingw32/nios2-elf/lib/mno-hw-mul\libc.a(lib_a-memset.o)
                0x0000000000042a4c                memset
 .text          0x0000000000042b70      0x13c c:/altera/15.0/nios2eds/bin/gnu/h-x86_64-mingw32/bin/../lib/gcc/nios2-elf/4.9.1/../../../../../H-x86_64-mingw32/nios2-elf/lib/mno-hw-mul\libc.a(lib_a-stdio.o)
                0x0000000000042b70                __sread
                0x0000000000042bc4                __seofread
                0x0000000000042bcc                __swrite
                0x0000000000042c48                __sseek
                0x0000000000042ca4                __sclose
 .text          0x0000000000042cac       0x5c c:/altera/15.0/nios2eds/bin/gnu/h-x86_64-mingw32/bin/../lib/gcc/nios2-elf/4.9.1/../../../../../H-x86_64-mingw32/nios2-elf/lib/mno-hw-mul\libc.a(lib_a-writer.o)
                0x0000000000042cac                _write_r
 .text          0x0000000000042d08       0x54 c:/altera/15.0/nios2eds/bin/gnu/h-x86_64-mingw32/bin/../lib/gcc/nios2-elf/4.9.1/../../../../../H-x86_64-mingw32/nios2-elf/lib/mno-hw-mul\libc.a(closer.o)
                0x0000000000042d08                _close_r
 .text          0x0000000000042d5c      0x114 c:/altera/15.0/nios2eds/bin/gnu/h-x86_64-mingw32/bin/../lib/gcc/nios2-elf/4.9.1/../../../../../H-x86_64-mingw32/nios2-elf/lib/mno-hw-mul\libc.a(lib_a-fclose.o)
                0x0000000000042d5c                _fclose_r
                0x0000000000042e5c                fclose
 .text          0x0000000000042e70       0x58 c:/altera/15.0/nios2eds/bin/gnu/h-x86_64-mingw32/bin/../lib/gcc/nios2-elf/4.9.1/../../../../../H-x86_64-mingw32/nios2-elf/lib/mno-hw-mul\libc.a(lib_a-fstatr.o)
                0x0000000000042e70                _fstat_r
 .text          0x0000000000042ec8       0x54 c:/altera/15.0/nios2eds/bin/gnu/h-x86_64-mingw32/bin/../lib/gcc/nios2-elf/4.9.1/../../../../../H-x86_64-mingw32/nios2-elf/lib/mno-hw-mul\libc.a(lib_a-isattyr.o)
                0x0000000000042ec8                _isatty_r
 .text          0x0000000000042f1c       0x5c c:/altera/15.0/nios2eds/bin/gnu/h-x86_64-mingw32/bin/../lib/gcc/nios2-elf/4.9.1/../../../../../H-x86_64-mingw32/nios2-elf/lib/mno-hw-mul\libc.a(lib_a-lseekr.o)
                0x0000000000042f1c                _lseek_r
 .text          0x0000000000042f78       0x5c c:/altera/15.0/nios2eds/bin/gnu/h-x86_64-mingw32/bin/../lib/gcc/nios2-elf/4.9.1/../../../../../H-x86_64-mingw32/nios2-elf/lib/mno-hw-mul\libc.a(lib_a-readr.o)
                0x0000000000042f78                _read_r
 .text          0x0000000000042fd4       0x28 c:/altera/15.0/nios2eds/bin/gnu/h-x86_64-mingw32/bin/../lib/gcc/nios2-elf/4.9.1/mno-hw-mul\libgcc.a(lib2-mul.o)
                0x0000000000042fd4                __mulsi3
 .text          0x0000000000042ffc      0x128 ../Timer_ece10243upb_bsp/\libhal_bsp.a(alt_close.o)
                0x000000000004304c                close
 .text          0x0000000000043124       0x2c ../Timer_ece10243upb_bsp/\libhal_bsp.a(alt_dev.o)
 .text          0x0000000000043150        0x0 ../Timer_ece10243upb_bsp/\libhal_bsp.a(alt_errno.o)
 .text          0x0000000000043150      0x108 ../Timer_ece10243upb_bsp/\libhal_bsp.a(alt_fstat.o)
                0x00000000000431a0                fstat
 .text          0x0000000000043258      0x1e0 ../Timer_ece10243upb_bsp/\libhal_bsp.a(alt_iic.o)
                0x0000000000043258                alt_ic_isr_register
                0x00000000000432a8                alt_ic_irq_enable
                0x0000000000043348                alt_ic_irq_disable
                0x00000000000433ec                alt_ic_irq_enabled
 .text          0x0000000000043438       0xf0 ../Timer_ece10243upb_bsp/\libhal_bsp.a(alt_iic_isr_register.o)
                0x0000000000043438                alt_iic_isr_register
 .text          0x0000000000043528        0x0 ../Timer_ece10243upb_bsp/\libhal_bsp.a(alt_irq_entry.o)
 .text          0x0000000000043528        0x0 ../Timer_ece10243upb_bsp/\libhal_bsp.a(alt_irq_handler.o)
 .text          0x0000000000043528        0x0 ../Timer_ece10243upb_bsp/\libhal_bsp.a(alt_irq_vars.o)
 .text          0x0000000000043528       0xfc ../Timer_ece10243upb_bsp/\libhal_bsp.a(alt_isatty.o)
                0x0000000000043578                isatty
 .text          0x0000000000043624       0xe4 ../Timer_ece10243upb_bsp/\libhal_bsp.a(alt_load.o)
                0x0000000000043688                alt_load
 .text          0x0000000000043708      0x12c ../Timer_ece10243upb_bsp/\libhal_bsp.a(alt_lseek.o)
                0x0000000000043758                lseek
 .text          0x0000000000043834       0x78 ../Timer_ece10243upb_bsp/\libhal_bsp.a(alt_main.o)
                0x0000000000043834                alt_main
 .text          0x00000000000438ac       0x40 ../Timer_ece10243upb_bsp/\libhal_bsp.a(alt_malloc_lock.o)
                0x00000000000438ac                __malloc_lock
                0x00000000000438cc                __malloc_unlock
 .text          0x00000000000438ec      0x154 ../Timer_ece10243upb_bsp/\libhal_bsp.a(alt_read.o)
                0x000000000004393c                read
 .text          0x0000000000043a40       0x80 ../Timer_ece10243upb_bsp/\libhal_bsp.a(alt_release_fd.o)
                0x0000000000043a40                alt_release_fd
 .text          0x0000000000043ac0       0xb0 ../Timer_ece10243upb_bsp/\libhal_bsp.a(alt_sbrk.o)
                0x0000000000043ac0                sbrk
 .text          0x0000000000043b70      0x150 ../Timer_ece10243upb_bsp/\libhal_bsp.a(alt_write.o)
                0x0000000000043bc0                write
 .text          0x0000000000043cc0       0xe8 ../Timer_ece10243upb_bsp/\libhal_bsp.a(alt_sys_init.o)
                0x0000000000043cf8                alt_irq_init
                0x0000000000043d2c                alt_sys_init
 .text          0x0000000000043da8      0x164 ../Timer_ece10243upb_bsp/\libhal_bsp.a(altera_avalon_jtag_uart_fd.o)
                0x0000000000043da8                altera_avalon_jtag_uart_read_fd
                0x0000000000043e08                altera_avalon_jtag_uart_write_fd
                0x0000000000043e68                altera_avalon_jtag_uart_close_fd
                0x0000000000043eb8                altera_avalon_jtag_uart_ioctl_fd
 .text          0x0000000000043f0c      0x3d8 ../Timer_ece10243upb_bsp/\libhal_bsp.a(altera_avalon_jtag_uart_init.o)
                0x0000000000043f0c                altera_avalon_jtag_uart_init
                0x000000000004427c                altera_avalon_jtag_uart_close
 .text          0x00000000000442e4       0xec ../Timer_ece10243upb_bsp/\libhal_bsp.a(altera_avalon_jtag_uart_ioctl.o)
                0x00000000000442e4                altera_avalon_jtag_uart_ioctl
 .text          0x00000000000443d0      0x20c ../Timer_ece10243upb_bsp/\libhal_bsp.a(altera_avalon_jtag_uart_read.o)
                0x00000000000443d0                altera_avalon_jtag_uart_read
 .text          0x00000000000445dc      0x218 ../Timer_ece10243upb_bsp/\libhal_bsp.a(altera_avalon_jtag_uart_write.o)
                0x00000000000445dc                altera_avalon_jtag_uart_write
 .text          0x00000000000447f4       0xfc ../Timer_ece10243upb_bsp/\libhal_bsp.a(altera_avalon_timer_sc.o)
                0x0000000000044868                alt_avalon_timer_sc_init
 .text          0x00000000000448f0      0x110 ../Timer_ece10243upb_bsp/\libhal_bsp.a(altera_avalon_uart_fd.o)
                0x00000000000448f0                altera_avalon_uart_read_fd
                0x0000000000044950                altera_avalon_uart_write_fd
                0x00000000000449b0                altera_avalon_uart_close_fd
 .text          0x0000000000044a00      0x3b8 ../Timer_ece10243upb_bsp/\libhal_bsp.a(altera_avalon_uart_init.o)
                0x0000000000044a00                altera_avalon_uart_init
                0x0000000000044d64                altera_avalon_uart_close
 .text          0x0000000000044db8      0x22c ../Timer_ece10243upb_bsp/\libhal_bsp.a(altera_avalon_uart_read.o)
                0x0000000000044e08                altera_avalon_uart_read
 .text          0x0000000000044fe4      0x1fc ../Timer_ece10243upb_bsp/\libhal_bsp.a(altera_avalon_uart_write.o)
                0x0000000000045034                altera_avalon_uart_write
 .text          0x00000000000451e0      0x140 ../Timer_ece10243upb_bsp/\libhal_bsp.a(alt_alarm_start.o)
                0x00000000000451e0                alt_alarm_start
 .text          0x0000000000045320       0x1c ../Timer_ece10243upb_bsp/\libhal_bsp.a(alt_dcache_flush_all.o)
                0x0000000000045320                alt_dcache_flush_all
 .text          0x000000000004533c       0xf4 ../Timer_ece10243upb_bsp/\libhal_bsp.a(alt_dev_llist_insert.o)
                0x000000000004538c                alt_dev_llist_insert
 .text          0x0000000000045430       0x5c ../Timer_ece10243upb_bsp/\libhal_bsp.a(alt_do_ctors.o)
                0x0000000000045430                _do_ctors
 .text          0x000000000004548c       0x5c ../Timer_ece10243upb_bsp/\libhal_bsp.a(alt_do_dtors.o)
                0x000000000004548c                _do_dtors
 .text          0x00000000000454e8        0x0 ../Timer_ece10243upb_bsp/\libhal_bsp.a(alt_exception_entry.o)
 .text          0x00000000000454e8       0x1c ../Timer_ece10243upb_bsp/\libhal_bsp.a(alt_icache_flush_all.o)
                0x00000000000454e8                alt_icache_flush_all
 .text          0x0000000000045504       0x9c ../Timer_ece10243upb_bsp/\libhal_bsp.a(alt_instruction_exception_entry.o)
                0x0000000000045504                alt_exception_cause_generated_bad_addr
 .text          0x00000000000455a0      0x158 ../Timer_ece10243upb_bsp/\libhal_bsp.a(alt_io_redirect.o)
                0x0000000000045680                alt_io_redirect
 .text          0x00000000000456f8      0x2a4 ../Timer_ece10243upb_bsp/\libhal_bsp.a(alt_open.o)
                0x000000000004583c                open
 .text          0x000000000004599c      0x19c ../Timer_ece10243upb_bsp/\libhal_bsp.a(alt_tick.o)
                0x000000000004599c                alt_alarm_stop
                0x0000000000045a34                alt_tick
 .text          0x0000000000045b38       0x20 ../Timer_ece10243upb_bsp/\libhal_bsp.a(altera_nios2_gen2_irq.o)
                0x0000000000045b38                altera_nios2_gen2_irq_init
 .text          0x0000000000045b58       0x90 ../Timer_ece10243upb_bsp/\libhal_bsp.a(alt_find_dev.o)
                0x0000000000045b58                alt_find_dev
 .text          0x0000000000045be8      0x114 ../Timer_ece10243upb_bsp/\libhal_bsp.a(alt_find_file.o)
                0x0000000000045be8                alt_find_file
 .text          0x0000000000045cfc       0xd4 ../Timer_ece10243upb_bsp/\libhal_bsp.a(alt_get_fd.o)
                0x0000000000045cfc                alt_get_fd
 .text          0x0000000000045dd0       0x14 c:/altera/15.0/nios2eds/bin/gnu/h-x86_64-mingw32/bin/../lib/gcc/nios2-elf/4.9.1/../../../../../H-x86_64-mingw32/nios2-elf/lib/mno-hw-mul\libc.a(lib_a-atexit.o)
                0x0000000000045dd0                atexit
 .text          0x0000000000045de4       0x38 c:/altera/15.0/nios2eds/bin/gnu/h-x86_64-mingw32/bin/../lib/gcc/nios2-elf/4.9.1/../../../../../H-x86_64-mingw32/nios2-elf/lib/mno-hw-mul\libc.a(lib_a-exit.o)
                0x0000000000045de4                exit
 .text          0x0000000000045e1c       0x7c c:/altera/15.0/nios2eds/bin/gnu/h-x86_64-mingw32/bin/../lib/gcc/nios2-elf/4.9.1/../../../../../H-x86_64-mingw32/nios2-elf/lib/mno-hw-mul\libc.a(lib_a-memcmp.o)
                0x0000000000045e1c                memcmp
 .text          0x0000000000045e98      0x114 c:/altera/15.0/nios2eds/bin/gnu/h-x86_64-mingw32/bin/../lib/gcc/nios2-elf/4.9.1/../../../../../H-x86_64-mingw32/nios2-elf/lib/mno-hw-mul\libc.a(lib_a-__atexit.o)
                0x0000000000045e98                __register_exitproc
 .text          0x0000000000045fac      0x194 c:/altera/15.0/nios2eds/bin/gnu/h-x86_64-mingw32/bin/../lib/gcc/nios2-elf/4.9.1/../../../../../H-x86_64-mingw32/nios2-elf/lib/mno-hw-mul\libc.a(lib_a-__call_atexit.o)
                0x0000000000045fac                __call_exitprocs
 .text          0x0000000000046140       0x34 ../Timer_ece10243upb_bsp/\libhal_bsp.a(alt_exit.o)
                0x0000000000046140                _exit
 *(.gnu.warning.*)
 *(.fini)
                0x0000000000046174                PROVIDE (__etext, ABSOLUTE (.))
                0x0000000000046174                PROVIDE (_etext, ABSOLUTE (.))
                0x0000000000046174                PROVIDE (etext, ABSOLUTE (.))
 *(.eh_frame_hdr)
                0x0000000000046174                . = ALIGN (0x4)
                0x0000000000046174                PROVIDE (__preinit_array_start, ABSOLUTE (.))
 *(.preinit_array)
                0x0000000000046174                PROVIDE (__preinit_array_end, ABSOLUTE (.))
                0x0000000000046174                PROVIDE (__init_array_start, ABSOLUTE (.))
 *(.init_array)
                0x0000000000046174                PROVIDE (__init_array_end, ABSOLUTE (.))
                0x0000000000046174                PROVIDE (__fini_array_start, ABSOLUTE (.))
 *(.fini_array)
                0x0000000000046174                PROVIDE (__fini_array_end, ABSOLUTE (.))
 *(.eh_frame)
 *(.gcc_except_table .gcc_except_table.*)
 *(.dynamic)
                0x0000000000046174                PROVIDE (__CTOR_LIST__, ABSOLUTE (.))
 *(.ctors)
 *(SORT(.ctors.*))
                0x0000000000046174                PROVIDE (__CTOR_END__, ABSOLUTE (.))
                0x0000000000046174                PROVIDE (__DTOR_LIST__, ABSOLUTE (.))
 *(.dtors)
 *(SORT(.dtors.*))
                0x0000000000046174                PROVIDE (__DTOR_END__, ABSOLUTE (.))
 *(.jcr)
                0x0000000000046174                . = ALIGN (0x4)

.rodata         0x0000000000046174       0x58
                0x0000000000046174                PROVIDE (__ram_rodata_start, ABSOLUTE (.))
                0x0000000000046174                . = ALIGN (0x4)
 *(.rodata .rodata.* .gnu.linkonce.r.*)
 .rodata        0x0000000000046174       0x18 obj/default/hello_world.o
 .rodata.str1.4
                0x000000000004618c        0x2 c:/altera/15.0/nios2eds/bin/gnu/h-x86_64-mingw32/bin/../lib/gcc/nios2-elf/4.9.1/../../../../../H-x86_64-mingw32/nios2-elf/lib/mno-hw-mul\libc.a(lib_a-puts.o)
                                          0x4 (size before relaxing)
 *fill*         0x000000000004618e        0x2 
 .rodata.str1.4
                0x0000000000046190        0x4 c:/altera/15.0/nios2eds/bin/gnu/h-x86_64-mingw32/bin/../lib/gcc/nios2-elf/4.9.1/../../../../../H-x86_64-mingw32/nios2-elf/lib/mno-hw-mul\libc.a(lib_a-impure.o)
 .rodata        0x0000000000046194        0xc ../Timer_ece10243upb_bsp/\libhal_bsp.a(alt_dev.o)
 .rodata        0x00000000000461a0       0x10 ../Timer_ece10243upb_bsp/\libhal_bsp.a(alt_main.o)
 .rodata        0x00000000000461b0       0x1c ../Timer_ece10243upb_bsp/\libhal_bsp.a(alt_sys_init.o)
 *(.rodata1)
                0x00000000000461cc                . = ALIGN (0x4)
                0x00000000000461cc                PROVIDE (__ram_rodata_end, ABSOLUTE (.))
                0x0000000000046174                PROVIDE (__flash_rodata_start, LOADADDR (.rodata))

.rwdata         0x00000000000461cc     0x1b30 load address 0x0000000000047cfc
                0x00000000000461cc                PROVIDE (__ram_rwdata_start, ABSOLUTE (.))
                0x00000000000461cc                . = ALIGN (0x4)
 *(.got.plt)
 *(.got)
 *(.data1)
 *(.data .data.* .gnu.linkonce.d.*)
 .data          0x00000000000461cc        0x0 ../Timer_ece10243upb_bsp//obj/HAL/src/crt0.o
 .data          0x00000000000461cc        0x0 obj/default/hello_world.o
 .data          0x00000000000461cc        0x0 c:/altera/15.0/nios2eds/bin/gnu/h-x86_64-mingw32/bin/../lib/gcc/nios2-elf/4.9.1/mno-hw-mul\libgcc.a(lib2-divmod.o)
 .data          0x00000000000461cc        0x0 c:/altera/15.0/nios2eds/bin/gnu/h-x86_64-mingw32/bin/../lib/gcc/nios2-elf/4.9.1/../../../../../H-x86_64-mingw32/nios2-elf/lib/mno-hw-mul\libc.a(lib_a-puts.o)
 .data          0x00000000000461cc        0x0 c:/altera/15.0/nios2eds/bin/gnu/h-x86_64-mingw32/bin/../lib/gcc/nios2-elf/4.9.1/../../../../../H-x86_64-mingw32/nios2-elf/lib/mno-hw-mul\libc.a(lib_a-strlen.o)
 .data          0x00000000000461cc        0x0 c:/altera/15.0/nios2eds/bin/gnu/h-x86_64-mingw32/bin/../lib/gcc/nios2-elf/4.9.1/../../../../../H-x86_64-mingw32/nios2-elf/lib/mno-hw-mul\libc.a(lib_a-fvwrite.o)
 .data          0x00000000000461cc      0x424 c:/altera/15.0/nios2eds/bin/gnu/h-x86_64-mingw32/bin/../lib/gcc/nios2-elf/4.9.1/../../../../../H-x86_64-mingw32/nios2-elf/lib/mno-hw-mul\libc.a(lib_a-impure.o)
 .data          0x00000000000465f0      0x408 c:/altera/15.0/nios2eds/bin/gnu/h-x86_64-mingw32/bin/../lib/gcc/nios2-elf/4.9.1/../../../../../H-x86_64-mingw32/nios2-elf/lib/mno-hw-mul\libc.a(lib_a-mallocr.o)
                0x00000000000465f0                __malloc_av_
 .data          0x00000000000469f8        0x0 c:/altera/15.0/nios2eds/bin/gnu/h-x86_64-mingw32/bin/../lib/gcc/nios2-elf/4.9.1/../../../../../H-x86_64-mingw32/nios2-elf/lib/mno-hw-mul\libc.a(lib_a-memchr.o)
 .data          0x00000000000469f8        0x0 c:/altera/15.0/nios2eds/bin/gnu/h-x86_64-mingw32/bin/../lib/gcc/nios2-elf/4.9.1/../../../../../H-x86_64-mingw32/nios2-elf/lib/mno-hw-mul\libc.a(lib_a-memcpy.o)
 .data          0x00000000000469f8        0x0 c:/altera/15.0/nios2eds/bin/gnu/h-x86_64-mingw32/bin/../lib/gcc/nios2-elf/4.9.1/../../../../../H-x86_64-mingw32/nios2-elf/lib/mno-hw-mul\libc.a(lib_a-memmove.o)
 .data          0x00000000000469f8        0x0 c:/altera/15.0/nios2eds/bin/gnu/h-x86_64-mingw32/bin/../lib/gcc/nios2-elf/4.9.1/../../../../../H-x86_64-mingw32/nios2-elf/lib/mno-hw-mul\libc.a(lib_a-reallocr.o)
 .data          0x00000000000469f8        0x0 c:/altera/15.0/nios2eds/bin/gnu/h-x86_64-mingw32/bin/../lib/gcc/nios2-elf/4.9.1/../../../../../H-x86_64-mingw32/nios2-elf/lib/mno-hw-mul\libc.a(lib_a-sbrkr.o)
 .data          0x00000000000469f8        0x0 c:/altera/15.0/nios2eds/bin/gnu/h-x86_64-mingw32/bin/../lib/gcc/nios2-elf/4.9.1/../../../../../H-x86_64-mingw32/nios2-elf/lib/mno-hw-mul\libc.a(lib_a-wsetup.o)
 .data          0x00000000000469f8        0x0 c:/altera/15.0/nios2eds/bin/gnu/h-x86_64-mingw32/bin/../lib/gcc/nios2-elf/4.9.1/../../../../../H-x86_64-mingw32/nios2-elf/lib/mno-hw-mul\libc.a(lib_a-fflush.o)
 .data          0x00000000000469f8        0x0 c:/altera/15.0/nios2eds/bin/gnu/h-x86_64-mingw32/bin/../lib/gcc/nios2-elf/4.9.1/../../../../../H-x86_64-mingw32/nios2-elf/lib/mno-hw-mul\libc.a(lib_a-findfp.o)
 .data          0x00000000000469f8        0x0 c:/altera/15.0/nios2eds/bin/gnu/h-x86_64-mingw32/bin/../lib/gcc/nios2-elf/4.9.1/../../../../../H-x86_64-mingw32/nios2-elf/lib/mno-hw-mul\libc.a(lib_a-freer.o)
 .data          0x00000000000469f8        0x0 c:/altera/15.0/nios2eds/bin/gnu/h-x86_64-mingw32/bin/../lib/gcc/nios2-elf/4.9.1/../../../../../H-x86_64-mingw32/nios2-elf/lib/mno-hw-mul\libc.a(lib_a-fwalk.o)
 .data          0x00000000000469f8        0x0 c:/altera/15.0/nios2eds/bin/gnu/h-x86_64-mingw32/bin/../lib/gcc/nios2-elf/4.9.1/../../../../../H-x86_64-mingw32/nios2-elf/lib/mno-hw-mul\libc.a(lib_a-int_errno.o)
 .data          0x00000000000469f8        0x0 c:/altera/15.0/nios2eds/bin/gnu/h-x86_64-mingw32/bin/../lib/gcc/nios2-elf/4.9.1/../../../../../H-x86_64-mingw32/nios2-elf/lib/mno-hw-mul\libc.a(lib_a-makebuf.o)
 .data          0x00000000000469f8        0x0 c:/altera/15.0/nios2eds/bin/gnu/h-x86_64-mingw32/bin/../lib/gcc/nios2-elf/4.9.1/../../../../../H-x86_64-mingw32/nios2-elf/lib/mno-hw-mul\libc.a(lib_a-memset.o)
 .data          0x00000000000469f8        0x0 c:/altera/15.0/nios2eds/bin/gnu/h-x86_64-mingw32/bin/../lib/gcc/nios2-elf/4.9.1/../../../../../H-x86_64-mingw32/nios2-elf/lib/mno-hw-mul\libc.a(lib_a-stdio.o)
 .data          0x00000000000469f8        0x0 c:/altera/15.0/nios2eds/bin/gnu/h-x86_64-mingw32/bin/../lib/gcc/nios2-elf/4.9.1/../../../../../H-x86_64-mingw32/nios2-elf/lib/mno-hw-mul\libc.a(lib_a-writer.o)
 .data          0x00000000000469f8        0x0 c:/altera/15.0/nios2eds/bin/gnu/h-x86_64-mingw32/bin/../lib/gcc/nios2-elf/4.9.1/../../../../../H-x86_64-mingw32/nios2-elf/lib/mno-hw-mul\libc.a(closer.o)
 .data          0x00000000000469f8        0x0 c:/altera/15.0/nios2eds/bin/gnu/h-x86_64-mingw32/bin/../lib/gcc/nios2-elf/4.9.1/../../../../../H-x86_64-mingw32/nios2-elf/lib/mno-hw-mul\libc.a(lib_a-fclose.o)
 .data          0x00000000000469f8        0x0 c:/altera/15.0/nios2eds/bin/gnu/h-x86_64-mingw32/bin/../lib/gcc/nios2-elf/4.9.1/../../../../../H-x86_64-mingw32/nios2-elf/lib/mno-hw-mul\libc.a(lib_a-fstatr.o)
 .data          0x00000000000469f8        0x0 c:/altera/15.0/nios2eds/bin/gnu/h-x86_64-mingw32/bin/../lib/gcc/nios2-elf/4.9.1/../../../../../H-x86_64-mingw32/nios2-elf/lib/mno-hw-mul\libc.a(lib_a-isattyr.o)
 .data          0x00000000000469f8        0x0 c:/altera/15.0/nios2eds/bin/gnu/h-x86_64-mingw32/bin/../lib/gcc/nios2-elf/4.9.1/../../../../../H-x86_64-mingw32/nios2-elf/lib/mno-hw-mul\libc.a(lib_a-lseekr.o)
 .data          0x00000000000469f8        0x0 c:/altera/15.0/nios2eds/bin/gnu/h-x86_64-mingw32/bin/../lib/gcc/nios2-elf/4.9.1/../../../../../H-x86_64-mingw32/nios2-elf/lib/mno-hw-mul\libc.a(lib_a-readr.o)
 .data          0x00000000000469f8        0x0 c:/altera/15.0/nios2eds/bin/gnu/h-x86_64-mingw32/bin/../lib/gcc/nios2-elf/4.9.1/mno-hw-mul\libgcc.a(lib2-mul.o)
 .data          0x00000000000469f8        0x0 ../Timer_ece10243upb_bsp/\libhal_bsp.a(alt_close.o)
 .data          0x00000000000469f8      0x1a8 ../Timer_ece10243upb_bsp/\libhal_bsp.a(alt_dev.o)
                0x00000000000469f8                alt_dev_null
                0x0000000000046a20                alt_fd_list
 .data          0x0000000000046ba0        0x0 ../Timer_ece10243upb_bsp/\libhal_bsp.a(alt_errno.o)
 .data          0x0000000000046ba0        0x0 ../Timer_ece10243upb_bsp/\libhal_bsp.a(alt_fstat.o)
 .data          0x0000000000046ba0        0x0 ../Timer_ece10243upb_bsp/\libhal_bsp.a(alt_iic.o)
 .data          0x0000000000046ba0        0x0 ../Timer_ece10243upb_bsp/\libhal_bsp.a(alt_iic_isr_register.o)
 .data          0x0000000000046ba0        0x0 ../Timer_ece10243upb_bsp/\libhal_bsp.a(alt_irq_entry.o)
 .data          0x0000000000046ba0        0x0 ../Timer_ece10243upb_bsp/\libhal_bsp.a(alt_irq_handler.o)
 .data          0x0000000000046ba0        0x0 ../Timer_ece10243upb_bsp/\libhal_bsp.a(alt_irq_vars.o)
 .data          0x0000000000046ba0        0x0 ../Timer_ece10243upb_bsp/\libhal_bsp.a(alt_isatty.o)
 .data          0x0000000000046ba0        0x0 ../Timer_ece10243upb_bsp/\libhal_bsp.a(alt_load.o)
 .data          0x0000000000046ba0        0x0 ../Timer_ece10243upb_bsp/\libhal_bsp.a(alt_lseek.o)
 .data          0x0000000000046ba0        0x0 ../Timer_ece10243upb_bsp/\libhal_bsp.a(alt_main.o)
 .data          0x0000000000046ba0        0x0 ../Timer_ece10243upb_bsp/\libhal_bsp.a(alt_malloc_lock.o)
 .data          0x0000000000046ba0        0x0 ../Timer_ece10243upb_bsp/\libhal_bsp.a(alt_read.o)
 .data          0x0000000000046ba0        0x0 ../Timer_ece10243upb_bsp/\libhal_bsp.a(alt_release_fd.o)
 .data          0x0000000000046ba0        0x0 ../Timer_ece10243upb_bsp/\libhal_bsp.a(alt_sbrk.o)
 .data          0x0000000000046ba0        0x0 ../Timer_ece10243upb_bsp/\libhal_bsp.a(alt_write.o)
 .data          0x0000000000046ba0     0x1124 ../Timer_ece10243upb_bsp/\libhal_bsp.a(alt_sys_init.o)
 .data          0x0000000000047cc4        0x0 ../Timer_ece10243upb_bsp/\libhal_bsp.a(altera_avalon_jtag_uart_fd.o)
 .data          0x0000000000047cc4        0x0 ../Timer_ece10243upb_bsp/\libhal_bsp.a(altera_avalon_jtag_uart_init.o)
 .data          0x0000000000047cc4        0x0 ../Timer_ece10243upb_bsp/\libhal_bsp.a(altera_avalon_jtag_uart_ioctl.o)
 .data          0x0000000000047cc4        0x0 ../Timer_ece10243upb_bsp/\libhal_bsp.a(altera_avalon_jtag_uart_read.o)
 .data          0x0000000000047cc4        0x0 ../Timer_ece10243upb_bsp/\libhal_bsp.a(altera_avalon_jtag_uart_write.o)
 .data          0x0000000000047cc4        0x0 ../Timer_ece10243upb_bsp/\libhal_bsp.a(altera_avalon_timer_sc.o)
 .data          0x0000000000047cc4        0x0 ../Timer_ece10243upb_bsp/\libhal_bsp.a(altera_avalon_uart_fd.o)
 .data          0x0000000000047cc4        0x0 ../Timer_ece10243upb_bsp/\libhal_bsp.a(altera_avalon_uart_init.o)
 .data          0x0000000000047cc4        0x0 ../Timer_ece10243upb_bsp/\libhal_bsp.a(altera_avalon_uart_read.o)
 .data          0x0000000000047cc4        0x0 ../Timer_ece10243upb_bsp/\libhal_bsp.a(altera_avalon_uart_write.o)
 .data          0x0000000000047cc4        0x0 ../Timer_ece10243upb_bsp/\libhal_bsp.a(alt_alarm_start.o)
 .data          0x0000000000047cc4        0x0 ../Timer_ece10243upb_bsp/\libhal_bsp.a(alt_dcache_flush_all.o)
 .data          0x0000000000047cc4        0x0 ../Timer_ece10243upb_bsp/\libhal_bsp.a(alt_dev_llist_insert.o)
 .data          0x0000000000047cc4        0x0 ../Timer_ece10243upb_bsp/\libhal_bsp.a(alt_do_ctors.o)
 .data          0x0000000000047cc4        0x0 ../Timer_ece10243upb_bsp/\libhal_bsp.a(alt_do_dtors.o)
 .data          0x0000000000047cc4        0x0 ../Timer_ece10243upb_bsp/\libhal_bsp.a(alt_exception_entry.o)
 .data          0x0000000000047cc4        0x0 ../Timer_ece10243upb_bsp/\libhal_bsp.a(alt_icache_flush_all.o)
 .data          0x0000000000047cc4        0x0 ../Timer_ece10243upb_bsp/\libhal_bsp.a(alt_instruction_exception_entry.o)
 .data          0x0000000000047cc4        0x0 ../Timer_ece10243upb_bsp/\libhal_bsp.a(alt_io_redirect.o)
 .data          0x0000000000047cc4        0x0 ../Timer_ece10243upb_bsp/\libhal_bsp.a(alt_open.o)
 .data          0x0000000000047cc4        0x0 ../Timer_ece10243upb_bsp/\libhal_bsp.a(alt_tick.o)
 .data          0x0000000000047cc4        0x0 ../Timer_ece10243upb_bsp/\libhal_bsp.a(altera_nios2_gen2_irq.o)
 .data          0x0000000000047cc4        0x0 ../Timer_ece10243upb_bsp/\libhal_bsp.a(alt_find_dev.o)
 .data          0x0000000000047cc4        0x0 ../Timer_ece10243upb_bsp/\libhal_bsp.a(alt_find_file.o)
 .data          0x0000000000047cc4        0x0 ../Timer_ece10243upb_bsp/\libhal_bsp.a(alt_get_fd.o)
 .data          0x0000000000047cc4        0x0 c:/altera/15.0/nios2eds/bin/gnu/h-x86_64-mingw32/bin/../lib/gcc/nios2-elf/4.9.1/../../../../../H-x86_64-mingw32/nios2-elf/lib/mno-hw-mul\libc.a(lib_a-atexit.o)
 .data          0x0000000000047cc4        0x0 c:/altera/15.0/nios2eds/bin/gnu/h-x86_64-mingw32/bin/../lib/gcc/nios2-elf/4.9.1/../../../../../H-x86_64-mingw32/nios2-elf/lib/mno-hw-mul\libc.a(lib_a-exit.o)
 .data          0x0000000000047cc4        0x0 c:/altera/15.0/nios2eds/bin/gnu/h-x86_64-mingw32/bin/../lib/gcc/nios2-elf/4.9.1/../../../../../H-x86_64-mingw32/nios2-elf/lib/mno-hw-mul\libc.a(lib_a-memcmp.o)
 .data          0x0000000000047cc4        0x0 c:/altera/15.0/nios2eds/bin/gnu/h-x86_64-mingw32/bin/../lib/gcc/nios2-elf/4.9.1/../../../../../H-x86_64-mingw32/nios2-elf/lib/mno-hw-mul\libc.a(lib_a-__atexit.o)
 .data          0x0000000000047cc4        0x0 c:/altera/15.0/nios2eds/bin/gnu/h-x86_64-mingw32/bin/../lib/gcc/nios2-elf/4.9.1/../../../../../H-x86_64-mingw32/nios2-elf/lib/mno-hw-mul\libc.a(lib_a-__call_atexit.o)
 .data          0x0000000000047cc4        0x0 ../Timer_ece10243upb_bsp/\libhal_bsp.a(alt_exit.o)
                0x000000000004fcc4                _gp = ABSOLUTE ((. + 0x8000))
                0x000000000004fcc4                PROVIDE (gp, _gp)
 *(.rwdata .rwdata.*)
 *(.sdata .sdata.* .gnu.linkonce.s.*)
 .sdata         0x0000000000047cc4        0x8 c:/altera/15.0/nios2eds/bin/gnu/h-x86_64-mingw32/bin/../lib/gcc/nios2-elf/4.9.1/../../../../../H-x86_64-mingw32/nios2-elf/lib/mno-hw-mul\libc.a(lib_a-impure.o)
                0x0000000000047cc4                _global_impure_ptr
                0x0000000000047cc8                _impure_ptr
 .sdata         0x0000000000047ccc        0x8 c:/altera/15.0/nios2eds/bin/gnu/h-x86_64-mingw32/bin/../lib/gcc/nios2-elf/4.9.1/../../../../../H-x86_64-mingw32/nios2-elf/lib/mno-hw-mul\libc.a(lib_a-mallocr.o)
                0x0000000000047ccc                __malloc_sbrk_base
                0x0000000000047cd0                __malloc_trim_threshold
 .sdata         0x0000000000047cd4       0x14 ../Timer_ece10243upb_bsp/\libhal_bsp.a(alt_dev.o)
                0x0000000000047cd4                alt_fs_list
                0x0000000000047cdc                alt_dev_list
                0x0000000000047ce4                alt_max_fd
 .sdata         0x0000000000047ce8        0x4 ../Timer_ece10243upb_bsp/\libhal_bsp.a(alt_errno.o)
                0x0000000000047ce8                alt_errno
 .sdata         0x0000000000047cec        0x4 ../Timer_ece10243upb_bsp/\libhal_bsp.a(alt_irq_vars.o)
                0x0000000000047cec                alt_priority_mask
 .sdata         0x0000000000047cf0        0x4 ../Timer_ece10243upb_bsp/\libhal_bsp.a(alt_sbrk.o)
 .sdata         0x0000000000047cf4        0x8 ../Timer_ece10243upb_bsp/\libhal_bsp.a(alt_tick.o)
                0x0000000000047cf4                alt_alarm_list
 *(.sdata2 .sdata2.* .gnu.linkonce.s2.*)
                0x0000000000047cfc                . = ALIGN (0x4)
                0x0000000000047cfc                _edata = ABSOLUTE (.)
                0x0000000000047cfc                PROVIDE (edata, ABSOLUTE (.))
                0x0000000000047cfc                PROVIDE (__ram_rwdata_end, ABSOLUTE (.))
                0x0000000000047cfc                PROVIDE (__flash_rwdata_start, LOADADDR (.rwdata))

.bss            0x000000000004982c      0x158
                0x000000000004982c                __bss_start = ABSOLUTE (.)
                0x000000000004982c                PROVIDE (__sbss_start, ABSOLUTE (.))
                0x000000000004982c                PROVIDE (___sbss_start, ABSOLUTE (.))
 *(.dynsbss)
 *(.sbss .sbss.* .gnu.linkonce.sb.*)
 .sbss          0x000000000004982c        0x2 obj/default/hello_world.o
 *fill*         0x000000000004982e        0x2 
 .sbss          0x0000000000049830        0xc c:/altera/15.0/nios2eds/bin/gnu/h-x86_64-mingw32/bin/../lib/gcc/nios2-elf/4.9.1/../../../../../H-x86_64-mingw32/nios2-elf/lib/mno-hw-mul\libc.a(lib_a-mallocr.o)
                0x0000000000049830                __malloc_max_total_mem
                0x0000000000049834                __malloc_max_sbrked_mem
                0x0000000000049838                __malloc_top_pad
 .sbss          0x000000000004983c        0x4 c:/altera/15.0/nios2eds/bin/gnu/h-x86_64-mingw32/bin/../lib/gcc/nios2-elf/4.9.1/../../../../../H-x86_64-mingw32/nios2-elf/lib/mno-hw-mul\libc.a(lib_a-int_errno.o)
                0x000000000004983c                errno
 .sbss          0x0000000000049840        0x4 ../Timer_ece10243upb_bsp/\libhal_bsp.a(alt_irq_vars.o)
                0x0000000000049840                alt_irq_active
 .sbss          0x0000000000049844        0xc ../Timer_ece10243upb_bsp/\libhal_bsp.a(alt_main.o)
                0x0000000000049844                alt_argc
                0x0000000000049848                alt_argv
                0x000000000004984c                alt_envp
 .sbss          0x0000000000049850        0x4 ../Timer_ece10243upb_bsp/\libhal_bsp.a(alt_instruction_exception_entry.o)
                0x0000000000049850                alt_instruction_exception_handler
 .sbss          0x0000000000049854        0x8 ../Timer_ece10243upb_bsp/\libhal_bsp.a(alt_tick.o)
                0x0000000000049854                _alt_tick_rate
                0x0000000000049858                _alt_nticks
 *(.sbss2 .sbss2.* .gnu.linkonce.sb2.*)
 *(.scommon)
                0x000000000004985c                PROVIDE (__sbss_end, ABSOLUTE (.))
                0x000000000004985c                PROVIDE (___sbss_end, ABSOLUTE (.))
 *(.dynbss)
 *(.bss .bss.* .gnu.linkonce.b.*)
 .bss           0x000000000004985c        0x0 ../Timer_ece10243upb_bsp//obj/HAL/src/crt0.o
 .bss           0x000000000004985c        0x0 obj/default/hello_world.o
 .bss           0x000000000004985c        0x0 c:/altera/15.0/nios2eds/bin/gnu/h-x86_64-mingw32/bin/../lib/gcc/nios2-elf/4.9.1/mno-hw-mul\libgcc.a(lib2-divmod.o)
 .bss           0x000000000004985c        0x0 c:/altera/15.0/nios2eds/bin/gnu/h-x86_64-mingw32/bin/../lib/gcc/nios2-elf/4.9.1/../../../../../H-x86_64-mingw32/nios2-elf/lib/mno-hw-mul\libc.a(lib_a-puts.o)
 .bss           0x000000000004985c        0x0 c:/altera/15.0/nios2eds/bin/gnu/h-x86_64-mingw32/bin/../lib/gcc/nios2-elf/4.9.1/../../../../../H-x86_64-mingw32/nios2-elf/lib/mno-hw-mul\libc.a(lib_a-strlen.o)
 .bss           0x000000000004985c        0x0 c:/altera/15.0/nios2eds/bin/gnu/h-x86_64-mingw32/bin/../lib/gcc/nios2-elf/4.9.1/../../../../../H-x86_64-mingw32/nios2-elf/lib/mno-hw-mul\libc.a(lib_a-fvwrite.o)
 .bss           0x000000000004985c        0x0 c:/altera/15.0/nios2eds/bin/gnu/h-x86_64-mingw32/bin/../lib/gcc/nios2-elf/4.9.1/../../../../../H-x86_64-mingw32/nios2-elf/lib/mno-hw-mul\libc.a(lib_a-impure.o)
 .bss           0x000000000004985c       0x28 c:/altera/15.0/nios2eds/bin/gnu/h-x86_64-mingw32/bin/../lib/gcc/nios2-elf/4.9.1/../../../../../H-x86_64-mingw32/nios2-elf/lib/mno-hw-mul\libc.a(lib_a-mallocr.o)
                0x000000000004985c                __malloc_current_mallinfo
 .bss           0x0000000000049884        0x0 c:/altera/15.0/nios2eds/bin/gnu/h-x86_64-mingw32/bin/../lib/gcc/nios2-elf/4.9.1/../../../../../H-x86_64-mingw32/nios2-elf/lib/mno-hw-mul\libc.a(lib_a-memchr.o)
 .bss           0x0000000000049884        0x0 c:/altera/15.0/nios2eds/bin/gnu/h-x86_64-mingw32/bin/../lib/gcc/nios2-elf/4.9.1/../../../../../H-x86_64-mingw32/nios2-elf/lib/mno-hw-mul\libc.a(lib_a-memcpy.o)
 .bss           0x0000000000049884        0x0 c:/altera/15.0/nios2eds/bin/gnu/h-x86_64-mingw32/bin/../lib/gcc/nios2-elf/4.9.1/../../../../../H-x86_64-mingw32/nios2-elf/lib/mno-hw-mul\libc.a(lib_a-memmove.o)
 .bss           0x0000000000049884        0x0 c:/altera/15.0/nios2eds/bin/gnu/h-x86_64-mingw32/bin/../lib/gcc/nios2-elf/4.9.1/../../../../../H-x86_64-mingw32/nios2-elf/lib/mno-hw-mul\libc.a(lib_a-reallocr.o)
 .bss           0x0000000000049884        0x0 c:/altera/15.0/nios2eds/bin/gnu/h-x86_64-mingw32/bin/../lib/gcc/nios2-elf/4.9.1/../../../../../H-x86_64-mingw32/nios2-elf/lib/mno-hw-mul\libc.a(lib_a-sbrkr.o)
 .bss           0x0000000000049884        0x0 c:/altera/15.0/nios2eds/bin/gnu/h-x86_64-mingw32/bin/../lib/gcc/nios2-elf/4.9.1/../../../../../H-x86_64-mingw32/nios2-elf/lib/mno-hw-mul\libc.a(lib_a-wsetup.o)
 .bss           0x0000000000049884        0x0 c:/altera/15.0/nios2eds/bin/gnu/h-x86_64-mingw32/bin/../lib/gcc/nios2-elf/4.9.1/../../../../../H-x86_64-mingw32/nios2-elf/lib/mno-hw-mul\libc.a(lib_a-fflush.o)
 .bss           0x0000000000049884        0x0 c:/altera/15.0/nios2eds/bin/gnu/h-x86_64-mingw32/bin/../lib/gcc/nios2-elf/4.9.1/../../../../../H-x86_64-mingw32/nios2-elf/lib/mno-hw-mul\libc.a(lib_a-findfp.o)
 .bss           0x0000000000049884        0x0 c:/altera/15.0/nios2eds/bin/gnu/h-x86_64-mingw32/bin/../lib/gcc/nios2-elf/4.9.1/../../../../../H-x86_64-mingw32/nios2-elf/lib/mno-hw-mul\libc.a(lib_a-freer.o)
 .bss           0x0000000000049884        0x0 c:/altera/15.0/nios2eds/bin/gnu/h-x86_64-mingw32/bin/../lib/gcc/nios2-elf/4.9.1/../../../../../H-x86_64-mingw32/nios2-elf/lib/mno-hw-mul\libc.a(lib_a-fwalk.o)
 .bss           0x0000000000049884        0x0 c:/altera/15.0/nios2eds/bin/gnu/h-x86_64-mingw32/bin/../lib/gcc/nios2-elf/4.9.1/../../../../../H-x86_64-mingw32/nios2-elf/lib/mno-hw-mul\libc.a(lib_a-int_errno.o)
 .bss           0x0000000000049884        0x0 c:/altera/15.0/nios2eds/bin/gnu/h-x86_64-mingw32/bin/../lib/gcc/nios2-elf/4.9.1/../../../../../H-x86_64-mingw32/nios2-elf/lib/mno-hw-mul\libc.a(lib_a-makebuf.o)
 .bss           0x0000000000049884        0x0 c:/altera/15.0/nios2eds/bin/gnu/h-x86_64-mingw32/bin/../lib/gcc/nios2-elf/4.9.1/../../../../../H-x86_64-mingw32/nios2-elf/lib/mno-hw-mul\libc.a(lib_a-memset.o)
 .bss           0x0000000000049884        0x0 c:/altera/15.0/nios2eds/bin/gnu/h-x86_64-mingw32/bin/../lib/gcc/nios2-elf/4.9.1/../../../../../H-x86_64-mingw32/nios2-elf/lib/mno-hw-mul\libc.a(lib_a-stdio.o)
 .bss           0x0000000000049884        0x0 c:/altera/15.0/nios2eds/bin/gnu/h-x86_64-mingw32/bin/../lib/gcc/nios2-elf/4.9.1/../../../../../H-x86_64-mingw32/nios2-elf/lib/mno-hw-mul\libc.a(lib_a-writer.o)
 .bss           0x0000000000049884        0x0 c:/altera/15.0/nios2eds/bin/gnu/h-x86_64-mingw32/bin/../lib/gcc/nios2-elf/4.9.1/../../../../../H-x86_64-mingw32/nios2-elf/lib/mno-hw-mul\libc.a(closer.o)
 .bss           0x0000000000049884        0x0 c:/altera/15.0/nios2eds/bin/gnu/h-x86_64-mingw32/bin/../lib/gcc/nios2-elf/4.9.1/../../../../../H-x86_64-mingw32/nios2-elf/lib/mno-hw-mul\libc.a(lib_a-fclose.o)
 .bss           0x0000000000049884        0x0 c:/altera/15.0/nios2eds/bin/gnu/h-x86_64-mingw32/bin/../lib/gcc/nios2-elf/4.9.1/../../../../../H-x86_64-mingw32/nios2-elf/lib/mno-hw-mul\libc.a(lib_a-fstatr.o)
 .bss           0x0000000000049884        0x0 c:/altera/15.0/nios2eds/bin/gnu/h-x86_64-mingw32/bin/../lib/gcc/nios2-elf/4.9.1/../../../../../H-x86_64-mingw32/nios2-elf/lib/mno-hw-mul\libc.a(lib_a-isattyr.o)
 .bss           0x0000000000049884        0x0 c:/altera/15.0/nios2eds/bin/gnu/h-x86_64-mingw32/bin/../lib/gcc/nios2-elf/4.9.1/../../../../../H-x86_64-mingw32/nios2-elf/lib/mno-hw-mul\libc.a(lib_a-lseekr.o)
 .bss           0x0000000000049884        0x0 c:/altera/15.0/nios2eds/bin/gnu/h-x86_64-mingw32/bin/../lib/gcc/nios2-elf/4.9.1/../../../../../H-x86_64-mingw32/nios2-elf/lib/mno-hw-mul\libc.a(lib_a-readr.o)
 .bss           0x0000000000049884        0x0 c:/altera/15.0/nios2eds/bin/gnu/h-x86_64-mingw32/bin/../lib/gcc/nios2-elf/4.9.1/mno-hw-mul\libgcc.a(lib2-mul.o)
 .bss           0x0000000000049884        0x0 ../Timer_ece10243upb_bsp/\libhal_bsp.a(alt_close.o)
 .bss           0x0000000000049884        0x0 ../Timer_ece10243upb_bsp/\libhal_bsp.a(alt_dev.o)
 .bss           0x0000000000049884        0x0 ../Timer_ece10243upb_bsp/\libhal_bsp.a(alt_errno.o)
 .bss           0x0000000000049884        0x0 ../Timer_ece10243upb_bsp/\libhal_bsp.a(alt_fstat.o)
 .bss           0x0000000000049884        0x0 ../Timer_ece10243upb_bsp/\libhal_bsp.a(alt_iic.o)
 .bss           0x0000000000049884        0x0 ../Timer_ece10243upb_bsp/\libhal_bsp.a(alt_iic_isr_register.o)
 .bss           0x0000000000049884        0x0 ../Timer_ece10243upb_bsp/\libhal_bsp.a(alt_irq_entry.o)
 .bss           0x0000000000049884        0x0 ../Timer_ece10243upb_bsp/\libhal_bsp.a(alt_irq_handler.o)
 .bss           0x0000000000049884        0x0 ../Timer_ece10243upb_bsp/\libhal_bsp.a(alt_irq_vars.o)
 .bss           0x0000000000049884        0x0 ../Timer_ece10243upb_bsp/\libhal_bsp.a(alt_isatty.o)
 .bss           0x0000000000049884        0x0 ../Timer_ece10243upb_bsp/\libhal_bsp.a(alt_load.o)
 .bss           0x0000000000049884        0x0 ../Timer_ece10243upb_bsp/\libhal_bsp.a(alt_lseek.o)
 .bss           0x0000000000049884        0x0 ../Timer_ece10243upb_bsp/\libhal_bsp.a(alt_main.o)
 .bss           0x0000000000049884        0x0 ../Timer_ece10243upb_bsp/\libhal_bsp.a(alt_malloc_lock.o)
 .bss           0x0000000000049884        0x0 ../Timer_ece10243upb_bsp/\libhal_bsp.a(alt_read.o)
 .bss           0x0000000000049884        0x0 ../Timer_ece10243upb_bsp/\libhal_bsp.a(alt_release_fd.o)
 .bss           0x0000000000049884        0x0 ../Timer_ece10243upb_bsp/\libhal_bsp.a(alt_sbrk.o)
 .bss           0x0000000000049884        0x0 ../Timer_ece10243upb_bsp/\libhal_bsp.a(alt_write.o)
 .bss           0x0000000000049884        0x0 ../Timer_ece10243upb_bsp/\libhal_bsp.a(alt_sys_init.o)
 .bss           0x0000000000049884        0x0 ../Timer_ece10243upb_bsp/\libhal_bsp.a(altera_avalon_jtag_uart_fd.o)
 .bss           0x0000000000049884        0x0 ../Timer_ece10243upb_bsp/\libhal_bsp.a(altera_avalon_jtag_uart_init.o)
 .bss           0x0000000000049884        0x0 ../Timer_ece10243upb_bsp/\libhal_bsp.a(altera_avalon_jtag_uart_ioctl.o)
 .bss           0x0000000000049884        0x0 ../Timer_ece10243upb_bsp/\libhal_bsp.a(altera_avalon_jtag_uart_read.o)
 .bss           0x0000000000049884        0x0 ../Timer_ece10243upb_bsp/\libhal_bsp.a(altera_avalon_jtag_uart_write.o)
 .bss           0x0000000000049884        0x0 ../Timer_ece10243upb_bsp/\libhal_bsp.a(altera_avalon_timer_sc.o)
 .bss           0x0000000000049884        0x0 ../Timer_ece10243upb_bsp/\libhal_bsp.a(altera_avalon_uart_fd.o)
 .bss           0x0000000000049884        0x0 ../Timer_ece10243upb_bsp/\libhal_bsp.a(altera_avalon_uart_init.o)
 .bss           0x0000000000049884        0x0 ../Timer_ece10243upb_bsp/\libhal_bsp.a(altera_avalon_uart_read.o)
 .bss           0x0000000000049884        0x0 ../Timer_ece10243upb_bsp/\libhal_bsp.a(altera_avalon_uart_write.o)
 .bss           0x0000000000049884        0x0 ../Timer_ece10243upb_bsp/\libhal_bsp.a(alt_alarm_start.o)
 .bss           0x0000000000049884        0x0 ../Timer_ece10243upb_bsp/\libhal_bsp.a(alt_dcache_flush_all.o)
 .bss           0x0000000000049884        0x0 ../Timer_ece10243upb_bsp/\libhal_bsp.a(alt_dev_llist_insert.o)
 .bss           0x0000000000049884        0x0 ../Timer_ece10243upb_bsp/\libhal_bsp.a(alt_do_ctors.o)
 .bss           0x0000000000049884        0x0 ../Timer_ece10243upb_bsp/\libhal_bsp.a(alt_do_dtors.o)
 .bss           0x0000000000049884        0x0 ../Timer_ece10243upb_bsp/\libhal_bsp.a(alt_exception_entry.o)
 .bss           0x0000000000049884        0x0 ../Timer_ece10243upb_bsp/\libhal_bsp.a(alt_icache_flush_all.o)
 .bss           0x0000000000049884        0x0 ../Timer_ece10243upb_bsp/\libhal_bsp.a(alt_instruction_exception_entry.o)
 .bss           0x0000000000049884        0x0 ../Timer_ece10243upb_bsp/\libhal_bsp.a(alt_io_redirect.o)
 .bss           0x0000000000049884        0x0 ../Timer_ece10243upb_bsp/\libhal_bsp.a(alt_open.o)
 .bss           0x0000000000049884        0x0 ../Timer_ece10243upb_bsp/\libhal_bsp.a(alt_tick.o)
 .bss           0x0000000000049884        0x0 ../Timer_ece10243upb_bsp/\libhal_bsp.a(altera_nios2_gen2_irq.o)
 .bss           0x0000000000049884        0x0 ../Timer_ece10243upb_bsp/\libhal_bsp.a(alt_find_dev.o)
 .bss           0x0000000000049884        0x0 ../Timer_ece10243upb_bsp/\libhal_bsp.a(alt_find_file.o)
 .bss           0x0000000000049884        0x0 ../Timer_ece10243upb_bsp/\libhal_bsp.a(alt_get_fd.o)
 .bss           0x0000000000049884        0x0 c:/altera/15.0/nios2eds/bin/gnu/h-x86_64-mingw32/bin/../lib/gcc/nios2-elf/4.9.1/../../../../../H-x86_64-mingw32/nios2-elf/lib/mno-hw-mul\libc.a(lib_a-atexit.o)
 .bss           0x0000000000049884        0x0 c:/altera/15.0/nios2eds/bin/gnu/h-x86_64-mingw32/bin/../lib/gcc/nios2-elf/4.9.1/../../../../../H-x86_64-mingw32/nios2-elf/lib/mno-hw-mul\libc.a(lib_a-exit.o)
 .bss           0x0000000000049884        0x0 c:/altera/15.0/nios2eds/bin/gnu/h-x86_64-mingw32/bin/../lib/gcc/nios2-elf/4.9.1/../../../../../H-x86_64-mingw32/nios2-elf/lib/mno-hw-mul\libc.a(lib_a-memcmp.o)
 .bss           0x0000000000049884        0x0 c:/altera/15.0/nios2eds/bin/gnu/h-x86_64-mingw32/bin/../lib/gcc/nios2-elf/4.9.1/../../../../../H-x86_64-mingw32/nios2-elf/lib/mno-hw-mul\libc.a(lib_a-__atexit.o)
 .bss           0x0000000000049884        0x0 c:/altera/15.0/nios2eds/bin/gnu/h-x86_64-mingw32/bin/../lib/gcc/nios2-elf/4.9.1/../../../../../H-x86_64-mingw32/nios2-elf/lib/mno-hw-mul\libc.a(lib_a-__call_atexit.o)
 .bss           0x0000000000049884        0x0 ../Timer_ece10243upb_bsp/\libhal_bsp.a(alt_exit.o)
 *(COMMON)
 COMMON         0x0000000000049884      0x100 ../Timer_ece10243upb_bsp/\libhal_bsp.a(alt_irq_handler.o)
                0x0000000000049884                alt_irq
                0x0000000000049984                . = ALIGN (0x4)
                0x0000000000049984                __bss_end = ABSOLUTE (.)

.RAM_jesus      0x0000000000049984        0x0
                0x0000000000049984                PROVIDE (_alt_partition_RAM_jesus_start, ABSOLUTE (.))
 *(.RAM_jesus .RAM_jesus. RAM_jesus.*)
                0x0000000000049984                . = ALIGN (0x4)
                0x0000000000049984                PROVIDE (_alt_partition_RAM_jesus_end, ABSOLUTE (.))
                0x0000000000049984                _end = ABSOLUTE (.)
                0x0000000000049984                end = ABSOLUTE (.)
                0x0000000000049984                __alt_stack_base = ABSOLUTE (.)
                0x0000000000049984                PROVIDE (_alt_partition_RAM_jesus_load_addr, LOADADDR (.RAM_jesus))

.stab
 *(.stab)

.stabstr
 *(.stabstr)

.stab.excl
 *(.stab.excl)

.stab.exclstr
 *(.stab.exclstr)

.stab.index
 *(.stab.index)

.stab.indexstr
 *(.stab.indexstr)

.comment        0x0000000000000000       0x23
 *(.comment)
 .comment       0x0000000000000000       0x23 obj/default/hello_world.o
                                         0x24 (size before relaxing)
 .comment       0x0000000000000000       0x24 c:/altera/15.0/nios2eds/bin/gnu/h-x86_64-mingw32/bin/../lib/gcc/nios2-elf/4.9.1/mno-hw-mul\libgcc.a(lib2-divmod.o)
 .comment       0x0000000000000000       0x24 c:/altera/15.0/nios2eds/bin/gnu/h-x86_64-mingw32/bin/../lib/gcc/nios2-elf/4.9.1/../../../../../H-x86_64-mingw32/nios2-elf/lib/mno-hw-mul\libc.a(lib_a-puts.o)
 .comment       0x0000000000000000       0x24 c:/altera/15.0/nios2eds/bin/gnu/h-x86_64-mingw32/bin/../lib/gcc/nios2-elf/4.9.1/../../../../../H-x86_64-mingw32/nios2-elf/lib/mno-hw-mul\libc.a(lib_a-strlen.o)
 .comment       0x0000000000000000       0x24 c:/altera/15.0/nios2eds/bin/gnu/h-x86_64-mingw32/bin/../lib/gcc/nios2-elf/4.9.1/../../../../../H-x86_64-mingw32/nios2-elf/lib/mno-hw-mul\libc.a(lib_a-fvwrite.o)
 .comment       0x0000000000000000       0x24 c:/altera/15.0/nios2eds/bin/gnu/h-x86_64-mingw32/bin/../lib/gcc/nios2-elf/4.9.1/../../../../../H-x86_64-mingw32/nios2-elf/lib/mno-hw-mul\libc.a(lib_a-impure.o)
 .comment       0x0000000000000000       0x24 c:/altera/15.0/nios2eds/bin/gnu/h-x86_64-mingw32/bin/../lib/gcc/nios2-elf/4.9.1/../../../../../H-x86_64-mingw32/nios2-elf/lib/mno-hw-mul\libc.a(lib_a-mallocr.o)
 .comment       0x0000000000000000       0x24 c:/altera/15.0/nios2eds/bin/gnu/h-x86_64-mingw32/bin/../lib/gcc/nios2-elf/4.9.1/../../../../../H-x86_64-mingw32/nios2-elf/lib/mno-hw-mul\libc.a(lib_a-memchr.o)
 .comment       0x0000000000000000       0x24 c:/altera/15.0/nios2eds/bin/gnu/h-x86_64-mingw32/bin/../lib/gcc/nios2-elf/4.9.1/../../../../../H-x86_64-mingw32/nios2-elf/lib/mno-hw-mul\libc.a(lib_a-memcpy.o)
 .comment       0x0000000000000000       0x24 c:/altera/15.0/nios2eds/bin/gnu/h-x86_64-mingw32/bin/../lib/gcc/nios2-elf/4.9.1/../../../../../H-x86_64-mingw32/nios2-elf/lib/mno-hw-mul\libc.a(lib_a-memmove.o)
 .comment       0x0000000000000000       0x24 c:/altera/15.0/nios2eds/bin/gnu/h-x86_64-mingw32/bin/../lib/gcc/nios2-elf/4.9.1/../../../../../H-x86_64-mingw32/nios2-elf/lib/mno-hw-mul\libc.a(lib_a-reallocr.o)
 .comment       0x0000000000000000       0x24 c:/altera/15.0/nios2eds/bin/gnu/h-x86_64-mingw32/bin/../lib/gcc/nios2-elf/4.9.1/../../../../../H-x86_64-mingw32/nios2-elf/lib/mno-hw-mul\libc.a(lib_a-sbrkr.o)
 .comment       0x0000000000000000       0x24 c:/altera/15.0/nios2eds/bin/gnu/h-x86_64-mingw32/bin/../lib/gcc/nios2-elf/4.9.1/../../../../../H-x86_64-mingw32/nios2-elf/lib/mno-hw-mul\libc.a(lib_a-wsetup.o)
 .comment       0x0000000000000000       0x24 c:/altera/15.0/nios2eds/bin/gnu/h-x86_64-mingw32/bin/../lib/gcc/nios2-elf/4.9.1/../../../../../H-x86_64-mingw32/nios2-elf/lib/mno-hw-mul\libc.a(lib_a-fflush.o)
 .comment       0x0000000000000000       0x24 c:/altera/15.0/nios2eds/bin/gnu/h-x86_64-mingw32/bin/../lib/gcc/nios2-elf/4.9.1/../../../../../H-x86_64-mingw32/nios2-elf/lib/mno-hw-mul\libc.a(lib_a-findfp.o)
 .comment       0x0000000000000000       0x24 c:/altera/15.0/nios2eds/bin/gnu/h-x86_64-mingw32/bin/../lib/gcc/nios2-elf/4.9.1/../../../../../H-x86_64-mingw32/nios2-elf/lib/mno-hw-mul\libc.a(lib_a-freer.o)
 .comment       0x0000000000000000       0x24 c:/altera/15.0/nios2eds/bin/gnu/h-x86_64-mingw32/bin/../lib/gcc/nios2-elf/4.9.1/../../../../../H-x86_64-mingw32/nios2-elf/lib/mno-hw-mul\libc.a(lib_a-fwalk.o)
 .comment       0x0000000000000000       0x24 c:/altera/15.0/nios2eds/bin/gnu/h-x86_64-mingw32/bin/../lib/gcc/nios2-elf/4.9.1/../../../../../H-x86_64-mingw32/nios2-elf/lib/mno-hw-mul\libc.a(lib_a-int_errno.o)
 .comment       0x0000000000000000       0x24 c:/altera/15.0/nios2eds/bin/gnu/h-x86_64-mingw32/bin/../lib/gcc/nios2-elf/4.9.1/../../../../../H-x86_64-mingw32/nios2-elf/lib/mno-hw-mul\libc.a(lib_a-makebuf.o)
 .comment       0x0000000000000000       0x24 c:/altera/15.0/nios2eds/bin/gnu/h-x86_64-mingw32/bin/../lib/gcc/nios2-elf/4.9.1/../../../../../H-x86_64-mingw32/nios2-elf/lib/mno-hw-mul\libc.a(lib_a-memset.o)
 .comment       0x0000000000000000       0x24 c:/altera/15.0/nios2eds/bin/gnu/h-x86_64-mingw32/bin/../lib/gcc/nios2-elf/4.9.1/../../../../../H-x86_64-mingw32/nios2-elf/lib/mno-hw-mul\libc.a(lib_a-stdio.o)
 .comment       0x0000000000000000       0x24 c:/altera/15.0/nios2eds/bin/gnu/h-x86_64-mingw32/bin/../lib/gcc/nios2-elf/4.9.1/../../../../../H-x86_64-mingw32/nios2-elf/lib/mno-hw-mul\libc.a(lib_a-writer.o)
 .comment       0x0000000000000000       0x24 c:/altera/15.0/nios2eds/bin/gnu/h-x86_64-mingw32/bin/../lib/gcc/nios2-elf/4.9.1/../../../../../H-x86_64-mingw32/nios2-elf/lib/mno-hw-mul\libc.a(closer.o)
 .comment       0x0000000000000000       0x24 c:/altera/15.0/nios2eds/bin/gnu/h-x86_64-mingw32/bin/../lib/gcc/nios2-elf/4.9.1/../../../../../H-x86_64-mingw32/nios2-elf/lib/mno-hw-mul\libc.a(lib_a-fclose.o)
 .comment       0x0000000000000000       0x24 c:/altera/15.0/nios2eds/bin/gnu/h-x86_64-mingw32/bin/../lib/gcc/nios2-elf/4.9.1/../../../../../H-x86_64-mingw32/nios2-elf/lib/mno-hw-mul\libc.a(lib_a-fstatr.o)
 .comment       0x0000000000000000       0x24 c:/altera/15.0/nios2eds/bin/gnu/h-x86_64-mingw32/bin/../lib/gcc/nios2-elf/4.9.1/../../../../../H-x86_64-mingw32/nios2-elf/lib/mno-hw-mul\libc.a(lib_a-isattyr.o)
 .comment       0x0000000000000000       0x24 c:/altera/15.0/nios2eds/bin/gnu/h-x86_64-mingw32/bin/../lib/gcc/nios2-elf/4.9.1/../../../../../H-x86_64-mingw32/nios2-elf/lib/mno-hw-mul\libc.a(lib_a-lseekr.o)
 .comment       0x0000000000000000       0x24 c:/altera/15.0/nios2eds/bin/gnu/h-x86_64-mingw32/bin/../lib/gcc/nios2-elf/4.9.1/../../../../../H-x86_64-mingw32/nios2-elf/lib/mno-hw-mul\libc.a(lib_a-readr.o)
 .comment       0x0000000000000000       0x24 c:/altera/15.0/nios2eds/bin/gnu/h-x86_64-mingw32/bin/../lib/gcc/nios2-elf/4.9.1/mno-hw-mul\libgcc.a(lib2-mul.o)
 .comment       0x0000000000000000       0x24 ../Timer_ece10243upb_bsp/\libhal_bsp.a(alt_close.o)
 .comment       0x0000000000000000       0x24 ../Timer_ece10243upb_bsp/\libhal_bsp.a(alt_dev.o)
 .comment       0x0000000000000000       0x24 ../Timer_ece10243upb_bsp/\libhal_bsp.a(alt_errno.o)
 .comment       0x0000000000000000       0x24 ../Timer_ece10243upb_bsp/\libhal_bsp.a(alt_fstat.o)
 .comment       0x0000000000000000       0x24 ../Timer_ece10243upb_bsp/\libhal_bsp.a(alt_iic.o)
 .comment       0x0000000000000000       0x24 ../Timer_ece10243upb_bsp/\libhal_bsp.a(alt_iic_isr_register.o)
 .comment       0x0000000000000000       0x24 ../Timer_ece10243upb_bsp/\libhal_bsp.a(alt_irq_handler.o)
 .comment       0x0000000000000000       0x24 ../Timer_ece10243upb_bsp/\libhal_bsp.a(alt_irq_vars.o)
 .comment       0x0000000000000000       0x24 ../Timer_ece10243upb_bsp/\libhal_bsp.a(alt_isatty.o)
 .comment       0x0000000000000000       0x24 ../Timer_ece10243upb_bsp/\libhal_bsp.a(alt_load.o)
 .comment       0x0000000000000000       0x24 ../Timer_ece10243upb_bsp/\libhal_bsp.a(alt_lseek.o)
 .comment       0x0000000000000000       0x24 ../Timer_ece10243upb_bsp/\libhal_bsp.a(alt_main.o)
 .comment       0x0000000000000000       0x24 ../Timer_ece10243upb_bsp/\libhal_bsp.a(alt_malloc_lock.o)
 .comment       0x0000000000000000       0x24 ../Timer_ece10243upb_bsp/\libhal_bsp.a(alt_read.o)
 .comment       0x0000000000000000       0x24 ../Timer_ece10243upb_bsp/\libhal_bsp.a(alt_release_fd.o)
 .comment       0x0000000000000000       0x24 ../Timer_ece10243upb_bsp/\libhal_bsp.a(alt_sbrk.o)
 .comment       0x0000000000000000       0x24 ../Timer_ece10243upb_bsp/\libhal_bsp.a(alt_write.o)
 .comment       0x0000000000000000       0x24 ../Timer_ece10243upb_bsp/\libhal_bsp.a(alt_sys_init.o)
 .comment       0x0000000000000000       0x24 ../Timer_ece10243upb_bsp/\libhal_bsp.a(altera_avalon_jtag_uart_fd.o)
 .comment       0x0000000000000000       0x24 ../Timer_ece10243upb_bsp/\libhal_bsp.a(altera_avalon_jtag_uart_init.o)
 .comment       0x0000000000000000       0x24 ../Timer_ece10243upb_bsp/\libhal_bsp.a(altera_avalon_jtag_uart_ioctl.o)
 .comment       0x0000000000000000       0x24 ../Timer_ece10243upb_bsp/\libhal_bsp.a(altera_avalon_jtag_uart_read.o)
 .comment       0x0000000000000000       0x24 ../Timer_ece10243upb_bsp/\libhal_bsp.a(altera_avalon_jtag_uart_write.o)
 .comment       0x0000000000000000       0x24 ../Timer_ece10243upb_bsp/\libhal_bsp.a(altera_avalon_timer_sc.o)
 .comment       0x0000000000000000       0x24 ../Timer_ece10243upb_bsp/\libhal_bsp.a(altera_avalon_uart_fd.o)
 .comment       0x0000000000000000       0x24 ../Timer_ece10243upb_bsp/\libhal_bsp.a(altera_avalon_uart_init.o)
 .comment       0x0000000000000000       0x24 ../Timer_ece10243upb_bsp/\libhal_bsp.a(altera_avalon_uart_read.o)
 .comment       0x0000000000000000       0x24 ../Timer_ece10243upb_bsp/\libhal_bsp.a(altera_avalon_uart_write.o)
 .comment       0x0000000000000000       0x24 ../Timer_ece10243upb_bsp/\libhal_bsp.a(alt_alarm_start.o)
 .comment       0x0000000000000000       0x24 ../Timer_ece10243upb_bsp/\libhal_bsp.a(alt_dcache_flush_all.o)
 .comment       0x0000000000000000       0x24 ../Timer_ece10243upb_bsp/\libhal_bsp.a(alt_dev_llist_insert.o)
 .comment       0x0000000000000000       0x24 ../Timer_ece10243upb_bsp/\libhal_bsp.a(alt_do_ctors.o)
 .comment       0x0000000000000000       0x24 ../Timer_ece10243upb_bsp/\libhal_bsp.a(alt_do_dtors.o)
 .comment       0x0000000000000000       0x24 ../Timer_ece10243upb_bsp/\libhal_bsp.a(alt_icache_flush_all.o)
 .comment       0x0000000000000000       0x24 ../Timer_ece10243upb_bsp/\libhal_bsp.a(alt_instruction_exception_entry.o)
 .comment       0x0000000000000000       0x24 ../Timer_ece10243upb_bsp/\libhal_bsp.a(alt_io_redirect.o)
 .comment       0x0000000000000000       0x24 ../Timer_ece10243upb_bsp/\libhal_bsp.a(alt_open.o)
 .comment       0x0000000000000000       0x24 ../Timer_ece10243upb_bsp/\libhal_bsp.a(alt_tick.o)
 .comment       0x0000000000000000       0x24 ../Timer_ece10243upb_bsp/\libhal_bsp.a(altera_nios2_gen2_irq.o)
 .comment       0x0000000000000000       0x24 ../Timer_ece10243upb_bsp/\libhal_bsp.a(alt_find_dev.o)
 .comment       0x0000000000000000       0x24 ../Timer_ece10243upb_bsp/\libhal_bsp.a(alt_find_file.o)
 .comment       0x0000000000000000       0x24 ../Timer_ece10243upb_bsp/\libhal_bsp.a(alt_get_fd.o)
 .comment       0x0000000000000000       0x24 c:/altera/15.0/nios2eds/bin/gnu/h-x86_64-mingw32/bin/../lib/gcc/nios2-elf/4.9.1/../../../../../H-x86_64-mingw32/nios2-elf/lib/mno-hw-mul\libc.a(lib_a-atexit.o)
 .comment       0x0000000000000000       0x24 c:/altera/15.0/nios2eds/bin/gnu/h-x86_64-mingw32/bin/../lib/gcc/nios2-elf/4.9.1/../../../../../H-x86_64-mingw32/nios2-elf/lib/mno-hw-mul\libc.a(lib_a-exit.o)
 .comment       0x0000000000000000       0x24 c:/altera/15.0/nios2eds/bin/gnu/h-x86_64-mingw32/bin/../lib/gcc/nios2-elf/4.9.1/../../../../../H-x86_64-mingw32/nios2-elf/lib/mno-hw-mul\libc.a(lib_a-memcmp.o)
 .comment       0x0000000000000000       0x24 c:/altera/15.0/nios2eds/bin/gnu/h-x86_64-mingw32/bin/../lib/gcc/nios2-elf/4.9.1/../../../../../H-x86_64-mingw32/nios2-elf/lib/mno-hw-mul\libc.a(lib_a-__atexit.o)
 .comment       0x0000000000000000       0x24 c:/altera/15.0/nios2eds/bin/gnu/h-x86_64-mingw32/bin/../lib/gcc/nios2-elf/4.9.1/../../../../../H-x86_64-mingw32/nios2-elf/lib/mno-hw-mul\libc.a(lib_a-__call_atexit.o)
 .comment       0x0000000000000000       0x24 ../Timer_ece10243upb_bsp/\libhal_bsp.a(alt_exit.o)

.debug
 *(.debug)

.line
 *(.line)

.debug_srcinfo
 *(.debug_srcinfo)

.debug_sfnames
 *(.debug_sfnames)

.debug_aranges  0x0000000000000000      0xa18
 *(.debug_aranges)
 .debug_aranges
                0x0000000000000000       0x28 ../Timer_ece10243upb_bsp//obj/HAL/src/crt0.o
 .debug_aranges
                0x0000000000000028       0x20 obj/default/hello_world.o
 .debug_aranges
                0x0000000000000048       0x20 c:/altera/15.0/nios2eds/bin/gnu/h-x86_64-mingw32/bin/../lib/gcc/nios2-elf/4.9.1/mno-hw-mul\libgcc.a(lib2-divmod.o)
 .debug_aranges
                0x0000000000000068       0x20 c:/altera/15.0/nios2eds/bin/gnu/h-x86_64-mingw32/bin/../lib/gcc/nios2-elf/4.9.1/../../../../../H-x86_64-mingw32/nios2-elf/lib/mno-hw-mul\libc.a(lib_a-puts.o)
 .debug_aranges
                0x0000000000000088       0x20 c:/altera/15.0/nios2eds/bin/gnu/h-x86_64-mingw32/bin/../lib/gcc/nios2-elf/4.9.1/../../../../../H-x86_64-mingw32/nios2-elf/lib/mno-hw-mul\libc.a(lib_a-strlen.o)
 .debug_aranges
                0x00000000000000a8       0x20 c:/altera/15.0/nios2eds/bin/gnu/h-x86_64-mingw32/bin/../lib/gcc/nios2-elf/4.9.1/../../../../../H-x86_64-mingw32/nios2-elf/lib/mno-hw-mul\libc.a(lib_a-fvwrite.o)
 .debug_aranges
                0x00000000000000c8       0x18 c:/altera/15.0/nios2eds/bin/gnu/h-x86_64-mingw32/bin/../lib/gcc/nios2-elf/4.9.1/../../../../../H-x86_64-mingw32/nios2-elf/lib/mno-hw-mul\libc.a(lib_a-impure.o)
 .debug_aranges
                0x00000000000000e0       0x20 c:/altera/15.0/nios2eds/bin/gnu/h-x86_64-mingw32/bin/../lib/gcc/nios2-elf/4.9.1/../../../../../H-x86_64-mingw32/nios2-elf/lib/mno-hw-mul\libc.a(lib_a-mallocr.o)
 .debug_aranges
                0x0000000000000100       0x20 c:/altera/15.0/nios2eds/bin/gnu/h-x86_64-mingw32/bin/../lib/gcc/nios2-elf/4.9.1/../../../../../H-x86_64-mingw32/nios2-elf/lib/mno-hw-mul\libc.a(lib_a-memchr.o)
 .debug_aranges
                0x0000000000000120       0x20 c:/altera/15.0/nios2eds/bin/gnu/h-x86_64-mingw32/bin/../lib/gcc/nios2-elf/4.9.1/../../../../../H-x86_64-mingw32/nios2-elf/lib/mno-hw-mul\libc.a(lib_a-memcpy.o)
 .debug_aranges
                0x0000000000000140       0x20 c:/altera/15.0/nios2eds/bin/gnu/h-x86_64-mingw32/bin/../lib/gcc/nios2-elf/4.9.1/../../../../../H-x86_64-mingw32/nios2-elf/lib/mno-hw-mul\libc.a(lib_a-memmove.o)
 .debug_aranges
                0x0000000000000160       0x20 c:/altera/15.0/nios2eds/bin/gnu/h-x86_64-mingw32/bin/../lib/gcc/nios2-elf/4.9.1/../../../../../H-x86_64-mingw32/nios2-elf/lib/mno-hw-mul\libc.a(lib_a-reallocr.o)
 .debug_aranges
                0x0000000000000180       0x20 c:/altera/15.0/nios2eds/bin/gnu/h-x86_64-mingw32/bin/../lib/gcc/nios2-elf/4.9.1/../../../../../H-x86_64-mingw32/nios2-elf/lib/mno-hw-mul\libc.a(lib_a-sbrkr.o)
 .debug_aranges
                0x00000000000001a0       0x20 c:/altera/15.0/nios2eds/bin/gnu/h-x86_64-mingw32/bin/../lib/gcc/nios2-elf/4.9.1/../../../../../H-x86_64-mingw32/nios2-elf/lib/mno-hw-mul\libc.a(lib_a-wsetup.o)
 .debug_aranges
                0x00000000000001c0       0x20 c:/altera/15.0/nios2eds/bin/gnu/h-x86_64-mingw32/bin/../lib/gcc/nios2-elf/4.9.1/../../../../../H-x86_64-mingw32/nios2-elf/lib/mno-hw-mul\libc.a(lib_a-fflush.o)
 .debug_aranges
                0x00000000000001e0       0x20 c:/altera/15.0/nios2eds/bin/gnu/h-x86_64-mingw32/bin/../lib/gcc/nios2-elf/4.9.1/../../../../../H-x86_64-mingw32/nios2-elf/lib/mno-hw-mul\libc.a(lib_a-findfp.o)
 .debug_aranges
                0x0000000000000200       0x20 c:/altera/15.0/nios2eds/bin/gnu/h-x86_64-mingw32/bin/../lib/gcc/nios2-elf/4.9.1/../../../../../H-x86_64-mingw32/nios2-elf/lib/mno-hw-mul\libc.a(lib_a-freer.o)
 .debug_aranges
                0x0000000000000220       0x20 c:/altera/15.0/nios2eds/bin/gnu/h-x86_64-mingw32/bin/../lib/gcc/nios2-elf/4.9.1/../../../../../H-x86_64-mingw32/nios2-elf/lib/mno-hw-mul\libc.a(lib_a-fwalk.o)
 .debug_aranges
                0x0000000000000240       0x18 c:/altera/15.0/nios2eds/bin/gnu/h-x86_64-mingw32/bin/../lib/gcc/nios2-elf/4.9.1/../../../../../H-x86_64-mingw32/nios2-elf/lib/mno-hw-mul\libc.a(lib_a-int_errno.o)
 .debug_aranges
                0x0000000000000258       0x20 c:/altera/15.0/nios2eds/bin/gnu/h-x86_64-mingw32/bin/../lib/gcc/nios2-elf/4.9.1/../../../../../H-x86_64-mingw32/nios2-elf/lib/mno-hw-mul\libc.a(lib_a-makebuf.o)
 .debug_aranges
                0x0000000000000278       0x20 c:/altera/15.0/nios2eds/bin/gnu/h-x86_64-mingw32/bin/../lib/gcc/nios2-elf/4.9.1/../../../../../H-x86_64-mingw32/nios2-elf/lib/mno-hw-mul\libc.a(lib_a-memset.o)
 .debug_aranges
                0x0000000000000298       0x20 c:/altera/15.0/nios2eds/bin/gnu/h-x86_64-mingw32/bin/../lib/gcc/nios2-elf/4.9.1/../../../../../H-x86_64-mingw32/nios2-elf/lib/mno-hw-mul\libc.a(lib_a-stdio.o)
 .debug_aranges
                0x00000000000002b8       0x20 c:/altera/15.0/nios2eds/bin/gnu/h-x86_64-mingw32/bin/../lib/gcc/nios2-elf/4.9.1/../../../../../H-x86_64-mingw32/nios2-elf/lib/mno-hw-mul\libc.a(lib_a-writer.o)
 .debug_aranges
                0x00000000000002d8       0x20 c:/altera/15.0/nios2eds/bin/gnu/h-x86_64-mingw32/bin/../lib/gcc/nios2-elf/4.9.1/../../../../../H-x86_64-mingw32/nios2-elf/lib/mno-hw-mul\libc.a(closer.o)
 .debug_aranges
                0x00000000000002f8       0x20 c:/altera/15.0/nios2eds/bin/gnu/h-x86_64-mingw32/bin/../lib/gcc/nios2-elf/4.9.1/../../../../../H-x86_64-mingw32/nios2-elf/lib/mno-hw-mul\libc.a(lib_a-fclose.o)
 .debug_aranges
                0x0000000000000318       0x20 c:/altera/15.0/nios2eds/bin/gnu/h-x86_64-mingw32/bin/../lib/gcc/nios2-elf/4.9.1/../../../../../H-x86_64-mingw32/nios2-elf/lib/mno-hw-mul\libc.a(lib_a-fstatr.o)
 .debug_aranges
                0x0000000000000338       0x20 c:/altera/15.0/nios2eds/bin/gnu/h-x86_64-mingw32/bin/../lib/gcc/nios2-elf/4.9.1/../../../../../H-x86_64-mingw32/nios2-elf/lib/mno-hw-mul\libc.a(lib_a-isattyr.o)
 .debug_aranges
                0x0000000000000358       0x20 c:/altera/15.0/nios2eds/bin/gnu/h-x86_64-mingw32/bin/../lib/gcc/nios2-elf/4.9.1/../../../../../H-x86_64-mingw32/nios2-elf/lib/mno-hw-mul\libc.a(lib_a-lseekr.o)
 .debug_aranges
                0x0000000000000378       0x20 c:/altera/15.0/nios2eds/bin/gnu/h-x86_64-mingw32/bin/../lib/gcc/nios2-elf/4.9.1/../../../../../H-x86_64-mingw32/nios2-elf/lib/mno-hw-mul\libc.a(lib_a-readr.o)
 .debug_aranges
                0x0000000000000398       0x20 c:/altera/15.0/nios2eds/bin/gnu/h-x86_64-mingw32/bin/../lib/gcc/nios2-elf/4.9.1/mno-hw-mul\libgcc.a(lib2-mul.o)
 .debug_aranges
                0x00000000000003b8       0x20 ../Timer_ece10243upb_bsp/\libhal_bsp.a(alt_close.o)
 .debug_aranges
                0x00000000000003d8       0x20 ../Timer_ece10243upb_bsp/\libhal_bsp.a(alt_dev.o)
 .debug_aranges
                0x00000000000003f8       0x18 ../Timer_ece10243upb_bsp/\libhal_bsp.a(alt_errno.o)
 .debug_aranges
                0x0000000000000410       0x20 ../Timer_ece10243upb_bsp/\libhal_bsp.a(alt_fstat.o)
 .debug_aranges
                0x0000000000000430       0x20 ../Timer_ece10243upb_bsp/\libhal_bsp.a(alt_iic.o)
 .debug_aranges
                0x0000000000000450       0x20 ../Timer_ece10243upb_bsp/\libhal_bsp.a(alt_iic_isr_register.o)
 .debug_aranges
                0x0000000000000470       0x30 ../Timer_ece10243upb_bsp/\libhal_bsp.a(alt_irq_entry.o)
 .debug_aranges
                0x00000000000004a0       0x20 ../Timer_ece10243upb_bsp/\libhal_bsp.a(alt_irq_handler.o)
 .debug_aranges
                0x00000000000004c0       0x18 ../Timer_ece10243upb_bsp/\libhal_bsp.a(alt_irq_vars.o)
 .debug_aranges
                0x00000000000004d8       0x20 ../Timer_ece10243upb_bsp/\libhal_bsp.a(alt_isatty.o)
 .debug_aranges
                0x00000000000004f8       0x20 ../Timer_ece10243upb_bsp/\libhal_bsp.a(alt_load.o)
 .debug_aranges
                0x0000000000000518       0x20 ../Timer_ece10243upb_bsp/\libhal_bsp.a(alt_lseek.o)
 .debug_aranges
                0x0000000000000538       0x20 ../Timer_ece10243upb_bsp/\libhal_bsp.a(alt_main.o)
 .debug_aranges
                0x0000000000000558       0x20 ../Timer_ece10243upb_bsp/\libhal_bsp.a(alt_malloc_lock.o)
 .debug_aranges
                0x0000000000000578       0x20 ../Timer_ece10243upb_bsp/\libhal_bsp.a(alt_read.o)
 .debug_aranges
                0x0000000000000598       0x20 ../Timer_ece10243upb_bsp/\libhal_bsp.a(alt_release_fd.o)
 .debug_aranges
                0x00000000000005b8       0x20 ../Timer_ece10243upb_bsp/\libhal_bsp.a(alt_sbrk.o)
 .debug_aranges
                0x00000000000005d8       0x20 ../Timer_ece10243upb_bsp/\libhal_bsp.a(alt_write.o)
 .debug_aranges
                0x00000000000005f8       0x20 ../Timer_ece10243upb_bsp/\libhal_bsp.a(alt_sys_init.o)
 .debug_aranges
                0x0000000000000618       0x20 ../Timer_ece10243upb_bsp/\libhal_bsp.a(altera_avalon_jtag_uart_fd.o)
 .debug_aranges
                0x0000000000000638       0x20 ../Timer_ece10243upb_bsp/\libhal_bsp.a(altera_avalon_jtag_uart_init.o)
 .debug_aranges
                0x0000000000000658       0x20 ../Timer_ece10243upb_bsp/\libhal_bsp.a(altera_avalon_jtag_uart_ioctl.o)
 .debug_aranges
                0x0000000000000678       0x20 ../Timer_ece10243upb_bsp/\libhal_bsp.a(altera_avalon_jtag_uart_read.o)
 .debug_aranges
                0x0000000000000698       0x20 ../Timer_ece10243upb_bsp/\libhal_bsp.a(altera_avalon_jtag_uart_write.o)
 .debug_aranges
                0x00000000000006b8       0x20 ../Timer_ece10243upb_bsp/\libhal_bsp.a(altera_avalon_timer_sc.o)
 .debug_aranges
                0x00000000000006d8       0x20 ../Timer_ece10243upb_bsp/\libhal_bsp.a(altera_avalon_uart_fd.o)
 .debug_aranges
                0x00000000000006f8       0x20 ../Timer_ece10243upb_bsp/\libhal_bsp.a(altera_avalon_uart_init.o)
 .debug_aranges
                0x0000000000000718       0x20 ../Timer_ece10243upb_bsp/\libhal_bsp.a(altera_avalon_uart_read.o)
 .debug_aranges
                0x0000000000000738       0x20 ../Timer_ece10243upb_bsp/\libhal_bsp.a(altera_avalon_uart_write.o)
 .debug_aranges
                0x0000000000000758       0x20 ../Timer_ece10243upb_bsp/\libhal_bsp.a(alt_alarm_start.o)
 .debug_aranges
                0x0000000000000778       0x20 ../Timer_ece10243upb_bsp/\libhal_bsp.a(alt_dcache_flush_all.o)
 .debug_aranges
                0x0000000000000798       0x20 ../Timer_ece10243upb_bsp/\libhal_bsp.a(alt_dev_llist_insert.o)
 .debug_aranges
                0x00000000000007b8       0x20 ../Timer_ece10243upb_bsp/\libhal_bsp.a(alt_do_ctors.o)
 .debug_aranges
                0x00000000000007d8       0x20 ../Timer_ece10243upb_bsp/\libhal_bsp.a(alt_do_dtors.o)
 .debug_aranges
                0x00000000000007f8       0x38 ../Timer_ece10243upb_bsp/\libhal_bsp.a(alt_exception_entry.o)
 .debug_aranges
                0x0000000000000830       0x20 ../Timer_ece10243upb_bsp/\libhal_bsp.a(alt_icache_flush_all.o)
 .debug_aranges
                0x0000000000000850       0x28 ../Timer_ece10243upb_bsp/\libhal_bsp.a(alt_instruction_exception_entry.o)
 .debug_aranges
                0x0000000000000878       0x20 ../Timer_ece10243upb_bsp/\libhal_bsp.a(alt_io_redirect.o)
 .debug_aranges
                0x0000000000000898       0x20 ../Timer_ece10243upb_bsp/\libhal_bsp.a(alt_open.o)
 .debug_aranges
                0x00000000000008b8       0x20 ../Timer_ece10243upb_bsp/\libhal_bsp.a(alt_tick.o)
 .debug_aranges
                0x00000000000008d8       0x20 ../Timer_ece10243upb_bsp/\libhal_bsp.a(altera_nios2_gen2_irq.o)
 .debug_aranges
                0x00000000000008f8       0x20 ../Timer_ece10243upb_bsp/\libhal_bsp.a(alt_find_dev.o)
 .debug_aranges
                0x0000000000000918       0x20 ../Timer_ece10243upb_bsp/\libhal_bsp.a(alt_find_file.o)
 .debug_aranges
                0x0000000000000938       0x20 ../Timer_ece10243upb_bsp/\libhal_bsp.a(alt_get_fd.o)
 .debug_aranges
                0x0000000000000958       0x20 c:/altera/15.0/nios2eds/bin/gnu/h-x86_64-mingw32/bin/../lib/gcc/nios2-elf/4.9.1/../../../../../H-x86_64-mingw32/nios2-elf/lib/mno-hw-mul\libc.a(lib_a-atexit.o)
 .debug_aranges
                0x0000000000000978       0x20 c:/altera/15.0/nios2eds/bin/gnu/h-x86_64-mingw32/bin/../lib/gcc/nios2-elf/4.9.1/../../../../../H-x86_64-mingw32/nios2-elf/lib/mno-hw-mul\libc.a(lib_a-exit.o)
 .debug_aranges
                0x0000000000000998       0x20 c:/altera/15.0/nios2eds/bin/gnu/h-x86_64-mingw32/bin/../lib/gcc/nios2-elf/4.9.1/../../../../../H-x86_64-mingw32/nios2-elf/lib/mno-hw-mul\libc.a(lib_a-memcmp.o)
 .debug_aranges
                0x00000000000009b8       0x20 c:/altera/15.0/nios2eds/bin/gnu/h-x86_64-mingw32/bin/../lib/gcc/nios2-elf/4.9.1/../../../../../H-x86_64-mingw32/nios2-elf/lib/mno-hw-mul\libc.a(lib_a-__atexit.o)
 .debug_aranges
                0x00000000000009d8       0x20 c:/altera/15.0/nios2eds/bin/gnu/h-x86_64-mingw32/bin/../lib/gcc/nios2-elf/4.9.1/../../../../../H-x86_64-mingw32/nios2-elf/lib/mno-hw-mul\libc.a(lib_a-__call_atexit.o)
 .debug_aranges
                0x00000000000009f8       0x20 ../Timer_ece10243upb_bsp/\libhal_bsp.a(alt_exit.o)

.debug_pubnames
 *(.debug_pubnames)

.debug_info     0x0000000000000000    0x1737d
 *(.debug_info .gnu.linkonce.wi.*)
 .debug_info    0x0000000000000000       0x93 ../Timer_ece10243upb_bsp//obj/HAL/src/crt0.o
 .debug_info    0x0000000000000093      0x114 obj/default/hello_world.o
 .debug_info    0x00000000000001a7      0x234 c:/altera/15.0/nios2eds/bin/gnu/h-x86_64-mingw32/bin/../lib/gcc/nios2-elf/4.9.1/mno-hw-mul\libgcc.a(lib2-divmod.o)
 .debug_info    0x00000000000003db      0x9f4 c:/altera/15.0/nios2eds/bin/gnu/h-x86_64-mingw32/bin/../lib/gcc/nios2-elf/4.9.1/../../../../../H-x86_64-mingw32/nios2-elf/lib/mno-hw-mul\libc.a(lib_a-puts.o)
 .debug_info    0x0000000000000dcf       0xdb c:/altera/15.0/nios2eds/bin/gnu/h-x86_64-mingw32/bin/../lib/gcc/nios2-elf/4.9.1/../../../../../H-x86_64-mingw32/nios2-elf/lib/mno-hw-mul\libc.a(lib_a-strlen.o)
 .debug_info    0x0000000000000eaa      0xc31 c:/altera/15.0/nios2eds/bin/gnu/h-x86_64-mingw32/bin/../lib/gcc/nios2-elf/4.9.1/../../../../../H-x86_64-mingw32/nios2-elf/lib/mno-hw-mul\libc.a(lib_a-fvwrite.o)
 .debug_info    0x0000000000001adb      0x88f c:/altera/15.0/nios2eds/bin/gnu/h-x86_64-mingw32/bin/../lib/gcc/nios2-elf/4.9.1/../../../../../H-x86_64-mingw32/nios2-elf/lib/mno-hw-mul\libc.a(lib_a-impure.o)
 .debug_info    0x000000000000236a      0xd71 c:/altera/15.0/nios2eds/bin/gnu/h-x86_64-mingw32/bin/../lib/gcc/nios2-elf/4.9.1/../../../../../H-x86_64-mingw32/nios2-elf/lib/mno-hw-mul\libc.a(lib_a-mallocr.o)
 .debug_info    0x00000000000030db      0x12b c:/altera/15.0/nios2eds/bin/gnu/h-x86_64-mingw32/bin/../lib/gcc/nios2-elf/4.9.1/../../../../../H-x86_64-mingw32/nios2-elf/lib/mno-hw-mul\libc.a(lib_a-memchr.o)
 .debug_info    0x0000000000003206      0x133 c:/altera/15.0/nios2eds/bin/gnu/h-x86_64-mingw32/bin/../lib/gcc/nios2-elf/4.9.1/../../../../../H-x86_64-mingw32/nios2-elf/lib/mno-hw-mul\libc.a(lib_a-memcpy.o)
 .debug_info    0x0000000000003339      0x133 c:/altera/15.0/nios2eds/bin/gnu/h-x86_64-mingw32/bin/../lib/gcc/nios2-elf/4.9.1/../../../../../H-x86_64-mingw32/nios2-elf/lib/mno-hw-mul\libc.a(lib_a-memmove.o)
 .debug_info    0x000000000000346c      0xcc6 c:/altera/15.0/nios2eds/bin/gnu/h-x86_64-mingw32/bin/../lib/gcc/nios2-elf/4.9.1/../../../../../H-x86_64-mingw32/nios2-elf/lib/mno-hw-mul\libc.a(lib_a-reallocr.o)
 .debug_info    0x0000000000004132      0x8ef c:/altera/15.0/nios2eds/bin/gnu/h-x86_64-mingw32/bin/../lib/gcc/nios2-elf/4.9.1/../../../../../H-x86_64-mingw32/nios2-elf/lib/mno-hw-mul\libc.a(lib_a-sbrkr.o)
 .debug_info    0x0000000000004a21      0x91d c:/altera/15.0/nios2eds/bin/gnu/h-x86_64-mingw32/bin/../lib/gcc/nios2-elf/4.9.1/../../../../../H-x86_64-mingw32/nios2-elf/lib/mno-hw-mul\libc.a(lib_a-wsetup.o)
 .debug_info    0x000000000000533e      0xa3a c:/altera/15.0/nios2eds/bin/gnu/h-x86_64-mingw32/bin/../lib/gcc/nios2-elf/4.9.1/../../../../../H-x86_64-mingw32/nios2-elf/lib/mno-hw-mul\libc.a(lib_a-fflush.o)
 .debug_info    0x0000000000005d78      0xd37 c:/altera/15.0/nios2eds/bin/gnu/h-x86_64-mingw32/bin/../lib/gcc/nios2-elf/4.9.1/../../../../../H-x86_64-mingw32/nios2-elf/lib/mno-hw-mul\libc.a(lib_a-findfp.o)
 .debug_info    0x0000000000006aaf      0xc02 c:/altera/15.0/nios2eds/bin/gnu/h-x86_64-mingw32/bin/../lib/gcc/nios2-elf/4.9.1/../../../../../H-x86_64-mingw32/nios2-elf/lib/mno-hw-mul\libc.a(lib_a-freer.o)
 .debug_info    0x00000000000076b1      0xab7 c:/altera/15.0/nios2eds/bin/gnu/h-x86_64-mingw32/bin/../lib/gcc/nios2-elf/4.9.1/../../../../../H-x86_64-mingw32/nios2-elf/lib/mno-hw-mul\libc.a(lib_a-fwalk.o)
 .debug_info    0x0000000000008168       0x83 c:/altera/15.0/nios2eds/bin/gnu/h-x86_64-mingw32/bin/../lib/gcc/nios2-elf/4.9.1/../../../../../H-x86_64-mingw32/nios2-elf/lib/mno-hw-mul\libc.a(lib_a-int_errno.o)
 .debug_info    0x00000000000081eb      0xaff c:/altera/15.0/nios2eds/bin/gnu/h-x86_64-mingw32/bin/../lib/gcc/nios2-elf/4.9.1/../../../../../H-x86_64-mingw32/nios2-elf/lib/mno-hw-mul\libc.a(lib_a-makebuf.o)
 .debug_info    0x0000000000008cea      0x11a c:/altera/15.0/nios2eds/bin/gnu/h-x86_64-mingw32/bin/../lib/gcc/nios2-elf/4.9.1/../../../../../H-x86_64-mingw32/nios2-elf/lib/mno-hw-mul\libc.a(lib_a-memset.o)
 .debug_info    0x0000000000008e04      0xb83 c:/altera/15.0/nios2eds/bin/gnu/h-x86_64-mingw32/bin/../lib/gcc/nios2-elf/4.9.1/../../../../../H-x86_64-mingw32/nios2-elf/lib/mno-hw-mul\libc.a(lib_a-stdio.o)
 .debug_info    0x0000000000009987      0x921 c:/altera/15.0/nios2eds/bin/gnu/h-x86_64-mingw32/bin/../lib/gcc/nios2-elf/4.9.1/../../../../../H-x86_64-mingw32/nios2-elf/lib/mno-hw-mul\libc.a(lib_a-writer.o)
 .debug_info    0x000000000000a2a8      0x8ce c:/altera/15.0/nios2eds/bin/gnu/h-x86_64-mingw32/bin/../lib/gcc/nios2-elf/4.9.1/../../../../../H-x86_64-mingw32/nios2-elf/lib/mno-hw-mul\libc.a(closer.o)
 .debug_info    0x000000000000ab76      0xa12 c:/altera/15.0/nios2eds/bin/gnu/h-x86_64-mingw32/bin/../lib/gcc/nios2-elf/4.9.1/../../../../../H-x86_64-mingw32/nios2-elf/lib/mno-hw-mul\libc.a(lib_a-fclose.o)
 .debug_info    0x000000000000b588      0xa5c c:/altera/15.0/nios2eds/bin/gnu/h-x86_64-mingw32/bin/../lib/gcc/nios2-elf/4.9.1/../../../../../H-x86_64-mingw32/nios2-elf/lib/mno-hw-mul\libc.a(lib_a-fstatr.o)
 .debug_info    0x000000000000bfe4      0x8ce c:/altera/15.0/nios2eds/bin/gnu/h-x86_64-mingw32/bin/../lib/gcc/nios2-elf/4.9.1/../../../../../H-x86_64-mingw32/nios2-elf/lib/mno-hw-mul\libc.a(lib_a-isattyr.o)
 .debug_info    0x000000000000c8b2      0x91a c:/altera/15.0/nios2eds/bin/gnu/h-x86_64-mingw32/bin/../lib/gcc/nios2-elf/4.9.1/../../../../../H-x86_64-mingw32/nios2-elf/lib/mno-hw-mul\libc.a(lib_a-lseekr.o)
 .debug_info    0x000000000000d1cc      0x91a c:/altera/15.0/nios2eds/bin/gnu/h-x86_64-mingw32/bin/../lib/gcc/nios2-elf/4.9.1/../../../../../H-x86_64-mingw32/nios2-elf/lib/mno-hw-mul\libc.a(lib_a-readr.o)
 .debug_info    0x000000000000dae6       0xb4 c:/altera/15.0/nios2eds/bin/gnu/h-x86_64-mingw32/bin/../lib/gcc/nios2-elf/4.9.1/mno-hw-mul\libgcc.a(lib2-mul.o)
 .debug_info    0x000000000000db9a      0x31a ../Timer_ece10243upb_bsp/\libhal_bsp.a(alt_close.o)
 .debug_info    0x000000000000deb4      0x495 ../Timer_ece10243upb_bsp/\libhal_bsp.a(alt_dev.o)
 .debug_info    0x000000000000e349       0x9f ../Timer_ece10243upb_bsp/\libhal_bsp.a(alt_errno.o)
 .debug_info    0x000000000000e3e8      0x481 ../Timer_ece10243upb_bsp/\libhal_bsp.a(alt_fstat.o)
 .debug_info    0x000000000000e869      0x349 ../Timer_ece10243upb_bsp/\libhal_bsp.a(alt_iic.o)
 .debug_info    0x000000000000ebb2      0x1e8 ../Timer_ece10243upb_bsp/\libhal_bsp.a(alt_iic_isr_register.o)
 .debug_info    0x000000000000ed9a       0x9c ../Timer_ece10243upb_bsp/\libhal_bsp.a(alt_irq_entry.o)
 .debug_info    0x000000000000ee36      0x180 ../Timer_ece10243upb_bsp/\libhal_bsp.a(alt_irq_handler.o)
 .debug_info    0x000000000000efb6       0x88 ../Timer_ece10243upb_bsp/\libhal_bsp.a(alt_irq_vars.o)
 .debug_info    0x000000000000f03e      0x484 ../Timer_ece10243upb_bsp/\libhal_bsp.a(alt_isatty.o)
 .debug_info    0x000000000000f4c2      0x13e ../Timer_ece10243upb_bsp/\libhal_bsp.a(alt_load.o)
 .debug_info    0x000000000000f600      0x34b ../Timer_ece10243upb_bsp/\libhal_bsp.a(alt_lseek.o)
 .debug_info    0x000000000000f94b      0x12a ../Timer_ece10243upb_bsp/\libhal_bsp.a(alt_main.o)
 .debug_info    0x000000000000fa75      0x89f ../Timer_ece10243upb_bsp/\libhal_bsp.a(alt_malloc_lock.o)
 .debug_info    0x0000000000010314      0x4a9 ../Timer_ece10243upb_bsp/\libhal_bsp.a(alt_read.o)
 .debug_info    0x00000000000107bd      0x2b0 ../Timer_ece10243upb_bsp/\libhal_bsp.a(alt_release_fd.o)
 .debug_info    0x0000000000010a6d      0x1a5 ../Timer_ece10243upb_bsp/\libhal_bsp.a(alt_sbrk.o)
 .debug_info    0x0000000000010c12      0x4b0 ../Timer_ece10243upb_bsp/\libhal_bsp.a(alt_write.o)
 .debug_info    0x00000000000110c2      0x5b1 ../Timer_ece10243upb_bsp/\libhal_bsp.a(alt_sys_init.o)
 .debug_info    0x0000000000011673      0x527 ../Timer_ece10243upb_bsp/\libhal_bsp.a(altera_avalon_jtag_uart_fd.o)
 .debug_info    0x0000000000011b9a      0x3a1 ../Timer_ece10243upb_bsp/\libhal_bsp.a(altera_avalon_jtag_uart_init.o)
 .debug_info    0x0000000000011f3b      0x279 ../Timer_ece10243upb_bsp/\libhal_bsp.a(altera_avalon_jtag_uart_ioctl.o)
 .debug_info    0x00000000000121b4      0x342 ../Timer_ece10243upb_bsp/\libhal_bsp.a(altera_avalon_jtag_uart_read.o)
 .debug_info    0x00000000000124f6      0x339 ../Timer_ece10243upb_bsp/\libhal_bsp.a(altera_avalon_jtag_uart_write.o)
 .debug_info    0x000000000001282f      0x21f ../Timer_ece10243upb_bsp/\libhal_bsp.a(altera_avalon_timer_sc.o)
 .debug_info    0x0000000000012a4e      0x440 ../Timer_ece10243upb_bsp/\libhal_bsp.a(altera_avalon_uart_fd.o)
 .debug_info    0x0000000000012e8e      0x32c ../Timer_ece10243upb_bsp/\libhal_bsp.a(altera_avalon_uart_init.o)
 .debug_info    0x00000000000131ba      0x312 ../Timer_ece10243upb_bsp/\libhal_bsp.a(altera_avalon_uart_read.o)
 .debug_info    0x00000000000134cc      0x317 ../Timer_ece10243upb_bsp/\libhal_bsp.a(altera_avalon_uart_write.o)
 .debug_info    0x00000000000137e3      0x2c5 ../Timer_ece10243upb_bsp/\libhal_bsp.a(alt_alarm_start.o)
 .debug_info    0x0000000000013aa8       0x8b ../Timer_ece10243upb_bsp/\libhal_bsp.a(alt_dcache_flush_all.o)
 .debug_info    0x0000000000013b33      0x1a2 ../Timer_ece10243upb_bsp/\libhal_bsp.a(alt_dev_llist_insert.o)
 .debug_info    0x0000000000013cd5       0x83 ../Timer_ece10243upb_bsp/\libhal_bsp.a(alt_do_ctors.o)
 .debug_info    0x0000000000013d58       0x83 ../Timer_ece10243upb_bsp/\libhal_bsp.a(alt_do_dtors.o)
 .debug_info    0x0000000000013ddb       0xa2 ../Timer_ece10243upb_bsp/\libhal_bsp.a(alt_exception_entry.o)
 .debug_info    0x0000000000013e7d       0x8b ../Timer_ece10243upb_bsp/\libhal_bsp.a(alt_icache_flush_all.o)
 .debug_info    0x0000000000013f08      0x1d8 ../Timer_ece10243upb_bsp/\libhal_bsp.a(alt_instruction_exception_entry.o)
 .debug_info    0x00000000000140e0      0x49e ../Timer_ece10243upb_bsp/\libhal_bsp.a(alt_io_redirect.o)
 .debug_info    0x000000000001457e      0x3b4 ../Timer_ece10243upb_bsp/\libhal_bsp.a(alt_open.o)
 .debug_info    0x0000000000014932      0x292 ../Timer_ece10243upb_bsp/\libhal_bsp.a(alt_tick.o)
 .debug_info    0x0000000000014bc4       0x8b ../Timer_ece10243upb_bsp/\libhal_bsp.a(altera_nios2_gen2_irq.o)
 .debug_info    0x0000000000014c4f      0x2e2 ../Timer_ece10243upb_bsp/\libhal_bsp.a(alt_find_dev.o)
 .debug_info    0x0000000000014f31      0x2df ../Timer_ece10243upb_bsp/\libhal_bsp.a(alt_find_file.o)
 .debug_info    0x0000000000015210      0x309 ../Timer_ece10243upb_bsp/\libhal_bsp.a(alt_get_fd.o)
 .debug_info    0x0000000000015519      0x10a c:/altera/15.0/nios2eds/bin/gnu/h-x86_64-mingw32/bin/../lib/gcc/nios2-elf/4.9.1/../../../../../H-x86_64-mingw32/nios2-elf/lib/mno-hw-mul\libc.a(lib_a-atexit.o)
 .debug_info    0x0000000000015623      0x8df c:/altera/15.0/nios2eds/bin/gnu/h-x86_64-mingw32/bin/../lib/gcc/nios2-elf/4.9.1/../../../../../H-x86_64-mingw32/nios2-elf/lib/mno-hw-mul\libc.a(lib_a-exit.o)
 .debug_info    0x0000000000015f02      0x113 c:/altera/15.0/nios2eds/bin/gnu/h-x86_64-mingw32/bin/../lib/gcc/nios2-elf/4.9.1/../../../../../H-x86_64-mingw32/nios2-elf/lib/mno-hw-mul\libc.a(lib_a-memcmp.o)
 .debug_info    0x0000000000016015      0x93b c:/altera/15.0/nios2eds/bin/gnu/h-x86_64-mingw32/bin/../lib/gcc/nios2-elf/4.9.1/../../../../../H-x86_64-mingw32/nios2-elf/lib/mno-hw-mul\libc.a(lib_a-__atexit.o)
 .debug_info    0x0000000000016950      0x948 c:/altera/15.0/nios2eds/bin/gnu/h-x86_64-mingw32/bin/../lib/gcc/nios2-elf/4.9.1/../../../../../H-x86_64-mingw32/nios2-elf/lib/mno-hw-mul\libc.a(lib_a-__call_atexit.o)
 .debug_info    0x0000000000017298       0xe5 ../Timer_ece10243upb_bsp/\libhal_bsp.a(alt_exit.o)

.debug_abbrev   0x0000000000000000     0x65cc
 *(.debug_abbrev)
 .debug_abbrev  0x0000000000000000       0x12 ../Timer_ece10243upb_bsp//obj/HAL/src/crt0.o
 .debug_abbrev  0x0000000000000012       0xbc obj/default/hello_world.o
 .debug_abbrev  0x00000000000000ce       0xd9 c:/altera/15.0/nios2eds/bin/gnu/h-x86_64-mingw32/bin/../lib/gcc/nios2-elf/4.9.1/mno-hw-mul\libgcc.a(lib2-divmod.o)
 .debug_abbrev  0x00000000000001a7      0x226 c:/altera/15.0/nios2eds/bin/gnu/h-x86_64-mingw32/bin/../lib/gcc/nios2-elf/4.9.1/../../../../../H-x86_64-mingw32/nios2-elf/lib/mno-hw-mul\libc.a(lib_a-puts.o)
 .debug_abbrev  0x00000000000003cd       0x90 c:/altera/15.0/nios2eds/bin/gnu/h-x86_64-mingw32/bin/../lib/gcc/nios2-elf/4.9.1/../../../../../H-x86_64-mingw32/nios2-elf/lib/mno-hw-mul\libc.a(lib_a-strlen.o)
 .debug_abbrev  0x000000000000045d      0x252 c:/altera/15.0/nios2eds/bin/gnu/h-x86_64-mingw32/bin/../lib/gcc/nios2-elf/4.9.1/../../../../../H-x86_64-mingw32/nios2-elf/lib/mno-hw-mul\libc.a(lib_a-fvwrite.o)
 .debug_abbrev  0x00000000000006af      0x180 c:/altera/15.0/nios2eds/bin/gnu/h-x86_64-mingw32/bin/../lib/gcc/nios2-elf/4.9.1/../../../../../H-x86_64-mingw32/nios2-elf/lib/mno-hw-mul\libc.a(lib_a-impure.o)
 .debug_abbrev  0x000000000000082f      0x2ad c:/altera/15.0/nios2eds/bin/gnu/h-x86_64-mingw32/bin/../lib/gcc/nios2-elf/4.9.1/../../../../../H-x86_64-mingw32/nios2-elf/lib/mno-hw-mul\libc.a(lib_a-mallocr.o)
 .debug_abbrev  0x0000000000000adc       0xab c:/altera/15.0/nios2eds/bin/gnu/h-x86_64-mingw32/bin/../lib/gcc/nios2-elf/4.9.1/../../../../../H-x86_64-mingw32/nios2-elf/lib/mno-hw-mul\libc.a(lib_a-memchr.o)