Archive member included to satisfy reference by file (symbol)

c:/altera/15.0/nios2eds/bin/gnu/h-x86_64-mingw32/bin/../lib/gcc/nios2-elf/4.9.1/../../../../../H-x86_64-mingw32/nios2-elf/lib/mno-hw-mul\libc.a(lib_a-puts.o)
                              obj/default/hello_ucosii.o (puts)
c:/altera/15.0/nios2eds/bin/gnu/h-x86_64-mingw32/bin/../lib/gcc/nios2-elf/4.9.1/../../../../../H-x86_64-mingw32/nios2-elf/lib/mno-hw-mul\libc.a(lib_a-strlen.o)
                              c:/altera/15.0/nios2eds/bin/gnu/h-x86_64-mingw32/bin/../lib/gcc/nios2-elf/4.9.1/../../../../../H-x86_64-mingw32/nios2-elf/lib/mno-hw-mul\libc.a(lib_a-puts.o) (strlen)
c:/altera/15.0/nios2eds/bin/gnu/h-x86_64-mingw32/bin/../lib/gcc/nios2-elf/4.9.1/../../../../../H-x86_64-mingw32/nios2-elf/lib/mno-hw-mul\libc.a(lib_a-fvwrite.o)
                              c:/altera/15.0/nios2eds/bin/gnu/h-x86_64-mingw32/bin/../lib/gcc/nios2-elf/4.9.1/../../../../../H-x86_64-mingw32/nios2-elf/lib/mno-hw-mul\libc.a(lib_a-puts.o) (__sfvwrite_r)
c:/altera/15.0/nios2eds/bin/gnu/h-x86_64-mingw32/bin/../lib/gcc/nios2-elf/4.9.1/../../../../../H-x86_64-mingw32/nios2-elf/lib/mno-hw-mul\libc.a(lib_a-impure.o)
                              c:/altera/15.0/nios2eds/bin/gnu/h-x86_64-mingw32/bin/../lib/gcc/nios2-elf/4.9.1/../../../../../H-x86_64-mingw32/nios2-elf/lib/mno-hw-mul\libc.a(lib_a-puts.o) (_impure_ptr)
c:/altera/15.0/nios2eds/bin/gnu/h-x86_64-mingw32/bin/../lib/gcc/nios2-elf/4.9.1/../../../../../H-x86_64-mingw32/nios2-elf/lib/mno-hw-mul\libc.a(lib_a-mallocr.o)
                              c:/altera/15.0/nios2eds/bin/gnu/h-x86_64-mingw32/bin/../lib/gcc/nios2-elf/4.9.1/../../../../../H-x86_64-mingw32/nios2-elf/lib/mno-hw-mul\libc.a(lib_a-fvwrite.o) (_malloc_r)
c:/altera/15.0/nios2eds/bin/gnu/h-x86_64-mingw32/bin/../lib/gcc/nios2-elf/4.9.1/../../../../../H-x86_64-mingw32/nios2-elf/lib/mno-hw-mul\libc.a(lib_a-memchr.o)
                              c:/altera/15.0/nios2eds/bin/gnu/h-x86_64-mingw32/bin/../lib/gcc/nios2-elf/4.9.1/../../../../../H-x86_64-mingw32/nios2-elf/lib/mno-hw-mul\libc.a(lib_a-fvwrite.o) (memchr)
c:/altera/15.0/nios2eds/bin/gnu/h-x86_64-mingw32/bin/../lib/gcc/nios2-elf/4.9.1/../../../../../H-x86_64-mingw32/nios2-elf/lib/mno-hw-mul\libc.a(lib_a-memcpy.o)
                              c:/altera/15.0/nios2eds/bin/gnu/h-x86_64-mingw32/bin/../lib/gcc/nios2-elf/4.9.1/../../../../../H-x86_64-mingw32/nios2-elf/lib/mno-hw-mul\libc.a(lib_a-fvwrite.o) (memcpy)
c:/altera/15.0/nios2eds/bin/gnu/h-x86_64-mingw32/bin/../lib/gcc/nios2-elf/4.9.1/../../../../../H-x86_64-mingw32/nios2-elf/lib/mno-hw-mul\libc.a(lib_a-memmove.o)
                              c:/altera/15.0/nios2eds/bin/gnu/h-x86_64-mingw32/bin/../lib/gcc/nios2-elf/4.9.1/../../../../../H-x86_64-mingw32/nios2-elf/lib/mno-hw-mul\libc.a(lib_a-fvwrite.o) (memmove)
c:/altera/15.0/nios2eds/bin/gnu/h-x86_64-mingw32/bin/../lib/gcc/nios2-elf/4.9.1/../../../../../H-x86_64-mingw32/nios2-elf/lib/mno-hw-mul\libc.a(lib_a-reallocr.o)
                              c:/altera/15.0/nios2eds/bin/gnu/h-x86_64-mingw32/bin/../lib/gcc/nios2-elf/4.9.1/../../../../../H-x86_64-mingw32/nios2-elf/lib/mno-hw-mul\libc.a(lib_a-fvwrite.o) (_realloc_r)
c:/altera/15.0/nios2eds/bin/gnu/h-x86_64-mingw32/bin/../lib/gcc/nios2-elf/4.9.1/../../../../../H-x86_64-mingw32/nios2-elf/lib/mno-hw-mul\libc.a(lib_a-sbrkr.o)
                              c:/altera/15.0/nios2eds/bin/gnu/h-x86_64-mingw32/bin/../lib/gcc/nios2-elf/4.9.1/../../../../../H-x86_64-mingw32/nios2-elf/lib/mno-hw-mul\libc.a(lib_a-mallocr.o) (_sbrk_r)
c:/altera/15.0/nios2eds/bin/gnu/h-x86_64-mingw32/bin/../lib/gcc/nios2-elf/4.9.1/../../../../../H-x86_64-mingw32/nios2-elf/lib/mno-hw-mul\libc.a(lib_a-wsetup.o)
                              c:/altera/15.0/nios2eds/bin/gnu/h-x86_64-mingw32/bin/../lib/gcc/nios2-elf/4.9.1/../../../../../H-x86_64-mingw32/nios2-elf/lib/mno-hw-mul\libc.a(lib_a-fvwrite.o) (__swsetup_r)
c:/altera/15.0/nios2eds/bin/gnu/h-x86_64-mingw32/bin/../lib/gcc/nios2-elf/4.9.1/../../../../../H-x86_64-mingw32/nios2-elf/lib/mno-hw-mul\libc.a(lib_a-fflush.o)
                              c:/altera/15.0/nios2eds/bin/gnu/h-x86_64-mingw32/bin/../lib/gcc/nios2-elf/4.9.1/../../../../../H-x86_64-mingw32/nios2-elf/lib/mno-hw-mul\libc.a(lib_a-fvwrite.o) (_fflush_r)
c:/altera/15.0/nios2eds/bin/gnu/h-x86_64-mingw32/bin/../lib/gcc/nios2-elf/4.9.1/../../../../../H-x86_64-mingw32/nios2-elf/lib/mno-hw-mul\libc.a(lib_a-findfp.o)
                              c:/altera/15.0/nios2eds/bin/gnu/h-x86_64-mingw32/bin/../lib/gcc/nios2-elf/4.9.1/../../../../../H-x86_64-mingw32/nios2-elf/lib/mno-hw-mul\libc.a(lib_a-wsetup.o) (__sinit)
c:/altera/15.0/nios2eds/bin/gnu/h-x86_64-mingw32/bin/../lib/gcc/nios2-elf/4.9.1/../../../../../H-x86_64-mingw32/nios2-elf/lib/mno-hw-mul\libc.a(lib_a-freer.o)
                              c:/altera/15.0/nios2eds/bin/gnu/h-x86_64-mingw32/bin/../lib/gcc/nios2-elf/4.9.1/../../../../../H-x86_64-mingw32/nios2-elf/lib/mno-hw-mul\libc.a(lib_a-fvwrite.o) (_free_r)
[...]
Memory Configuration

Name             Origin             Length             Attributes
reset            0x0000000000040000 0x0000000000000020
RAM_jesus        0x0000000000040020 0x0000000000035b40
*default*        0x0000000000000000 0xffffffffffffffff

Linker script and memory map

LOAD ../cancion_doble_bsp//obj/HAL/src/crt0.o
LOAD obj/default/hello_ucosii.o
LOAD c:/altera/15.0/nios2eds/bin/gnu/h-x86_64-mingw32/bin/../lib/gcc/nios2-elf/4.9.1/../../../../../H-x86_64-mingw32/nios2-elf/lib/mno-hw-mul\libstdc++.a
LOAD c:/altera/15.0/nios2eds/bin/gnu/h-x86_64-mingw32/bin/../lib/gcc/nios2-elf/4.9.1/../../../../../H-x86_64-mingw32/nios2-elf/lib/mno-hw-mul\libm.a
LOAD c:/altera/15.0/nios2eds/bin/gnu/h-x86_64-mingw32/bin/../lib/gcc/nios2-elf/4.9.1/mno-hw-mul\libgcc.a
START GROUP
LOAD c:/altera/15.0/nios2eds/bin/gnu/h-x86_64-mingw32/bin/../lib/gcc/nios2-elf/4.9.1/../../../../../H-x86_64-mingw32/nios2-elf/lib/mno-hw-mul\libc.a
LOAD c:/altera/15.0/nios2eds/bin/gnu/h-x86_64-mingw32/bin/../lib/gcc/nios2-elf/4.9.1/mno-hw-mul\libgcc.a
LOAD ../cancion_doble_bsp/\libucosii_bsp.a
LOAD c:/altera/15.0/nios2eds/bin/gnu/h-x86_64-mingw32/bin/../lib/gcc/nios2-elf/4.9.1/../../../../../H-x86_64-mingw32/nios2-elf/lib/mno-hw-mul\libm.a
END GROUP
LOAD c:/altera/15.0/nios2eds/bin/gnu/h-x86_64-mingw32/bin/../lib/gcc/nios2-elf/4.9.1/mno-hw-mul\libgcc.a
                0x0000000000040000                __alt_mem_RAM_jesus = 0x40000

.entry          0x0000000000040000       0x20
 *(.entry)
 .entry         0x0000000000040000       0x20 ../cancion_doble_bsp//obj/HAL/src/crt0.o
                0x0000000000040000                __reset

.exceptions     0x0000000000040020      0x20c
                0x0000000000040020                PROVIDE (__ram_exceptions_start, ABSOLUTE (.))
                0x0000000000040020                . = ALIGN (0x20)
 *(.irq)
 *(.exceptions.entry.label)
 .exceptions.entry.label
                0x0000000000040020        0x0 ../cancion_doble_bsp/\libucosii_bsp.a(alt_irq_entry.o)
                0x0000000000040020                alt_irq_entry
 .exceptions.entry.label
                0x0000000000040020        0x0 ../cancion_doble_bsp/\libucosii_bsp.a(alt_exception_entry.o)
                0x0000000000040020                alt_exception
 *(.exceptions.entry.user)
 *(.exceptions.entry.ecc_fatal)
 *(.exceptions.entry)
 .exceptions.entry
                0x0000000000040020       0x54 ../cancion_doble_bsp/\libucosii_bsp.a(alt_exception_entry.o)
 *(.exceptions.irqtest.user)
 *(.exceptions.irqtest)
 .exceptions.irqtest
                0x0000000000040074       0x10 ../cancion_doble_bsp/\libucosii_bsp.a(alt_irq_entry.o)
 *(.exceptions.irqhandler.user)
 *(.exceptions.irqhandler)
 .exceptions.irqhandler
                0x0000000000040084        0x4 ../cancion_doble_bsp/\libucosii_bsp.a(alt_irq_entry.o)
 *(.exceptions.irqreturn.user)
 *(.exceptions.irqreturn)
 .exceptions.irqreturn
                0x0000000000040088        0x4 ../cancion_doble_bsp/\libucosii_bsp.a(alt_irq_entry.o)
 *(.exceptions.notirq.label)
 .exceptions.notirq.label
                0x000000000004008c        0x0 ../cancion_doble_bsp/\libucosii_bsp.a(alt_irq_entry.o)
 *(.exceptions.notirq.user)
 *(.exceptions.notirq)
 .exceptions.notirq
                0x000000000004008c        0x8 ../cancion_doble_bsp/\libucosii_bsp.a(alt_exception_entry.o)
 *(.exceptions.soft.user)
 *(.exceptions.soft)
 *(.exceptions.unknown.user)
 *(.exceptions.unknown)
 .exceptions.unknown
                0x0000000000040094       0x14 ../cancion_doble_bsp/\libucosii_bsp.a(alt_exception_entry.o)
 *(.exceptions.exit.label)
 .exceptions.exit.label
                0x00000000000400a8        0x0 ../cancion_doble_bsp/\libucosii_bsp.a(alt_irq_entry.o)
 .exceptions.exit.label
                0x00000000000400a8        0x0 ../cancion_doble_bsp/\libucosii_bsp.a(alt_exception_entry.o)
 *(.exceptions.exit.user)
 *(.exceptions.exit)
 .exceptions.exit
                0x00000000000400a8       0x54 ../cancion_doble_bsp/\libucosii_bsp.a(alt_exception_entry.o)
 *(.exceptions)
 .exceptions    0x00000000000400fc       0xd0 ../cancion_doble_bsp/\libucosii_bsp.a(alt_irq_handler.o)
                0x00000000000400fc                alt_irq_handler
 .exceptions    0x00000000000401cc       0x60 ../cancion_doble_bsp/\libucosii_bsp.a(alt_instruction_exception_entry.o)
                0x00000000000401cc                alt_instruction_exception_entry
                0x000000000004022c                PROVIDE (__ram_exceptions_end, ABSOLUTE (.))
                0x0000000000040020                PROVIDE (__flash_exceptions_start, LOADADDR (.exceptions))

.text           0x000000000004022c     0xf0f4
                0x000000000004022c                PROVIDE (stext, ABSOLUTE (.))
 *(.interp)
 *(.hash)
 *(.dynsym)
 *(.dynstr)
 *(.gnu.version)
 *(.gnu.version_d)
 *(.gnu.version_r)
 *(.rel.init)
 *(.rela.init)
 *(.rel.text .rel.text.* .rel.gnu.linkonce.t.*)
 *(.rela.text .rela.text.* .rela.gnu.linkonce.t.*)
 *(.rel.fini)
 *(.rela.fini)
 *(.rel.rodata .rel.rodata.* .rel.gnu.linkonce.r.*)
 *(.rela.rodata .rela.rodata.* .rela.gnu.linkonce.r.*)
 *(.rel.data .rel.data.* .rel.gnu.linkonce.d.*)
 *(.rela.data .rela.data.* .rela.gnu.linkonce.d.*)
 *(.rel.tdata .rel.tdata.* .rel.gnu.linkonce.td.*)
 *(.rela.tdata .rela.tdata.* .rela.gnu.linkonce.td.*)
 *(.rel.tbss .rel.tbss.* .rel.gnu.linkonce.tb.*)
 *(.rela.tbss .rela.tbss.* .rela.gnu.linkonce.tb.*)
 *(.rel.ctors)
 *(.rela.ctors)
 *(.rel.dtors)
 *(.rela.dtors)
 *(.rel.got)
 *(.rela.got)
 *(.rel.sdata .rel.sdata.* .rel.gnu.linkonce.s.*)
 *(.rela.sdata .rela.sdata.* .rela.gnu.linkonce.s.*)
 *(.rel.sbss .rel.sbss.* .rel.gnu.linkonce.sb.*)
 *(.rela.sbss .rela.sbss.* .rela.gnu.linkonce.sb.*)
 *(.rel.sdata2 .rel.sdata2.* .rel.gnu.linkonce.s2.*)
 *(.rela.sdata2 .rela.sdata2.* .rela.gnu.linkonce.s2.*)
 *(.rel.sbss2 .rel.sbss2.* .rel.gnu.linkonce.sb2.*)
 *(.rela.sbss2 .rela.sbss2.* .rela.gnu.linkonce.sb2.*)
 *(.rel.bss .rel.bss.* .rel.gnu.linkonce.b.*)
 *(.rela.bss .rela.bss.* .rela.gnu.linkonce.b.*)
 *(.rel.plt)
 *(.rela.plt)
 *(.rel.dyn)
 *(.init)
 *(.plt)
 *(.text .stub .text.* .gnu.linkonce.t.*)
 .text          0x000000000004022c       0x3c ../cancion_doble_bsp//obj/HAL/src/crt0.o
                0x000000000004022c                _start
 .text          0x0000000000040268      0x888 obj/default/hello_ucosii.o
                0x0000000000040268                play_tone
                0x00000000000402e0                play_tone1
                0x0000000000040358                task1
                0x00000000000403fc                task2
                0x000000000004078c                leds_task
                0x0000000000040a04                main
 .text          0x0000000000040af0       0xcc c:/altera/15.0/nios2eds/bin/gnu/h-x86_64-mingw32/bin/../lib/gcc/nios2-elf/4.9.1/../../../../../H-x86_64-mingw32/nios2-elf/lib/mno-hw-mul\libc.a(lib_a-puts.o)
                0x0000000000040af0                _puts_r
                0x0000000000040ba8                puts
 .text          0x0000000000040bbc       0x98 c:/altera/15.0/nios2eds/bin/gnu/h-x86_64-mingw32/bin/../lib/gcc/nios2-elf/4.9.1/../../../../../H-x86_64-mingw32/nios2-elf/lib/mno-hw-mul\libc.a(lib_a-strlen.o)
                0x0000000000040bbc                strlen
 .text          0x0000000000040c54      0x4a4 c:/altera/15.0/nios2eds/bin/gnu/h-x86_64-mingw32/bin/../lib/gcc/nios2-elf/4.9.1/../../../../../H-x86_64-mingw32/nios2-elf/lib/mno-hw-mul\libc.a(lib_a-fvwrite.o)
                0x0000000000040c54                __sfvwrite_r
 .text          0x00000000000410f8        0x0 c:/altera/15.0/nios2eds/bin/gnu/h-x86_64-mingw32/bin/../lib/gcc/nios2-elf/4.9.1/../../../../../H-x86_64-mingw32/nios2-elf/lib/mno-hw-mul\libc.a(lib_a-impure.o)
 .text          0x00000000000410f8      0x7a8 c:/altera/15.0/nios2eds/bin/gnu/h-x86_64-mingw32/bin/../lib/gcc/nios2-elf/4.9.1/../../../../../H-x86_64-mingw32/nios2-elf/lib/mno-hw-mul\libc.a(lib_a-mallocr.o)
                0x00000000000410f8                _malloc_r
 .text          0x00000000000418a0       0xe8 c:/altera/15.0/nios2eds/bin/gnu/h-x86_64-mingw32/bin/../lib/gcc/nios2-elf/4.9.1/../../../../../H-x86_64-mingw32/nios2-elf/lib/mno-hw-mul\libc.a(lib_a-memchr.o)
                0x00000000000418a0                memchr
 .text          0x0000000000041988      0x138 c:/altera/15.0/nios2eds/bin/gnu/h-x86_64-mingw32/bin/../lib/gcc/nios2-elf/4.9.1/../../../../../H-x86_64-mingw32/nios2-elf/lib/mno-hw-mul\libc.a(lib_a-memcpy.o)
                0x0000000000041988                memcpy
 .text          0x0000000000041ac0      0x15c c:/altera/15.0/nios2eds/bin/gnu/h-x86_64-mingw32/bin/../lib/gcc/nios2-elf/4.9.1/../../../../../H-x86_64-mingw32/nios2-elf/lib/mno-hw-mul\libc.a(lib_a-memmove.o)
                0x0000000000041ac0                memmove
 .text          0x0000000000041c1c      0x5a0 c:/altera/15.0/nios2eds/bin/gnu/h-x86_64-mingw32/bin/../lib/gcc/nios2-elf/4.9.1/../../../../../H-x86_64-mingw32/nios2-elf/lib/mno-hw-mul\libc.a(lib_a-reallocr.o)
                0x0000000000041c1c                _realloc_r
 .text          0x00000000000421bc       0x54 c:/altera/15.0/nios2eds/bin/gnu/h-x86_64-mingw32/bin/../lib/gcc/nios2-elf/4.9.1/../../../../../H-x86_64-mingw32/nios2-elf/lib/mno-hw-mul\libc.a(lib_a-sbrkr.o)
                0x00000000000421bc                _sbrk_r
 .text          0x0000000000042210      0x130 c:/altera/15.0/nios2eds/bin/gnu/h-x86_64-mingw32/bin/../lib/gcc/nios2-elf/4.9.1/../../../../../H-x86_64-mingw32/nios2-elf/lib/mno-hw-mul\libc.a(lib_a-wsetup.o)
                0x0000000000042210                __swsetup_r
 .text          0x0000000000042340      0x258 c:/altera/15.0/nios2eds/bin/gnu/h-x86_64-mingw32/bin/../lib/gcc/nios2-elf/4.9.1/../../../../../H-x86_64-mingw32/nios2-elf/lib/mno-hw-mul\libc.a(lib_a-fflush.o)
                0x0000000000042340                _fflush_r
                0x0000000000042568                fflush
 .text          0x0000000000042598      0x3b4 c:/altera/15.0/nios2eds/bin/gnu/h-x86_64-mingw32/bin/../lib/gcc/nios2-elf/4.9.1/../../../../../H-x86_64-mingw32/nios2-elf/lib/mno-hw-mul\libc.a(lib_a-findfp.o)
                0x00000000000425a8                _cleanup_r
                0x0000000000042754                __sfmoreglue
                0x00000000000427cc                __sfp
                0x00000000000428e4                _cleanup
                0x00000000000428fc                __sinit
                0x000000000004290c                __sfp_lock_acquire
                0x0000000000042910                __sfp_lock_release
                0x0000000000042914                __sinit_lock_acquire
                0x0000000000042918                __sinit_lock_release
                0x000000000004291c                __fp_lock_all
                0x0000000000042934                __fp_unlock_all
 .text          0x000000000004294c      0x414 c:/altera/15.0/nios2eds/bin/gnu/h-x86_64-mingw32/bin/../lib/gcc/nios2-elf/4.9.1/../../../../../H-x86_64-mingw32/nios2-elf/lib/mno-hw-mul\libc.a(lib_a-freer.o)
                0x000000000004294c                _malloc_trim_r
                0x0000000000042a70                _free_r
 .text          0x0000000000042d60      0x170 c:/altera/15.0/nios2eds/bin/gnu/h-x86_64-mingw32/bin/../lib/gcc/nios2-elf/4.9.1/../../../../../H-x86_64-mingw32/nios2-elf/lib/mno-hw-mul\libc.a(lib_a-fwalk.o)
                0x0000000000042d60                _fwalk
                0x0000000000042e18                _fwalk_reent
 .text          0x0000000000042ed0        0x0 c:/altera/15.0/nios2eds/bin/gnu/h-x86_64-mingw32/bin/../lib/gcc/nios2-elf/4.9.1/../../../../../H-x86_64-mingw32/nios2-elf/lib/mno-hw-mul\libc.a(lib_a-int_errno.o)
 .text          0x0000000000042ed0      0x1b8 c:/altera/15.0/nios2eds/bin/gnu/h-x86_64-mingw32/bin/../lib/gcc/nios2-elf/4.9.1/../../../../../H-x86_64-mingw32/nios2-elf/lib/mno-hw-mul\libc.a(lib_a-makebuf.o)
                0x0000000000042ed0                __smakebuf_r
 .text          0x0000000000043088      0x124 c:/altera/15.0/nios2eds/bin/gnu/h-x86_64-mingw32/bin/../lib/gcc/nios2-elf/4.9.1/../../../../../H-x86_64-mingw32/nios2-elf/lib/mno-hw-mul\libc.a(lib_a-memset.o)
                0x0000000000043088                memset
 .text          0x00000000000431ac      0x13c c:/altera/15.0/nios2eds/bin/gnu/h-x86_64-mingw32/bin/../lib/gcc/nios2-elf/4.9.1/../../../../../H-x86_64-mingw32/nios2-elf/lib/mno-hw-mul\libc.a(lib_a-stdio.o)
                0x00000000000431ac                __sread
                0x0000000000043200                __seofread
                0x0000000000043208                __swrite
                0x0000000000043284                __sseek
                0x00000000000432e0                __sclose
 .text          0x00000000000432e8       0x5c c:/altera/15.0/nios2eds/bin/gnu/h-x86_64-mingw32/bin/../lib/gcc/nios2-elf/4.9.1/../../../../../H-x86_64-mingw32/nios2-elf/lib/mno-hw-mul\libc.a(lib_a-writer.o)
                0x00000000000432e8                _write_r
 .text          0x0000000000043344       0x54 c:/altera/15.0/nios2eds/bin/gnu/h-x86_64-mingw32/bin/../lib/gcc/nios2-elf/4.9.1/../../../../../H-x86_64-mingw32/nios2-elf/lib/mno-hw-mul\libc.a(closer.o)
                0x0000000000043344                _close_r
 .text          0x0000000000043398      0x114 c:/altera/15.0/nios2eds/bin/gnu/h-x86_64-mingw32/bin/../lib/gcc/nios2-elf/4.9.1/../../../../../H-x86_64-mingw32/nios2-elf/lib/mno-hw-mul\libc.a(lib_a-fclose.o)
                0x0000000000043398                _fclose_r
                0x0000000000043498                fclose
 .text          0x00000000000434ac       0x58 c:/altera/15.0/nios2eds/bin/gnu/h-x86_64-mingw32/bin/../lib/gcc/nios2-elf/4.9.1/../../../../../H-x86_64-mingw32/nios2-elf/lib/mno-hw-mul\libc.a(lib_a-fstatr.o)
                0x00000000000434ac                _fstat_r
 .text          0x0000000000043504       0x54 c:/altera/15.0/nios2eds/bin/gnu/h-x86_64-mingw32/bin/../lib/gcc/nios2-elf/4.9.1/../../../../../H-x86_64-mingw32/nios2-elf/lib/mno-hw-mul\libc.a(lib_a-isattyr.o)
                0x0000000000043504                _isatty_r
 .text          0x0000000000043558       0x5c c:/altera/15.0/nios2eds/bin/gnu/h-x86_64-mingw32/bin/../lib/gcc/nios2-elf/4.9.1/../../../../../H-x86_64-mingw32/nios2-elf/lib/mno-hw-mul\libc.a(lib_a-lseekr.o)
                0x0000000000043558                _lseek_r
 .text          0x00000000000435b4       0x5c c:/altera/15.0/nios2eds/bin/gnu/h-x86_64-mingw32/bin/../lib/gcc/nios2-elf/4.9.1/../../../../../H-x86_64-mingw32/nios2-elf/lib/mno-hw-mul\libc.a(lib_a-readr.o)
                0x00000000000435b4                _read_r
 .text          0x0000000000043610       0x28 c:/altera/15.0/nios2eds/bin/gnu/h-x86_64-mingw32/bin/../lib/gcc/nios2-elf/4.9.1/mno-hw-mul\libgcc.a(lib2-mul.o)
                0x0000000000043610                __mulsi3
 .text          0x0000000000043638      0x128 ../cancion_doble_bsp/\libucosii_bsp.a(alt_close.o)
                0x0000000000043688                close
 .text          0x0000000000043760       0x2c ../cancion_doble_bsp/\libucosii_bsp.a(alt_dev.o)
 .text          0x000000000004378c        0x0 ../cancion_doble_bsp/\libucosii_bsp.a(alt_errno.o)
 .text          0x000000000004378c      0x108 ../cancion_doble_bsp/\libucosii_bsp.a(alt_fstat.o)
                0x00000000000437dc                fstat
 .text          0x0000000000043894       0xfc ../cancion_doble_bsp/\libucosii_bsp.a(alt_isatty.o)
                0x00000000000438e4                isatty
 .text          0x0000000000043990       0xe4 ../cancion_doble_bsp/\libucosii_bsp.a(alt_load.o)
                0x00000000000439f4                alt_load
 .text          0x0000000000043a74      0x12c ../cancion_doble_bsp/\libucosii_bsp.a(alt_lseek.o)
                0x0000000000043ac4                lseek
 .text          0x0000000000043ba0       0xd4 ../cancion_doble_bsp/\libucosii_bsp.a(alt_main.o)
                0x0000000000043ba0                alt_main
 .text          0x0000000000043c74      0x154 ../cancion_doble_bsp/\libucosii_bsp.a(alt_read.o)
                0x0000000000043cc4                read
 .text          0x0000000000043dc8       0x80 ../cancion_doble_bsp/\libucosii_bsp.a(alt_release_fd.o)
                0x0000000000043dc8                alt_release_fd
 .text          0x0000000000043e48       0xb0 ../cancion_doble_bsp/\libucosii_bsp.a(alt_sbrk.o)
                0x0000000000043e48                sbrk
 .text          0x0000000000043ef8      0x150 ../cancion_doble_bsp/\libucosii_bsp.a(alt_write.o)
                0x0000000000043f48                write
 .text          0x0000000000044048      0x11c ../cancion_doble_bsp/\libucosii_bsp.a(alt_env_lock.o)
                0x0000000000044048                __env_lock
                0x0000000000044108                __env_unlock
 .text          0x0000000000044164      0x1f0 ../cancion_doble_bsp/\libucosii_bsp.a(alt_malloc_lock.o)
                0x0000000000044164                __malloc_lock
                0x0000000000044284                __malloc_unlock
 .text          0x0000000000044354     0x1fe0 ../cancion_doble_bsp/\libucosii_bsp.a(os_core.o)
                0x0000000000044354                OSEventNameGet
                0x0000000000044474                OSEventNameSet
                0x00000000000445b0                OSEventPendMulti
                0x0000000000044bc0                OSInit
                0x0000000000044c14                OSIntEnter
                0x0000000000044c90                OSIntExit
                0x0000000000044d84                OSSchedLock
                0x0000000000044e0c                OSSchedUnlock
                0x0000000000044ee4                OSStart
                0x0000000000044f50                OSStatInit
                0x0000000000044ffc                OSTimeTick
                0x0000000000045218                OSVersion
                0x0000000000045238                OS_Dummy
                0x0000000000045254                OS_EventTaskRdy
                0x00000000000453ec                OS_EventTaskWait
                0x00000000000454f8                OS_EventTaskWaitMulti
                0x0000000000045644                OS_EventTaskRemove
                0x00000000000456f8                OS_EventTaskRemoveMulti
                0x00000000000457f4                OS_EventWaitListInit
                0x0000000000045bb8                OS_MemClr
                0x0000000000045c08                OS_MemCopy
                0x0000000000045c6c                OS_Sched
                0x0000000000045da8                OS_StrCopy
                0x0000000000045e1c                OS_StrLen
                0x0000000000045e70                OS_TaskIdle
                0x0000000000045ecc                OS_TaskStat
                0x0000000000045f98                OS_TaskStatStkChk
                0x0000000000046060                OS_TCBInit
 .text          0x0000000000046334      0x18c ../cancion_doble_bsp/\libucosii_bsp.a(os_dbg.o)
                0x0000000000046334                OSDebugInit
 .text          0x00000000000464c0     0x181c ../cancion_doble_bsp/\libucosii_bsp.a(os_flag.o)
                0x00000000000464c0                OSFlagAccept
                0x00000000000467c8                OSFlagCreate
                0x00000000000468f0                OSFlagDel
                0x0000000000046b60                OSFlagNameGet
                0x0000000000046c90                OSFlagNameSet
                0x0000000000046de0                OSFlagPend
                0x00000000000473d0                OSFlagPendGetFlagsRdy
                0x0000000000047438                OSFlagPost
                0x00000000000477c0                OSFlagQuery
                0x0000000000047a48                OS_FlagInit
                0x0000000000047c3c                OS_FlagUnlink
 .text          0x0000000000047cdc      0x790 ../cancion_doble_bsp/\libucosii_bsp.a(os_mem.o)
                0x0000000000047cdc                OSMemCreate
                0x0000000000047ed0                OSMemGet
                0x0000000000047fc0                OSMemNameGet
                0x00000000000480b8                OSMemNameSet
                0x00000000000481d0                OSMemPut
                0x00000000000482a8                OSMemQuery
                0x0000000000048390                OS_MemInit
 .text          0x000000000004846c     0x1210 ../cancion_doble_bsp/\libucosii_bsp.a(os_q.o)
                0x000000000004846c                OSQAccept
                0x00000000000485ac                OSQCreate
                0x00000000000487a8                OSQDel
                0x0000000000048a70                OSQFlush
                0x0000000000048b28                OSQPend
                0x0000000000048e24                OSQPendAbort
                0x0000000000048f90                OSQPost
                0x00000000000490f8                OSQPostFront
                0x0000000000049268                OSQPostOpt
                0x0000000000049474                OSQQuery
                0x00000000000495d0                OS_QInit
 .text          0x000000000004967c      0xb08 ../cancion_doble_bsp/\libucosii_bsp.a(os_sem.o)
                0x000000000004967c                OSSemAccept
                0x000000000004972c                OSSemCreate
                0x000000000004982c                OSSemDel
                0x0000000000049a94                OSSemPend
                0x0000000000049cfc                OSSemPendAbort
                0x0000000000049e68                OSSemPost
                0x0000000000049f78                OSSemQuery
                0x000000000004a088                OSSemSet
 .text          0x000000000004a184     0x18f4 ../cancion_doble_bsp/\libucosii_bsp.a(os_task.o)
                0x000000000004a184                OSTaskChangePrio
                0x000000000004a6c4                OSTaskCreate
                0x000000000004a880                OSTaskCreateExt
                0x000000000004aa6c                OSTaskDel
                0x000000000004ae4c                OSTaskDelReq
                0x000000000004afa4                OSTaskNameGet
                0x000000000004b14c                OSTaskNameSet
                0x000000000004b30c                OSTaskResume
                0x000000000004b504                OSTaskStkChk
                0x000000000004b6cc                OSTaskSuspend
                0x000000000004b8e0                OSTaskQuery
                0x000000000004ba0c                OS_TaskStkClr
 .text          0x000000000004ba78      0x584 ../cancion_doble_bsp/\libucosii_bsp.a(os_time.o)
                0x000000000004ba78                OSTimeDly
                0x000000000004bbc0                OSTimeDlyHMSM
                0x000000000004bd44                OSTimeDlyResume
                0x000000000004bf34                OSTimeGet
                0x000000000004bf98                OSTimeSet
 .text          0x000000000004bffc       0xe4 ../cancion_doble_bsp/\libucosii_bsp.a(alt_sys_init.o)
                0x000000000004c034                alt_irq_init
                0x000000000004c068                alt_sys_init
 .text          0x000000000004c0e0      0x164 ../cancion_doble_bsp/\libucosii_bsp.a(altera_avalon_jtag_uart_fd.o)
                0x000000000004c0e0                altera_avalon_jtag_uart_read_fd
                0x000000000004c140                altera_avalon_jtag_uart_write_fd
                0x000000000004c1a0                altera_avalon_jtag_uart_close_fd
                0x000000000004c1f0                altera_avalon_jtag_uart_ioctl_fd
 .text          0x000000000004c244      0x568 ../cancion_doble_bsp/\libucosii_bsp.a(altera_avalon_jtag_uart_init.o)
                0x000000000004c244                altera_avalon_jtag_uart_init
                0x000000000004c744                altera_avalon_jtag_uart_close
 .text          0x000000000004c7ac       0xec ../cancion_doble_bsp/\libucosii_bsp.a(altera_avalon_jtag_uart_ioctl.o)
                0x000000000004c7ac                altera_avalon_jtag_uart_ioctl
 .text          0x000000000004c898      0x2b4 ../cancion_doble_bsp/\libucosii_bsp.a(altera_avalon_jtag_uart_read.o)
                0x000000000004c898                altera_avalon_jtag_uart_read
 .text          0x000000000004cb4c      0x2c0 ../cancion_doble_bsp/\libucosii_bsp.a(altera_avalon_jtag_uart_write.o)
                0x000000000004cb4c                altera_avalon_jtag_uart_write
 .text          0x000000000004ce0c       0xfc ../cancion_doble_bsp/\libucosii_bsp.a(altera_avalon_timer_sc.o)
                0x000000000004ce80                alt_avalon_timer_sc_init
 .text          0x000000000004cf08      0x110 ../cancion_doble_bsp/\libucosii_bsp.a(altera_avalon_uart_fd.o)
                0x000000000004cf08                altera_avalon_uart_read_fd
                0x000000000004cf68                altera_avalon_uart_write_fd
                0x000000000004cfc8                altera_avalon_uart_close_fd
 .text          0x000000000004d018      0x524 ../cancion_doble_bsp/\libucosii_bsp.a(altera_avalon_uart_init.o)
                0x000000000004d018                altera_avalon_uart_init
                0x000000000004d4e8                altera_avalon_uart_close
 .text          0x000000000004d53c      0x2b8 ../cancion_doble_bsp/\libucosii_bsp.a(altera_avalon_uart_read.o)
                0x000000000004d58c                altera_avalon_uart_read
 .text          0x000000000004d7f4      0x288 ../cancion_doble_bsp/\libucosii_bsp.a(altera_avalon_uart_write.o)
                0x000000000004d844                altera_avalon_uart_write
 .text          0x000000000004da7c      0x140 ../cancion_doble_bsp/\libucosii_bsp.a(alt_alarm_start.o)
                0x000000000004da7c                alt_alarm_start
 .text          0x000000000004dbbc       0x1c ../cancion_doble_bsp/\libucosii_bsp.a(alt_dcache_flush_all.o)
                0x000000000004dbbc                alt_dcache_flush_all
 .text          0x000000000004dbd8       0xf4 ../cancion_doble_bsp/\libucosii_bsp.a(alt_dev_llist_insert.o)
                0x000000000004dc28                alt_dev_llist_insert
 .text          0x000000000004dccc       0x5c ../cancion_doble_bsp/\libucosii_bsp.a(alt_do_ctors.o)
                0x000000000004dccc                _do_ctors
 .text          0x000000000004dd28       0x5c ../cancion_doble_bsp/\libucosii_bsp.a(alt_do_dtors.o)
                0x000000000004dd28                _do_dtors
 .text          0x000000000004dd84       0x1c ../cancion_doble_bsp/\libucosii_bsp.a(alt_icache_flush_all.o)
                0x000000000004dd84                alt_icache_flush_all
 .text          0x000000000004dda0      0x1e0 ../cancion_doble_bsp/\libucosii_bsp.a(alt_iic.o)
                0x000000000004dda0                alt_ic_isr_register
                0x000000000004ddf0                alt_ic_irq_enable
                0x000000000004de90                alt_ic_irq_disable
                0x000000000004df34                alt_ic_irq_enabled
 .text          0x000000000004df80       0xf0 ../cancion_doble_bsp/\libucosii_bsp.a(alt_iic_isr_register.o)
                0x000000000004df80                alt_iic_isr_register
 .text          0x000000000004e070      0x158 ../cancion_doble_bsp/\libucosii_bsp.a(alt_io_redirect.o)
                0x000000000004e150                alt_io_redirect
 .text          0x000000000004e1c8        0x0 ../cancion_doble_bsp/\libucosii_bsp.a(alt_irq_entry.o)
 .text          0x000000000004e1c8        0x0 ../cancion_doble_bsp/\libucosii_bsp.a(alt_irq_handler.o)
 .text          0x000000000004e1c8        0x0 ../cancion_doble_bsp/\libucosii_bsp.a(alt_irq_vars.o)
 .text          0x000000000004e1c8      0x2a4 ../cancion_doble_bsp/\libucosii_bsp.a(alt_open.o)
                0x000000000004e30c                open
 .text          0x000000000004e46c      0x19c ../cancion_doble_bsp/\libucosii_bsp.a(alt_tick.o)
                0x000000000004e46c                alt_alarm_stop
                0x000000000004e504                alt_tick
 .text          0x000000000004e608       0x20 ../cancion_doble_bsp/\libucosii_bsp.a(altera_nios2_gen2_irq.o)
                0x000000000004e608                altera_nios2_gen2_irq_init
 .text          0x000000000004e628       0xd0 ../cancion_doble_bsp/\libucosii_bsp.a(os_cpu_a.o)
                0x000000000004e628                OSCtxSw
                0x000000000004e628                OSIntCtxSw
                0x000000000004e6b4                OSStartHighRdy
                0x000000000004e6d4                OSStartTsk
 .text          0x000000000004e6f8      0x3fc ../cancion_doble_bsp/\libucosii_bsp.a(os_cpu_c.o)
                0x000000000004e6f8                OSTaskStkInit
                0x000000000004e9ec                OSTaskCreateHook
                0x000000000004ea0c                OSTaskDelHook
                0x000000000004ea2c                OSTaskSwHook
                0x000000000004ea48                OSTaskStatHook
                0x000000000004ea64                OSTimeTickHook
                0x000000000004ea80                OSInitHookBegin
                0x000000000004ea9c                OSInitHookEnd
                0x000000000004eab8                OSTaskIdleHook
                0x000000000004ead4                OSTCBInitHook
 .text          0x000000000004eaf4        0x0 ../cancion_doble_bsp/\libucosii_bsp.a(alt_exception_entry.o)
 .text          0x000000000004eaf4       0x90 ../cancion_doble_bsp/\libucosii_bsp.a(alt_find_dev.o)
                0x000000000004eaf4                alt_find_dev
 .text          0x000000000004eb84      0x114 ../cancion_doble_bsp/\libucosii_bsp.a(alt_find_file.o)
                0x000000000004eb84                alt_find_file
 .text          0x000000000004ec98      0x114 ../cancion_doble_bsp/\libucosii_bsp.a(alt_get_fd.o)
                0x000000000004ec98                alt_get_fd
 .text          0x000000000004edac       0x9c ../cancion_doble_bsp/\libucosii_bsp.a(alt_instruction_exception_entry.o)
                0x000000000004edac                alt_exception_cause_generated_bad_addr
 .text          0x000000000004ee48       0x14 c:/altera/15.0/nios2eds/bin/gnu/h-x86_64-mingw32/bin/../lib/gcc/nios2-elf/4.9.1/../../../../../H-x86_64-mingw32/nios2-elf/lib/mno-hw-mul\libc.a(lib_a-atexit.o)
                0x000000000004ee48                atexit
 .text          0x000000000004ee5c       0x38 c:/altera/15.0/nios2eds/bin/gnu/h-x86_64-mingw32/bin/../lib/gcc/nios2-elf/4.9.1/../../../../../H-x86_64-mingw32/nios2-elf/lib/mno-hw-mul\libc.a(lib_a-exit.o)
                0x000000000004ee5c                exit
 .text          0x000000000004ee94       0x7c c:/altera/15.0/nios2eds/bin/gnu/h-x86_64-mingw32/bin/../lib/gcc/nios2-elf/4.9.1/../../../../../H-x86_64-mingw32/nios2-elf/lib/mno-hw-mul\libc.a(lib_a-memcmp.o)
                0x000000000004ee94                memcmp
 .text          0x000000000004ef10      0x114 c:/altera/15.0/nios2eds/bin/gnu/h-x86_64-mingw32/bin/../lib/gcc/nios2-elf/4.9.1/../../../../../H-x86_64-mingw32/nios2-elf/lib/mno-hw-mul\libc.a(lib_a-__atexit.o)
                0x000000000004ef10                __register_exitproc
 .text          0x000000000004f024      0x194 c:/altera/15.0/nios2eds/bin/gnu/h-x86_64-mingw32/bin/../lib/gcc/nios2-elf/4.9.1/../../../../../H-x86_64-mingw32/nios2-elf/lib/mno-hw-mul\libc.a(lib_a-__call_atexit.o)
                0x000000000004f024                __call_exitprocs
 .text          0x000000000004f1b8      0x12c c:/altera/15.0/nios2eds/bin/gnu/h-x86_64-mingw32/bin/../lib/gcc/nios2-elf/4.9.1/mno-hw-mul\libgcc.a(lib2-divmod.o)
                0x000000000004f224                __divsi3
                0x000000000004f278                __modsi3
                0x000000000004f2d4                __udivsi3
                0x000000000004f2dc                __umodsi3
 .text          0x000000000004f2e4       0x3c ../cancion_doble_bsp/\libucosii_bsp.a(alt_exit.o)
                0x000000000004f2e4                _exit
 *(.gnu.warning.*)
 *(.fini)
                0x000000000004f320                PROVIDE (__etext, ABSOLUTE (.))
                0x000000000004f320                PROVIDE (_etext, ABSOLUTE (.))
                0x000000000004f320                PROVIDE (etext, ABSOLUTE (.))
 *(.eh_frame_hdr)
                0x000000000004f320                . = ALIGN (0x4)
                0x000000000004f320                PROVIDE (__preinit_array_start, ABSOLUTE (.))
 *(.preinit_array)
                0x000000000004f320                PROVIDE (__preinit_array_end, ABSOLUTE (.))
                0x000000000004f320                PROVIDE (__init_array_start, ABSOLUTE (.))
 *(.init_array)
                0x000000000004f320                PROVIDE (__init_array_end, ABSOLUTE (.))
                0x000000000004f320                PROVIDE (__fini_array_start, ABSOLUTE (.))
 *(.fini_array)
                0x000000000004f320                PROVIDE (__fini_array_end, ABSOLUTE (.))
 *(.eh_frame)
 *(.gcc_except_table .gcc_except_table.*)
 *(.dynamic)
                0x000000000004f320                PROVIDE (__CTOR_LIST__, ABSOLUTE (.))
 *(.ctors)
 *(SORT(.ctors.*))
                0x000000000004f320                PROVIDE (__CTOR_END__, ABSOLUTE (.))
                0x000000000004f320                PROVIDE (__DTOR_LIST__, ABSOLUTE (.))
 *(.dtors)
 *(SORT(.dtors.*))
                0x000000000004f320                PROVIDE (__DTOR_END__, ABSOLUTE (.))
 *(.jcr)
                0x000000000004f320                . = ALIGN (0x4)

.rodata         0x000000000004f320      0x17c
                0x000000000004f320                PROVIDE (__ram_rodata_start, ABSOLUTE (.))
                0x000000000004f320                . = ALIGN (0x4)
 *(.rodata .rodata.* .gnu.linkonce.r.*)
 .rodata        0x000000000004f320       0x18 obj/default/hello_ucosii.o
 .rodata.str1.4
                0x000000000004f338        0x2 c:/altera/15.0/nios2eds/bin/gnu/h-x86_64-mingw32/bin/../lib/gcc/nios2-elf/4.9.1/../../../../../H-x86_64-mingw32/nios2-elf/lib/mno-hw-mul\libc.a(lib_a-puts.o)
                                          0x4 (size before relaxing)
 *fill*         0x000000000004f33a        0x2 
 .rodata.str1.4
                0x000000000004f33c        0x4 c:/altera/15.0/nios2eds/bin/gnu/h-x86_64-mingw32/bin/../lib/gcc/nios2-elf/4.9.1/../../../../../H-x86_64-mingw32/nios2-elf/lib/mno-hw-mul\libc.a(lib_a-impure.o)
 .rodata        0x000000000004f340        0xc ../cancion_doble_bsp/\libucosii_bsp.a(alt_dev.o)
 .rodata        0x000000000004f34c       0x10 ../cancion_doble_bsp/\libucosii_bsp.a(alt_main.o)
 .rodata        0x000000000004f35c      0x120 ../cancion_doble_bsp/\libucosii_bsp.a(os_core.o)
                0x000000000004f35c                OSUnMapTbl
 .rodata        0x000000000004f47c       0x1c ../cancion_doble_bsp/\libucosii_bsp.a(alt_sys_init.o)
 .rodata        0x000000000004f498        0x4 ../cancion_doble_bsp/\libucosii_bsp.a(os_cpu_c.o)
 *(.rodata1)
                0x000000000004f49c                . = ALIGN (0x4)
                0x000000000004f49c                PROVIDE (__ram_rodata_end, ABSOLUTE (.))
                0x000000000004f320                PROVIDE (__flash_rodata_start, LOADADDR (.rodata))

.rwdata         0x000000000004f49c     0x1bc4 load address 0x0000000000051060
                0x000000000004f49c                PROVIDE (__ram_rwdata_start, ABSOLUTE (.))
                0x000000000004f49c                . = ALIGN (0x4)
 *(.got.plt)
 *(.got)
 *(.data1)
 *(.data .data.* .gnu.linkonce.d.*)
 .data          0x000000000004f49c        0x0 ../cancion_doble_bsp//obj/HAL/src/crt0.o
 .data          0x000000000004f49c        0x0 obj/default/hello_ucosii.o
 .data          0x000000000004f49c        0x0 c:/altera/15.0/nios2eds/bin/gnu/h-x86_64-mingw32/bin/../lib/gcc/nios2-elf/4.9.1/../../../../../H-x86_64-mingw32/nios2-elf/lib/mno-hw-mul\libc.a(lib_a-puts.o)
 .data          0x000000000004f49c        0x0 c:/altera/15.0/nios2eds/bin/gnu/h-x86_64-mingw32/bin/../lib/gcc/nios2-elf/4.9.1/../../../../../H-x86_64-mingw32/nios2-elf/lib/mno-hw-mul\libc.a(lib_a-strlen.o)
 .data          0x000000000004f49c        0x0 c:/altera/15.0/nios2eds/bin/gnu/h-x86_64-mingw32/bin/../lib/gcc/nios2-elf/4.9.1/../../../../../H-x86_64-mingw32/nios2-elf/lib/mno-hw-mul\libc.a(lib_a-fvwrite.o)
 .data          0x000000000004f49c      0x424 c:/altera/15.0/nios2eds/bin/gnu/h-x86_64-mingw32/bin/../lib/gcc/nios2-elf/4.9.1/../../../../../H-x86_64-mingw32/nios2-elf/lib/mno-hw-mul\libc.a(lib_a-impure.o)
 .data          0x000000000004f8c0      0x408 c:/altera/15.0/nios2eds/bin/gnu/h-x86_64-mingw32/bin/../lib/gcc/nios2-elf/4.9.1/../../../../../H-x86_64-mingw32/nios2-elf/lib/mno-hw-mul\libc.a(lib_a-mallocr.o)
                0x000000000004f8c0                __malloc_av_
 .data          0x000000000004fcc8        0x0 c:/altera/15.0/nios2eds/bin/gnu/h-x86_64-mingw32/bin/../lib/gcc/nios2-elf/4.9.1/../../../../../H-x86_64-mingw32/nios2-elf/lib/mno-hw-mul\libc.a(lib_a-memchr.o)
 .data          0x000000000004fcc8        0x0 c:/altera/15.0/nios2eds/bin/gnu/h-x86_64-mingw32/bin/../lib/gcc/nios2-elf/4.9.1/../../../../../H-x86_64-mingw32/nios2-elf/lib/mno-hw-mul\libc.a(lib_a-memcpy.o)
 .data          0x000000000004fcc8        0x0 c:/altera/15.0/nios2eds/bin/gnu/h-x86_64-mingw32/bin/../lib/gcc/nios2-elf/4.9.1/../../../../../H-x86_64-mingw32/nios2-elf/lib/mno-hw-mul\libc.a(lib_a-memmove.o)
 .data          0x000000000004fcc8        0x0 c:/altera/15.0/nios2eds/bin/gnu/h-x86_64-mingw32/bin/../lib/gcc/nios2-elf/4.9.1/../../../../../H-x86_64-mingw32/nios2-elf/lib/mno-hw-mul\libc.a(lib_a-reallocr.o)
 .data          0x000000000004fcc8        0x0 c:/altera/15.0/nios2eds/bin/gnu/h-x86_64-mingw32/bin/../lib/gcc/nios2-elf/4.9.1/../../../../../H-x86_64-mingw32/nios2-elf/lib/mno-hw-mul\libc.a(lib_a-sbrkr.o)
 .data          0x000000000004fcc8        0x0 c:/altera/15.0/nios2eds/bin/gnu/h-x86_64-mingw32/bin/../lib/gcc/nios2-elf/4.9.1/../../../../../H-x86_64-mingw32/nios2-elf/lib/mno-hw-mul\libc.a(lib_a-wsetup.o)
 .data          0x000000000004fcc8        0x0 c:/altera/15.0/nios2eds/bin/gnu/h-x86_64-mingw32/bin/../lib/gcc/nios2-elf/4.9.1/../../../../../H-x86_64-mingw32/nios2-elf/lib/mno-hw-mul\libc.a(lib_a-fflush.o)
 .data          0x000000000004fcc8        0x0 c:/altera/15.0/nios2eds/bin/gnu/h-x86_64-mingw32/bin/../lib/gcc/nios2-elf/4.9.1/../../../../../H-x86_64-mingw32/nios2-elf/lib/mno-hw-mul\libc.a(lib_a-findfp.o)
 .data          0x000000000004fcc8        0x0 c:/altera/15.0/nios2eds/bin/gnu/h-x86_64-mingw32/bin/../lib/gcc/nios2-elf/4.9.1/../../../../../H-x86_64-mingw32/nios2-elf/lib/mno-hw-mul\libc.a(lib_a-freer.o)
 .data          0x000000000004fcc8        0x0 c:/altera/15.0/nios2eds/bin/gnu/h-x86_64-mingw32/bin/../lib/gcc/nios2-elf/4.9.1/../../../../../H-x86_64-mingw32/nios2-elf/lib/mno-hw-mul\libc.a(lib_a-fwalk.o)
 .data          0x000000000004fcc8        0x0 c:/altera/15.0/nios2eds/bin/gnu/h-x86_64-mingw32/bin/../lib/gcc/nios2-elf/4.9.1/../../../../../H-x86_64-mingw32/nios2-elf/lib/mno-hw-mul\libc.a(lib_a-int_errno.o)
 .data          0x000000000004fcc8        0x0 c:/altera/15.0/nios2eds/bin/gnu/h-x86_64-mingw32/bin/../lib/gcc/nios2-elf/4.9.1/../../../../../H-x86_64-mingw32/nios2-elf/lib/mno-hw-mul\libc.a(lib_a-makebuf.o)
 .data          0x000000000004fcc8        0x0 c:/altera/15.0/nios2eds/bin/gnu/h-x86_64-mingw32/bin/../lib/gcc/nios2-elf/4.9.1/../../../../../H-x86_64-mingw32/nios2-elf/lib/mno-hw-mul\libc.a(lib_a-memset.o)
 .data          0x000000000004fcc8        0x0 c:/altera/15.0/nios2eds/bin/gnu/h-x86_64-mingw32/bin/../lib/gcc/nios2-elf/4.9.1/../../../../../H-x86_64-mingw32/nios2-elf/lib/mno-hw-mul\libc.a(lib_a-stdio.o)
 .data          0x000000000004fcc8        0x0 c:/altera/15.0/nios2eds/bin/gnu/h-x86_64-mingw32/bin/../lib/gcc/nios2-elf/4.9.1/../../../../../H-x86_64-mingw32/nios2-elf/lib/mno-hw-mul\libc.a(lib_a-writer.o)
 .data          0x000000000004fcc8        0x0 c:/altera/15.0/nios2eds/bin/gnu/h-x86_64-mingw32/bin/../lib/gcc/nios2-elf/4.9.1/../../../../../H-x86_64-mingw32/nios2-elf/lib/mno-hw-mul\libc.a(closer.o)
 .data          0x000000000004fcc8        0x0 c:/altera/15.0/nios2eds/bin/gnu/h-x86_64-mingw32/bin/../lib/gcc/nios2-elf/4.9.1/../../../../../H-x86_64-mingw32/nios2-elf/lib/mno-hw-mul\libc.a(lib_a-fclose.o)
 .data          0x000000000004fcc8        0x0 c:/altera/15.0/nios2eds/bin/gnu/h-x86_64-mingw32/bin/../lib/gcc/nios2-elf/4.9.1/../../../../../H-x86_64-mingw32/nios2-elf/lib/mno-hw-mul\libc.a(lib_a-fstatr.o)
 .data          0x000000000004fcc8        0x0 c:/altera/15.0/nios2eds/bin/gnu/h-x86_64-mingw32/bin/../lib/gcc/nios2-elf/4.9.1/../../../../../H-x86_64-mingw32/nios2-elf/lib/mno-hw-mul\libc.a(lib_a-isattyr.o)
 .data          0x000000000004fcc8        0x0 c:/altera/15.0/nios2eds/bin/gnu/h-x86_64-mingw32/bin/../lib/gcc/nios2-elf/4.9.1/../../../../../H-x86_64-mingw32/nios2-elf/lib/mno-hw-mul\libc.a(lib_a-lseekr.o)
 .data          0x000000000004fcc8        0x0 c:/altera/15.0/nios2eds/bin/gnu/h-x86_64-mingw32/bin/../lib/gcc/nios2-elf/4.9.1/../../../../../H-x86_64-mingw32/nios2-elf/lib/mno-hw-mul\libc.a(lib_a-readr.o)
 .data          0x000000000004fcc8        0x0 c:/altera/15.0/nios2eds/bin/gnu/h-x86_64-mingw32/bin/../lib/gcc/nios2-elf/4.9.1/mno-hw-mul\libgcc.a(lib2-mul.o)
 .data          0x000000000004fcc8        0x0 ../cancion_doble_bsp/\libucosii_bsp.a(alt_close.o)
 .data          0x000000000004fcc8      0x1a8 ../cancion_doble_bsp/\libucosii_bsp.a(alt_dev.o)
                0x000000000004fcc8                alt_dev_null
                0x000000000004fcf0                alt_fd_list
 .data          0x000000000004fe70        0x0 ../cancion_doble_bsp/\libucosii_bsp.a(alt_errno.o)
 .data          0x000000000004fe70        0x0 ../cancion_doble_bsp/\libucosii_bsp.a(alt_fstat.o)
 .data          0x000000000004fe70        0x0 ../cancion_doble_bsp/\libucosii_bsp.a(alt_isatty.o)
 .data          0x000000000004fe70        0x0 ../cancion_doble_bsp/\libucosii_bsp.a(alt_load.o)
 .data          0x000000000004fe70        0x0 ../cancion_doble_bsp/\libucosii_bsp.a(alt_lseek.o)
 .data          0x000000000004fe70        0x0 ../cancion_doble_bsp/\libucosii_bsp.a(alt_main.o)
 .data          0x000000000004fe70        0x0 ../cancion_doble_bsp/\libucosii_bsp.a(alt_read.o)
 .data          0x000000000004fe70        0x0 ../cancion_doble_bsp/\libucosii_bsp.a(alt_release_fd.o)
 .data          0x000000000004fe70        0x0 ../cancion_doble_bsp/\libucosii_bsp.a(alt_sbrk.o)
 .data          0x000000000004fe70        0x0 ../cancion_doble_bsp/\libucosii_bsp.a(alt_write.o)
 .data          0x000000000004fe70        0x0 ../cancion_doble_bsp/\libucosii_bsp.a(alt_env_lock.o)
 .data          0x000000000004fe70        0x0 ../cancion_doble_bsp/\libucosii_bsp.a(alt_malloc_lock.o)
 .data          0x000000000004fe70        0x0 ../cancion_doble_bsp/\libucosii_bsp.a(os_core.o)
 .data          0x000000000004fe70        0x0 ../cancion_doble_bsp/\libucosii_bsp.a(os_dbg.o)
 .data          0x000000000004fe70        0x0 ../cancion_doble_bsp/\libucosii_bsp.a(os_flag.o)
 .data          0x000000000004fe70        0x0 ../cancion_doble_bsp/\libucosii_bsp.a(os_mem.o)
 .data          0x000000000004fe70        0x0 ../cancion_doble_bsp/\libucosii_bsp.a(os_q.o)
 .data          0x000000000004fe70        0x0 ../cancion_doble_bsp/\libucosii_bsp.a(os_sem.o)
 .data          0x000000000004fe70        0x0 ../cancion_doble_bsp/\libucosii_bsp.a(os_task.o)
 .data          0x000000000004fe70        0x0 ../cancion_doble_bsp/\libucosii_bsp.a(os_time.o)
 .data          0x000000000004fe70     0x113c ../cancion_doble_bsp/\libucosii_bsp.a(alt_sys_init.o)
 .data          0x0000000000050fac        0x0 ../cancion_doble_bsp/\libucosii_bsp.a(altera_avalon_jtag_uart_fd.o)
 .data          0x0000000000050fac        0x0 ../cancion_doble_bsp/\libucosii_bsp.a(altera_avalon_jtag_uart_init.o)
 .data          0x0000000000050fac        0x0 ../cancion_doble_bsp/\libucosii_bsp.a(altera_avalon_jtag_uart_ioctl.o)
 .data          0x0000000000050fac        0x0 ../cancion_doble_bsp/\libucosii_bsp.a(altera_avalon_jtag_uart_read.o)
 .data          0x0000000000050fac        0x0 ../cancion_doble_bsp/\libucosii_bsp.a(altera_avalon_jtag_uart_write.o)
 .data          0x0000000000050fac        0x0 ../cancion_doble_bsp/\libucosii_bsp.a(altera_avalon_timer_sc.o)
 .data          0x0000000000050fac        0x0 ../cancion_doble_bsp/\libucosii_bsp.a(altera_avalon_uart_fd.o)
 .data          0x0000000000050fac        0x0 ../cancion_doble_bsp/\libucosii_bsp.a(altera_avalon_uart_init.o)
 .data          0x0000000000050fac        0x0 ../cancion_doble_bsp/\libucosii_bsp.a(altera_avalon_uart_read.o)
 .data          0x0000000000050fac        0x0 ../cancion_doble_bsp/\libucosii_bsp.a(altera_avalon_uart_write.o)
 .data          0x0000000000050fac        0x0 ../cancion_doble_bsp/\libucosii_bsp.a(alt_alarm_start.o)
 .data          0x0000000000050fac        0x0 ../cancion_doble_bsp/\libucosii_bsp.a(alt_dcache_flush_all.o)
 .data          0x0000000000050fac        0x0 ../cancion_doble_bsp/\libucosii_bsp.a(alt_dev_llist_insert.o)
 .data          0x0000000000050fac        0x0 ../cancion_doble_bsp/\libucosii_bsp.a(alt_do_ctors.o)
 .data          0x0000000000050fac        0x0 ../cancion_doble_bsp/\libucosii_bsp.a(alt_do_dtors.o)
 .data          0x0000000000050fac        0x0 ../cancion_doble_bsp/\libucosii_bsp.a(alt_icache_flush_all.o)
 .data          0x0000000000050fac        0x0 ../cancion_doble_bsp/\libucosii_bsp.a(alt_iic.o)
 .data          0x0000000000050fac        0x0 ../cancion_doble_bsp/\libucosii_bsp.a(alt_iic_isr_register.o)
 .data          0x0000000000050fac        0x0 ../cancion_doble_bsp/\libucosii_bsp.a(alt_io_redirect.o)
 .data          0x0000000000050fac        0x0 ../cancion_doble_bsp/\libucosii_bsp.a(alt_irq_entry.o)
 .data          0x0000000000050fac        0x0 ../cancion_doble_bsp/\libucosii_bsp.a(alt_irq_handler.o)
 .data          0x0000000000050fac        0x0 ../cancion_doble_bsp/\libucosii_bsp.a(alt_irq_vars.o)
 .data          0x0000000000050fac        0x0 ../cancion_doble_bsp/\libucosii_bsp.a(alt_open.o)
 .data          0x0000000000050fac        0x0 ../cancion_doble_bsp/\libucosii_bsp.a(alt_tick.o)
 .data          0x0000000000050fac        0x0 ../cancion_doble_bsp/\libucosii_bsp.a(altera_nios2_gen2_irq.o)
 .data          0x0000000000050fac        0x0 ../cancion_doble_bsp/\libucosii_bsp.a(os_cpu_a.o)
 .data          0x0000000000050fac        0x0 ../cancion_doble_bsp/\libucosii_bsp.a(os_cpu_c.o)
 .data          0x0000000000050fac        0x0 ../cancion_doble_bsp/\libucosii_bsp.a(alt_exception_entry.o)
 .data          0x0000000000050fac        0x0 ../cancion_doble_bsp/\libucosii_bsp.a(alt_find_dev.o)
 .data          0x0000000000050fac        0x0 ../cancion_doble_bsp/\libucosii_bsp.a(alt_find_file.o)
 .data          0x0000000000050fac        0x0 ../cancion_doble_bsp/\libucosii_bsp.a(alt_get_fd.o)
 .data          0x0000000000050fac        0x0 ../cancion_doble_bsp/\libucosii_bsp.a(alt_instruction_exception_entry.o)
 .data          0x0000000000050fac        0x0 c:/altera/15.0/nios2eds/bin/gnu/h-x86_64-mingw32/bin/../lib/gcc/nios2-elf/4.9.1/../../../../../H-x86_64-mingw32/nios2-elf/lib/mno-hw-mul\libc.a(lib_a-atexit.o)
 .data          0x0000000000050fac        0x0 c:/altera/15.0/nios2eds/bin/gnu/h-x86_64-mingw32/bin/../lib/gcc/nios2-elf/4.9.1/../../../../../H-x86_64-mingw32/nios2-elf/lib/mno-hw-mul\libc.a(lib_a-exit.o)
 .data          0x0000000000050fac        0x0 c:/altera/15.0/nios2eds/bin/gnu/h-x86_64-mingw32/bin/../lib/gcc/nios2-elf/4.9.1/../../../../../H-x86_64-mingw32/nios2-elf/lib/mno-hw-mul\libc.a(lib_a-memcmp.o)
 .data          0x0000000000050fac        0x0 c:/altera/15.0/nios2eds/bin/gnu/h-x86_64-mingw32/bin/../lib/gcc/nios2-elf/4.9.1/../../../../../H-x86_64-mingw32/nios2-elf/lib/mno-hw-mul\libc.a(lib_a-__atexit.o)
 .data          0x0000000000050fac        0x0 c:/altera/15.0/nios2eds/bin/gnu/h-x86_64-mingw32/bin/../lib/gcc/nios2-elf/4.9.1/../../../../../H-x86_64-mingw32/nios2-elf/lib/mno-hw-mul\libc.a(lib_a-__call_atexit.o)
 .data          0x0000000000050fac        0x0 c:/altera/15.0/nios2eds/bin/gnu/h-x86_64-mingw32/bin/../lib/gcc/nios2-elf/4.9.1/mno-hw-mul\libgcc.a(lib2-divmod.o)
 .data          0x0000000000050fac        0x0 ../cancion_doble_bsp/\libucosii_bsp.a(alt_exit.o)
                0x0000000000058fac                _gp = ABSOLUTE ((. + 0x8000))
                0x0000000000058fac                PROVIDE (gp, _gp)
 *(.rwdata .rwdata.*)
 *(.sdata .sdata.* .gnu.linkonce.s.*)
 .sdata         0x0000000000050fac        0x8 c:/altera/15.0/nios2eds/bin/gnu/h-x86_64-mingw32/bin/../lib/gcc/nios2-elf/4.9.1/../../../../../H-x86_64-mingw32/nios2-elf/lib/mno-hw-mul\libc.a(lib_a-impure.o)
                0x0000000000050fac                _global_impure_ptr
                0x0000000000050fb0                _impure_ptr
 .sdata         0x0000000000050fb4        0x8 c:/altera/15.0/nios2eds/bin/gnu/h-x86_64-mingw32/bin/../lib/gcc/nios2-elf/4.9.1/../../../../../H-x86_64-mingw32/nios2-elf/lib/mno-hw-mul\libc.a(lib_a-mallocr.o)
                0x0000000000050fb4                __malloc_sbrk_base
                0x0000000000050fb8                __malloc_trim_threshold
 .sdata         0x0000000000050fbc       0x14 ../cancion_doble_bsp/\libucosii_bsp.a(alt_dev.o)
                0x0000000000050fbc                alt_fs_list
                0x0000000000050fc4                alt_dev_list
                0x0000000000050fcc                alt_max_fd
 .sdata         0x0000000000050fd0        0x4 ../cancion_doble_bsp/\libucosii_bsp.a(alt_errno.o)
                0x0000000000050fd0                alt_errno
 .sdata         0x0000000000050fd4        0x4 ../cancion_doble_bsp/\libucosii_bsp.a(alt_sbrk.o)
 .sdata         0x0000000000050fd8        0x4 ../cancion_doble_bsp/\libucosii_bsp.a(alt_env_lock.o)
 .sdata         0x0000000000050fdc        0x4 ../cancion_doble_bsp/\libucosii_bsp.a(alt_malloc_lock.o)
 .sdata         0x0000000000050fe0       0x74 ../cancion_doble_bsp/\libucosii_bsp.a(os_dbg.o)
                0x0000000000050fe0                OSDebugEn
                0x0000000000050fe4                OSEndiannessTest
                0x0000000000050fe8                OSEventEn
                0x0000000000050fea                OSEventMax
                0x0000000000050fec                OSEventNameSize
                0x0000000000050fee                OSEventSize
                0x0000000000050ff0                OSEventTblSize
                0x0000000000050ff2                OSEventMultiEn
                0x0000000000050ff4                OSFlagEn
                0x0000000000050ff6                OSFlagGrpSize
                0x0000000000050ff8                OSFlagNodeSize
                0x0000000000050ffa                OSFlagWidth
                0x0000000000050ffc                OSFlagMax
                0x0000000000050ffe                OSFlagNameSize
                0x0000000000051000                OSLowestPrio
                0x0000000000051002                OSMboxEn
                0x0000000000051004                OSMemEn
                0x0000000000051006                OSMemMax
                0x0000000000051008                OSMemNameSize
                0x000000000005100a                OSMemSize
                0x000000000005100c                OSMemTblSize
                0x000000000005100e                OSMutexEn
                0x0000000000051010                OSPtrSize
                0x0000000000051012                OSQEn
                0x0000000000051014                OSQMax
                0x0000000000051016                OSQSize
                0x0000000000051018                OSRdyTblSize
                0x000000000005101a                OSSemEn
                0x000000000005101c                OSStkWidth
                0x000000000005101e                OSTaskCreateEn
                0x0000000000051020                OSTaskCreateExtEn
                0x0000000000051022                OSTaskDelEn
                0x0000000000051024                OSTaskIdleStkSize
                0x0000000000051026                OSTaskProfileEn
                0x0000000000051028                OSTaskMax
                0x000000000005102a                OSTaskNameSize
                0x000000000005102c                OSTaskStatEn
                0x000000000005102e                OSTaskStatStkSize
                0x0000000000051030                OSTaskStatStkChkEn
                0x0000000000051032                OSTaskSwHookEn
                0x0000000000051034                OSTCBPrioTblMax
                0x0000000000051036                OSTCBSize
                0x0000000000051038                OSTicksPerSec
                0x000000000005103a                OSTimeTickHookEn
                0x000000000005103c                OSVersionNbr
                0x000000000005103e                OSTmrEn
                0x0000000000051040                OSTmrCfgMax
                0x0000000000051042                OSTmrCfgNameSize
                0x0000000000051044                OSTmrCfgWheelSize
                0x0000000000051046                OSTmrCfgTicksPerSec
                0x0000000000051048                OSTmrSize
                0x000000000005104a                OSTmrTblSize
                0x000000000005104c                OSTmrWheelSize
                0x000000000005104e                OSTmrWheelTblSize
                0x0000000000051050                OSDataSize
 .sdata         0x0000000000051054        0x4 ../cancion_doble_bsp/\libucosii_bsp.a(alt_irq_vars.o)
                0x0000000000051054                alt_priority_mask
 .sdata         0x0000000000051058        0x8 ../cancion_doble_bsp/\libucosii_bsp.a(alt_tick.o)
                0x0000000000051058                alt_alarm_list
 *(.sdata2 .sdata2.* .gnu.linkonce.s2.*)
                0x0000000000051060                . = ALIGN (0x4)
                0x0000000000051060                _edata = ABSOLUTE (.)
                0x0000000000051060                PROVIDE (edata, ABSOLUTE (.))
                0x0000000000051060                PROVIDE (__ram_rwdata_end, ABSOLUTE (.))
                0x0000000000051060                PROVIDE (__flash_rwdata_start, LOADADDR (.rwdata))

.bss            0x0000000000052c24     0x93dc
                0x0000000000052c24                __bss_start = ABSOLUTE (.)
                0x0000000000052c24                PROVIDE (__sbss_start, ABSOLUTE (.))
                0x0000000000052c24                PROVIDE (___sbss_start, ABSOLUTE (.))
 *(.dynsbss)
 *(.sbss .sbss.* .gnu.linkonce.sb.*)
 .sbss          0x0000000000052c24        0xc c:/altera/15.0/nios2eds/bin/gnu/h-x86_64-mingw32/bin/../lib/gcc/nios2-elf/4.9.1/../../../../../H-x86_64-mingw32/nios2-elf/lib/mno-hw-mul\libc.a(lib_a-mallocr.o)
                0x0000000000052c24                __malloc_max_total_mem
                0x0000000000052c28                __malloc_max_sbrked_mem
                0x0000000000052c2c                __malloc_top_pad
 .sbss          0x0000000000052c30        0x4 c:/altera/15.0/nios2eds/bin/gnu/h-x86_64-mingw32/bin/../lib/gcc/nios2-elf/4.9.1/../../../../../H-x86_64-mingw32/nios2-elf/lib/mno-hw-mul\libc.a(lib_a-int_errno.o)
                0x0000000000052c30                errno
 .sbss          0x0000000000052c34        0x4 ../cancion_doble_bsp/\libucosii_bsp.a(alt_dev.o)
                0x0000000000052c34                alt_fd_list_lock
 .sbss          0x0000000000052c38        0xc ../cancion_doble_bsp/\libucosii_bsp.a(alt_main.o)
                0x0000000000052c38                alt_argc
                0x0000000000052c3c                alt_argv
                0x0000000000052c40                alt_envp
 .sbss          0x0000000000052c44        0x8 ../cancion_doble_bsp/\libucosii_bsp.a(alt_env_lock.o)
                0x0000000000052c48                alt_envsem
 .sbss          0x0000000000052c4c        0x8 ../cancion_doble_bsp/\libucosii_bsp.a(alt_malloc_lock.o)
                0x0000000000052c50                alt_heapsem
 .sbss          0x0000000000052c54       0x50 ../cancion_doble_bsp/\libucosii_bsp.a(os_core.o)
                0x0000000000052c54                OSLockNesting
                0x0000000000052c55                OSRunning
                0x0000000000052c58                OSIdleCtr
                0x0000000000052c5c                OSPrioHighRdy
                0x0000000000052c5d                OSPrioCur
                0x0000000000052c60                OSTCBList
                0x0000000000052c64                OSTickStepState
                0x0000000000052c68                OSCtxSwCtr
                0x0000000000052c6c                OSIdleCtrMax
                0x0000000000052c70                OSTCBFreeList
                0x0000000000052c74                OSCPUUsage
                0x0000000000052c75                OSTaskCtr
                0x0000000000052c78                OSMemFreeList
                0x0000000000052c7c                OSTCBHighRdy
                0x0000000000052c80                OSQFreeList
                0x0000000000052c84                OSRdyGrp
                0x0000000000052c85                OSRdyTbl
                0x0000000000052c88                OSEventFreeList
                0x0000000000052c8c                OSIntNesting
                0x0000000000052c90                OSTCBCur
                0x0000000000052c94                OSTime
                0x0000000000052c98                OSFlagFreeList
                0x0000000000052c9c                OSStatRdy
                0x0000000000052ca0                OSIdleCtrRun
 .sbss          0x0000000000052ca4        0x4 ../cancion_doble_bsp/\libucosii_bsp.a(alt_irq_vars.o)
                0x0000000000052ca4                alt_irq_active
 .sbss          0x0000000000052ca8        0x8 ../cancion_doble_bsp/\libucosii_bsp.a(alt_tick.o)
                0x0000000000052ca8                _alt_tick_rate
                0x0000000000052cac                _alt_nticks
 .sbss          0x0000000000052cb0        0x4 ../cancion_doble_bsp/\libucosii_bsp.a(alt_instruction_exception_entry.o)
                0x0000000000052cb0                alt_instruction_exception_handler
 *(.sbss2 .sbss2.* .gnu.linkonce.sb2.*)
 *(.scommon)
                0x0000000000052cb4                PROVIDE (__sbss_end, ABSOLUTE (.))
                0x0000000000052cb4                PROVIDE (___sbss_end, ABSOLUTE (.))
 *(.dynbss)
 *(.bss .bss.* .gnu.linkonce.b.*)
 .bss           0x0000000000052cb4        0x0 ../cancion_doble_bsp//obj/HAL/src/crt0.o
 .bss           0x0000000000052cb4        0x0 obj/default/hello_ucosii.o
 .bss           0x0000000000052cb4        0x0 c:/altera/15.0/nios2eds/bin/gnu/h-x86_64-mingw32/bin/../lib/gcc/nios2-elf/4.9.1/../../../../../H-x86_64-mingw32/nios2-elf/lib/mno-hw-mul\libc.a(lib_a-puts.o)
 .bss           0x0000000000052cb4        0x0 c:/altera/15.0/nios2eds/bin/gnu/h-x86_64-mingw32/bin/../lib/gcc/nios2-elf/4.9.1/../../../../../H-x86_64-mingw32/nios2-elf/lib/mno-hw-mul\libc.a(lib_a-strlen.o)
 .bss           0x0000000000052cb4        0x0 c:/altera/15.0/nios2eds/bin/gnu/h-x86_64-mingw32/bin/../lib/gcc/nios2-elf/4.9.1/../../../../../H-x86_64-mingw32/nios2-elf/lib/mno-hw-mul\libc.a(lib_a-fvwrite.o)
 .bss           0x0000000000052cb4        0x0 c:/altera/15.0/nios2eds/bin/gnu/h-x86_64-mingw32/bin/../lib/gcc/nios2-elf/4.9.1/../../../../../H-x86_64-mingw32/nios2-elf/lib/mno-hw-mul\libc.a(lib_a-impure.o)
 .bss           0x0000000000052cb4       0x28 c:/altera/15.0/nios2eds/bin/gnu/h-x86_64-mingw32/bin/../lib/gcc/nios2-elf/4.9.1/../../../../../H-x86_64-mingw32/nios2-elf/lib/mno-hw-mul\libc.a(lib_a-mallocr.o)
                0x0000000000052cb4                __malloc_current_mallinfo
 .bss           0x0000000000052cdc        0x0 c:/altera/15.0/nios2eds/bin/gnu/h-x86_64-mingw32/bin/../lib/gcc/nios2-elf/4.9.1/../../../../../H-x86_64-mingw32/nios2-elf/lib/mno-hw-mul\libc.a(lib_a-memchr.o)
 .bss           0x0000000000052cdc        0x0 c:/altera/15.0/nios2eds/bin/gnu/h-x86_64-mingw32/bin/../lib/gcc/nios2-elf/4.9.1/../../../../../H-x86_64-mingw32/nios2-elf/lib/mno-hw-mul\libc.a(lib_a-memcpy.o)
 .bss           0x0000000000052cdc        0x0 c:/altera/15.0/nios2eds/bin/gnu/h-x86_64-mingw32/bin/../lib/gcc/nios2-elf/4.9.1/../../../../../H-x86_64-mingw32/nios2-elf/lib/mno-hw-mul\libc.a(lib_a-memmove.o)
 .bss           0x0000000000052cdc        0x0 c:/altera/15.0/nios2eds/bin/gnu/h-x86_64-mingw32/bin/../lib/gcc/nios2-elf/4.9.1/../../../../../H-x86_64-mingw32/nios2-elf/lib/mno-hw-mul\libc.a(lib_a-reallocr.o)
 .bss           0x0000000000052cdc        0x0 c:/altera/15.0/nios2eds/bin/gnu/h-x86_64-mingw32/bin/../lib/gcc/nios2-elf/4.9.1/../../../../../H-x86_64-mingw32/nios2-elf/lib/mno-hw-mul\libc.a(lib_a-sbrkr.o)
 .bss           0x0000000000052cdc        0x0 c:/altera/15.0/nios2eds/bin/gnu/h-x86_64-mingw32/bin/../lib/gcc/nios2-elf/4.9.1/../../../../../H-x86_64-mingw32/nios2-elf/lib/mno-hw-mul\libc.a(lib_a-wsetup.o)
 .bss           0x0000000000052cdc        0x0 c:/altera/15.0/nios2eds/bin/gnu/h-x86_64-mingw32/bin/../lib/gcc/nios2-elf/4.9.1/../../../../../H-x86_64-mingw32/nios2-elf/lib/mno-hw-mul\libc.a(lib_a-fflush.o)
 .bss           0x0000000000052cdc        0x0 c:/altera/15.0/nios2eds/bin/gnu/h-x86_64-mingw32/bin/../lib/gcc/nios2-elf/4.9.1/../../../../../H-x86_64-mingw32/nios2-elf/lib/mno-hw-mul\libc.a(lib_a-findfp.o)
 .bss           0x0000000000052cdc        0x0 c:/altera/15.0/nios2eds/bin/gnu/h-x86_64-mingw32/bin/../lib/gcc/nios2-elf/4.9.1/../../../../../H-x86_64-mingw32/nios2-elf/lib/mno-hw-mul\libc.a(lib_a-freer.o)
 .bss           0x0000000000052cdc        0x0 c:/altera/15.0/nios2eds/bin/gnu/h-x86_64-mingw32/bin/../lib/gcc/nios2-elf/4.9.1/../../../../../H-x86_64-mingw32/nios2-elf/lib/mno-hw-mul\libc.a(lib_a-fwalk.o)
 .bss           0x0000000000052cdc        0x0 c:/altera/15.0/nios2eds/bin/gnu/h-x86_64-mingw32/bin/../lib/gcc/nios2-elf/4.9.1/../../../../../H-x86_64-mingw32/nios2-elf/lib/mno-hw-mul\libc.a(lib_a-int_errno.o)
 .bss           0x0000000000052cdc        0x0 c:/altera/15.0/nios2eds/bin/gnu/h-x86_64-mingw32/bin/../lib/gcc/nios2-elf/4.9.1/../../../../../H-x86_64-mingw32/nios2-elf/lib/mno-hw-mul\libc.a(lib_a-makebuf.o)
 .bss           0x0000000000052cdc        0x0 c:/altera/15.0/nios2eds/bin/gnu/h-x86_64-mingw32/bin/../lib/gcc/nios2-elf/4.9.1/../../../../../H-x86_64-mingw32/nios2-elf/lib/mno-hw-mul\libc.a(lib_a-memset.o)
 .bss           0x0000000000052cdc        0x0 c:/altera/15.0/nios2eds/bin/gnu/h-x86_64-mingw32/bin/../lib/gcc/nios2-elf/4.9.1/../../../../../H-x86_64-mingw32/nios2-elf/lib/mno-hw-mul\libc.a(lib_a-stdio.o)
 .bss           0x0000000000052cdc        0x0 c:/altera/15.0/nios2eds/bin/gnu/h-x86_64-mingw32/bin/../lib/gcc/nios2-elf/4.9.1/../../../../../H-x86_64-mingw32/nios2-elf/lib/mno-hw-mul\libc.a(lib_a-writer.o)
 .bss           0x0000000000052cdc        0x0 c:/altera/15.0/nios2eds/bin/gnu/h-x86_64-mingw32/bin/../lib/gcc/nios2-elf/4.9.1/../../../../../H-x86_64-mingw32/nios2-elf/lib/mno-hw-mul\libc.a(closer.o)
 .bss           0x0000000000052cdc        0x0 c:/altera/15.0/nios2eds/bin/gnu/h-x86_64-mingw32/bin/../lib/gcc/nios2-elf/4.9.1/../../../../../H-x86_64-mingw32/nios2-elf/lib/mno-hw-mul\libc.a(lib_a-fclose.o)
 .bss           0x0000000000052cdc        0x0 c:/altera/15.0/nios2eds/bin/gnu/h-x86_64-mingw32/bin/../lib/gcc/nios2-elf/4.9.1/../../../../../H-x86_64-mingw32/nios2-elf/lib/mno-hw-mul\libc.a(lib_a-fstatr.o)
 .bss           0x0000000000052cdc        0x0 c:/altera/15.0/nios2eds/bin/gnu/h-x86_64-mingw32/bin/../lib/gcc/nios2-elf/4.9.1/../../../../../H-x86_64-mingw32/nios2-elf/lib/mno-hw-mul\libc.a(lib_a-isattyr.o)
 .bss           0x0000000000052cdc        0x0 c:/altera/15.0/nios2eds/bin/gnu/h-x86_64-mingw32/bin/../lib/gcc/nios2-elf/4.9.1/../../../../../H-x86_64-mingw32/nios2-elf/lib/mno-hw-mul\libc.a(lib_a-lseekr.o)
 .bss           0x0000000000052cdc        0x0 c:/altera/15.0/nios2eds/bin/gnu/h-x86_64-mingw32/bin/../lib/gcc/nios2-elf/4.9.1/../../../../../H-x86_64-mingw32/nios2-elf/lib/mno-hw-mul\libc.a(lib_a-readr.o)
 .bss           0x0000000000052cdc        0x0 c:/altera/15.0/nios2eds/bin/gnu/h-x86_64-mingw32/bin/../lib/gcc/nios2-elf/4.9.1/mno-hw-mul\libgcc.a(lib2-mul.o)
 .bss           0x0000000000052cdc        0x0 ../cancion_doble_bsp/\libucosii_bsp.a(alt_close.o)
 .bss           0x0000000000052cdc        0x0 ../cancion_doble_bsp/\libucosii_bsp.a(alt_dev.o)
 .bss           0x0000000000052cdc        0x0 ../cancion_doble_bsp/\libucosii_bsp.a(alt_errno.o)
 .bss           0x0000000000052cdc        0x0 ../cancion_doble_bsp/\libucosii_bsp.a(alt_fstat.o)
 .bss           0x0000000000052cdc        0x0 ../cancion_doble_bsp/\libucosii_bsp.a(alt_isatty.o)
 .bss           0x0000000000052cdc        0x0 ../cancion_doble_bsp/\libucosii_bsp.a(alt_load.o)
 .bss           0x0000000000052cdc        0x0 ../cancion_doble_bsp/\libucosii_bsp.a(alt_lseek.o)
 .bss           0x0000000000052cdc        0x0 ../cancion_doble_bsp/\libucosii_bsp.a(alt_main.o)
 .bss           0x0000000000052cdc        0x0 ../cancion_doble_bsp/\libucosii_bsp.a(alt_read.o)
 .bss           0x0000000000052cdc        0x0 ../cancion_doble_bsp/\libucosii_bsp.a(alt_release_fd.o)
 .bss           0x0000000000052cdc        0x0 ../cancion_doble_bsp/\libucosii_bsp.a(alt_sbrk.o)
 .bss           0x0000000000052cdc        0x0 ../cancion_doble_bsp/\libucosii_bsp.a(alt_write.o)
 .bss           0x0000000000052cdc        0x0 ../cancion_doble_bsp/\libucosii_bsp.a(alt_env_lock.o)
 .bss           0x0000000000052cdc        0x0 ../cancion_doble_bsp/\libucosii_bsp.a(alt_malloc_lock.o)
 .bss           0x0000000000052cdc        0x0 ../cancion_doble_bsp/\libucosii_bsp.a(os_core.o)
 .bss           0x0000000000052cdc        0x0 ../cancion_doble_bsp/\libucosii_bsp.a(os_dbg.o)
 .bss           0x0000000000052cdc        0x0 ../cancion_doble_bsp/\libucosii_bsp.a(os_flag.o)
 .bss           0x0000000000052cdc        0x0 ../cancion_doble_bsp/\libucosii_bsp.a(os_mem.o)
 .bss           0x0000000000052cdc        0x0 ../cancion_doble_bsp/\libucosii_bsp.a(os_q.o)
 .bss           0x0000000000052cdc        0x0 ../cancion_doble_bsp/\libucosii_bsp.a(os_sem.o)
 .bss           0x0000000000052cdc        0x0 ../cancion_doble_bsp/\libucosii_bsp.a(os_task.o)
 .bss           0x0000000000052cdc        0x0 ../cancion_doble_bsp/\libucosii_bsp.a(os_time.o)
 .bss           0x0000000000052cdc        0x0 ../cancion_doble_bsp/\libucosii_bsp.a(alt_sys_init.o)
 .bss           0x0000000000052cdc        0x0 ../cancion_doble_bsp/\libucosii_bsp.a(altera_avalon_jtag_uart_fd.o)
 .bss           0x0000000000052cdc        0x0 ../cancion_doble_bsp/\libucosii_bsp.a(altera_avalon_jtag_uart_init.o)
 .bss           0x0000000000052cdc        0x0 ../cancion_doble_bsp/\libucosii_bsp.a(altera_avalon_jtag_uart_ioctl.o)
 .bss           0x0000000000052cdc        0x0 ../cancion_doble_bsp/\libucosii_bsp.a(altera_avalon_jtag_uart_read.o)
 .bss           0x0000000000052cdc        0x0 ../cancion_doble_bsp/\libucosii_bsp.a(altera_avalon_jtag_uart_write.o)
 .bss           0x0000000000052cdc        0x0 ../cancion_doble_bsp/\libucosii_bsp.a(altera_avalon_timer_sc.o)
 .bss           0x0000000000052cdc        0x0 ../cancion_doble_bsp/\libucosii_bsp.a(altera_avalon_uart_fd.o)
 .bss           0x0000000000052cdc        0x0 ../cancion_doble_bsp/\libucosii_bsp.a(altera_avalon_uart_init.o)
 .bss           0x0000000000052cdc        0x0 ../cancion_doble_bsp/\libucosii_bsp.a(altera_avalon_uart_read.o)
 .bss           0x0000000000052cdc        0x0 ../cancion_doble_bsp/\libucosii_bsp.a(altera_avalon_uart_write.o)
 .bss           0x0000000000052cdc        0x0 ../cancion_doble_bsp/\libucosii_bsp.a(alt_alarm_start.o)
 .bss           0x0000000000052cdc        0x0 ../cancion_doble_bsp/\libucosii_bsp.a(alt_dcache_flush_all.o)
 .bss           0x0000000000052cdc        0x0 ../cancion_doble_bsp/\libucosii_bsp.a(alt_dev_llist_insert.o)
 .bss           0x0000000000052cdc        0x0 ../cancion_doble_bsp/\libucosii_bsp.a(alt_do_ctors.o)
 .bss           0x0000000000052cdc        0x0 ../cancion_doble_bsp/\libucosii_bsp.a(alt_do_dtors.o)
 .bss           0x0000000000052cdc        0x0 ../cancion_doble_bsp/\libucosii_bsp.a(alt_icache_flush_all.o)
 .bss           0x0000000000052cdc        0x0 ../cancion_doble_bsp/\libucosii_bsp.a(alt_iic.o)
 .bss           0x0000000000052cdc        0x0 ../cancion_doble_bsp/\libucosii_bsp.a(alt_iic_isr_register.o)
 .bss           0x0000000000052cdc        0x0 ../cancion_doble_bsp/\libucosii_bsp.a(alt_io_redirect.o)
 .bss           0x0000000000052cdc        0x0 ../cancion_doble_bsp/\libucosii_bsp.a(alt_irq_entry.o)
 .bss           0x0000000000052cdc        0x0 ../cancion_doble_bsp/\libucosii_bsp.a(alt_irq_handler.o)
 .bss           0x0000000000052cdc        0x0 ../cancion_doble_bsp/\libucosii_bsp.a(alt_irq_vars.o)
 .bss           0x0000000000052cdc        0x0 ../cancion_doble_bsp/\libucosii_bsp.a(alt_open.o)
 .bss           0x0000000000052cdc        0x0 ../cancion_doble_bsp/\libucosii_bsp.a(alt_tick.o)
 .bss           0x0000000000052cdc        0x0 ../cancion_doble_bsp/\libucosii_bsp.a(altera_nios2_gen2_irq.o)
 .bss           0x0000000000052cdc        0x0 ../cancion_doble_bsp/\libucosii_bsp.a(os_cpu_a.o)
 .bss           0x0000000000052cdc        0x0 ../cancion_doble_bsp/\libucosii_bsp.a(os_cpu_c.o)
 .bss           0x0000000000052cdc        0x0 ../cancion_doble_bsp/\libucosii_bsp.a(alt_exception_entry.o)
 .bss           0x0000000000052cdc        0x0 ../cancion_doble_bsp/\libucosii_bsp.a(alt_find_dev.o)
 .bss           0x0000000000052cdc        0x0 ../cancion_doble_bsp/\libucosii_bsp.a(alt_find_file.o)
 .bss           0x0000000000052cdc        0x0 ../cancion_doble_bsp/\libucosii_bsp.a(alt_get_fd.o)
 .bss           0x0000000000052cdc        0x0 ../cancion_doble_bsp/\libucosii_bsp.a(alt_instruction_exception_entry.o)
 .bss           0x0000000000052cdc        0x0 c:/altera/15.0/nios2eds/bin/gnu/h-x86_64-mingw32/bin/../lib/gcc/nios2-elf/4.9.1/../../../../../H-x86_64-mingw32/nios2-elf/lib/mno-hw-mul\libc.a(lib_a-atexit.o)
 .bss           0x0000000000052cdc        0x0 c:/altera/15.0/nios2eds/bin/gnu/h-x86_64-mingw32/bin/../lib/gcc/nios2-elf/4.9.1/../../../../../H-x86_64-mingw32/nios2-elf/lib/mno-hw-mul\libc.a(lib_a-exit.o)
 .bss           0x0000000000052cdc        0x0 c:/altera/15.0/nios2eds/bin/gnu/h-x86_64-mingw32/bin/../lib/gcc/nios2-elf/4.9.1/../../../../../H-x86_64-mingw32/nios2-elf/lib/mno-hw-mul\libc.a(lib_a-memcmp.o)
 .bss           0x0000000000052cdc        0x0 c:/altera/15.0/nios2eds/bin/gnu/h-x86_64-mingw32/bin/../lib/gcc/nios2-elf/4.9.1/../../../../../H-x86_64-mingw32/nios2-elf/lib/mno-hw-mul\libc.a(lib_a-__atexit.o)
 .bss           0x0000000000052cdc        0x0 c:/altera/15.0/nios2eds/bin/gnu/h-x86_64-mingw32/bin/../lib/gcc/nios2-elf/4.9.1/../../../../../H-x86_64-mingw32/nios2-elf/lib/mno-hw-mul\libc.a(lib_a-__call_atexit.o)
 .bss           0x0000000000052cdc        0x0 c:/altera/15.0/nios2eds/bin/gnu/h-x86_64-mingw32/bin/../lib/gcc/nios2-elf/4.9.1/mno-hw-mul\libgcc.a(lib2-divmod.o)
 .bss           0x0000000000052cdc        0x0 ../cancion_doble_bsp/\libucosii_bsp.a(alt_exit.o)
 *(COMMON)
 COMMON         0x0000000000052cdc     0x6000 obj/default/hello_ucosii.o
                0x0000000000052cdc                task1_stk
                0x0000000000054cdc                task2_stk
                0x0000000000056cdc                leds_stk
 COMMON         0x0000000000058cdc     0x3224 ../cancion_doble_bsp/\libucosii_bsp.a(os_core.o)
                0x0000000000058cdc                OSFlagTbl
                0x000000000005904c                OSMemTbl
                0x0000000000059c7c                OSTaskStatStk
                0x000000000005a47c                OSQTbl
                0x000000000005a65c                OSTaskIdleStk
                0x000000000005ae5c                OSEventTbl
                0x000000000005b99c                OSTCBTbl
                0x000000000005beac                OSTCBPrioTbl
 COMMON         0x000000000005bf00      0x100 ../cancion_doble_bsp/\libucosii_bsp.a(alt_irq_handler.o)
                0x000000000005bf00                alt_irq
                0x000000000005c000                . = ALIGN (0x4)
                0x000000000005c000                __bss_end = ABSOLUTE (.)

.RAM_jesus      0x000000000005c000        0x0
                0x000000000005c000                PROVIDE (_alt_partition_RAM_jesus_start, ABSOLUTE (.))
 *(.RAM_jesus .RAM_jesus. RAM_jesus.*)
                0x000000000005c000                . = ALIGN (0x4)
                0x000000000005c000                PROVIDE (_alt_partition_RAM_jesus_end, ABSOLUTE (.))
                0x000000000005c000                _end = ABSOLUTE (.)
                0x000000000005c000                end = ABSOLUTE (.)
                0x000000000005c000                __alt_stack_base = ABSOLUTE (.)
                0x000000000005c000                PROVIDE (_alt_partition_RAM_jesus_load_addr, LOADADDR (.RAM_jesus))

.stab
 *(.stab)

.stabstr
 *(.stabstr)

.stab.excl
 *(.stab.excl)

.stab.exclstr
 *(.stab.exclstr)

.stab.index
 *(.stab.index)

.stab.indexstr
 *(.stab.indexstr)

.comment        0x0000000000000000       0x23
 *(.comment)
 .comment       0x0000000000000000       0x23 obj/default/hello_ucosii.o
                                         0x24 (size before relaxing)
 .comment       0x0000000000000000       0x24 c:/altera/15.0/nios2eds/bin/gnu/h-x86_64-mingw32/bin/../lib/gcc/nios2-elf/4.9.1/../../../../../H-x86_64-mingw32/nios2-elf/lib/mno-hw-mul\libc.a(lib_a-puts.o)
 .comment       0x0000000000000000       0x24 c:/altera/15.0/nios2eds/bin/gnu/h-x86_64-mingw32/bin/../lib/gcc/nios2-elf/4.9.1/../../../../../H-x86_64-mingw32/nios2-elf/lib/mno-hw-mul\libc.a(lib_a-strlen.o)
 .comment       0x0000000000000000       0x24 c:/altera/15.0/nios2eds/bin/gnu/h-x86_64-mingw32/bin/../lib/gcc/nios2-elf/4.9.1/../../../../../H-x86_64-mingw32/nios2-elf/lib/mno-hw-mul\libc.a(lib_a-fvwrite.o)
 .comment       0x0000000000000000       0x24 c:/altera/15.0/nios2eds/bin/gnu/h-x86_64-mingw32/bin/../lib/gcc/nios2-elf/4.9.1/../../../../../H-x86_64-mingw32/nios2-elf/lib/mno-hw-mul\libc.a(lib_a-impure.o)
 .comment       0x0000000000000000       0x24 c:/altera/15.0/nios2eds/bin/gnu/h-x86_64-mingw32/bin/../lib/gcc/nios2-elf/4.9.1/../../../../../H-x86_64-mingw32/nios2-elf/lib/mno-hw-mul\libc.a(lib_a-mallocr.o)
 .comment       0x0000000000000000       0x24 c:/altera/15.0/nios2eds/bin/gnu/h-x86_64-mingw32/bin/../lib/gcc/nios2-elf/4.9.1/../../../../../H-x86_64-mingw32/nios2-elf/lib/mno-hw-mul\libc.a(lib_a-memchr.o)
 .comment       0x0000000000000000       0x24 c:/altera/15.0/nios2eds/bin/gnu/h-x86_64-mingw32/bin/../lib/gcc/nios2-elf/4.9.1/../../../../../H-x86_64-mingw32/nios2-elf/lib/mno-hw-mul\libc.a(lib_a-memcpy.o)
 .comment       0x0000000000000000       0x24 c:/altera/15.0/nios2eds/bin/gnu/h-x86_64-mingw32/bin/../lib/gcc/nios2-elf/4.9.1/../../../../../H-x86_64-mingw32/nios2-elf/lib/mno-hw-mul\libc.a(lib_a-memmove.o)
 .comment       0x0000000000000000       0x24 c:/altera/15.0/nios2eds/bin/gnu/h-x86_64-mingw32/bin/../lib/gcc/nios2-elf/4.9.1/../../../../../H-x86_64-mingw32/nios2-elf/lib/mno-hw-mul\libc.a(lib_a-reallocr.o)
 .comment       0x0000000000000000       0x24 c:/altera/15.0/nios2eds/bin/gnu/h-x86_64-mingw32/bin/../lib/gcc/nios2-elf/4.9.1/../../../../../H-x86_64-mingw32/nios2-elf/lib/mno-hw-mul\libc.a(lib_a-sbrkr.o)
 .comment       0x0000000000000000       0x24 c:/altera/15.0/nios2eds/bin/gnu/h-x86_64-mingw32/bin/../lib/gcc/nios2-elf/4.9.1/../../../../../H-x86_64-mingw32/nios2-elf/lib/mno-hw-mul\libc.a(lib_a-wsetup.o)
 .comment       0x0000000000000000       0x24 c:/altera/15.0/nios2eds/bin/gnu/h-x86_64-mingw32/bin/../lib/gcc/nios2-elf/4.9.1/../../../../../H-x86_64-mingw32/nios2-elf/lib/mno-hw-mul\libc.a(lib_a-fflush.o)
 .comment       0x0000000000000000       0x24 c:/altera/15.0/nios2eds/bin/gnu/h-x86_64-mingw32/bin/../lib/gcc/nios2-elf/4.9.1/../../../../../H-x86_64-mingw32/nios2-elf/lib/mno-hw-mul\libc.a(lib_a-findfp.o)
 .comment       0x0000000000000000       0x24 c:/altera/15.0/nios2eds/bin/gnu/h-x86_64-mingw32/bin/../lib/gcc/nios2-elf/4.9.1/../../../../../H-x86_64-mingw32/nios2-elf/lib/mno-hw-mul\libc.a(lib_a-freer.o)
 .comment       0x0000000000000000       0x24 c:/altera/15.0/nios2eds/bin/gnu/h-x86_64-mingw32/bin/../lib/gcc/nios2-elf/4.9.1/../../../../../H-x86_64-mingw32/nios2-elf/lib/mno-hw-mul\libc.a(lib_a-fwalk.o)
 .comment       0x0000000000000000       0x24 c:/altera/15.0/nios2eds/bin/gnu/h-x86_64-mingw32/bin/../lib/gcc/nios2-elf/4.9.1/../../../../../H-x86_64-mingw32/nios2-elf/lib/mno-hw-mul\libc.a(lib_a-int_errno.o)
 .comment       0x0000000000000000       0x24 c:/altera/15.0/nios2eds/bin/gnu/h-x86_64-mingw32/bin/../lib/gcc/nios2-elf/4.9.1/../../../../../H-x86_64-mingw32/nios2-elf/lib/mno-hw-mul\libc.a(lib_a-makebuf.o)
 .comment       0x0000000000000000       0x24 c:/altera/15.0/nios2eds/bin/gnu/h-x86_64-mingw32/bin/../lib/gcc/nios2-elf/4.9.1/../../../../../H-x86_64-mingw32/nios2-elf/lib/mno-hw-mul\libc.a(lib_a-memset.o)
 .comment       0x0000000000000000       0x24 c:/altera/15.0/nios2eds/bin/gnu/h-x86_64-mingw32/bin/../lib/gcc/nios2-elf/4.9.1/../../../../../H-x86_64-mingw32/nios2-elf/lib/mno-hw-mul\libc.a(lib_a-stdio.o)
 .comment       0x0000000000000000       0x24 c:/altera/15.0/nios2eds/bin/gnu/h-x86_64-mingw32/bin/../lib/gcc/nios2-elf/4.9.1/../../../../../H-x86_64-mingw32/nios2-elf/lib/mno-hw-mul\libc.a(lib_a-writer.o)
 .comment       0x0000000000000000       0x24 c:/altera/15.0/nios2eds/bin/gnu/h-x86_64-mingw32/bin/../lib/gcc/nios2-elf/4.9.1/../../../../../H-x86_64-mingw32/nios2-elf/lib/mno-hw-mul\libc.a(closer.o)
 .comment       0x0000000000000000       0x24 c:/altera/15.0/nios2eds/bin/gnu/h-x86_64-mingw32/bin/../lib/gcc/nios2-elf/4.9.1/../../../../../H-x86_64-mingw32/nios2-elf/lib/mno-hw-mul\libc.a(lib_a-fclose.o)
 .comment       0x0000000000000000       0x24 c:/altera/15.0/nios2eds/bin/gnu/h-x86_64-mingw32/bin/../lib/gcc/nios2-elf/4.9.1/../../../../../H-x86_64-mingw32/nios2-elf/lib/mno-hw-mul\libc.a(lib_a-fstatr.o)
 .comment       0x0000000000000000       0x24 c:/altera/15.0/nios2eds/bin/gnu/h-x86_64-mingw32/bin/../lib/gcc/nios2-elf/4.9.1/../../../../../H-x86_64-mingw32/nios2-elf/lib/mno-hw-mul\libc.a(lib_a-isattyr.o)
 .comment       0x0000000000000000       0x24 c:/altera/15.0/nios2eds/bin/gnu/h-x86_64-mingw32/bin/../lib/gcc/nios2-elf/4.9.1/../../../../../H-x86_64-mingw32/nios2-elf/lib/mno-hw-mul\libc.a(lib_a-lseekr.o)
 .comment       0x0000000000000000       0x24 c:/altera/15.0/nios2eds/bin/gnu/h-x86_64-mingw32/bin/../lib/gcc/nios2-elf/4.9.1/../../../../../H-x86_64-mingw32/nios2-elf/lib/mno-hw-mul\libc.a(lib_a-readr.o)
 .comment       0x0000000000000000       0x24 c:/altera/15.0/nios2eds/bin/gnu/h-x86_64-mingw32/bin/../lib/gcc/nios2-elf/4.9.1/mno-hw-mul\libgcc.a(lib2-mul.o)
 .comment       0x0000000000000000       0x24 ../cancion_doble_bsp/\libucosii_bsp.a(alt_close.o)
 .comment       0x0000000000000000       0x24 ../cancion_doble_bsp/\libucosii_bsp.a(alt_dev.o)
 .comment       0x0000000000000000       0x24 ../cancion_doble_bsp/\libucosii_bsp.a(alt_errno.o)
 .comment       0x0000000000000000       0x24 ../cancion_doble_bsp/\libucosii_bsp.a(alt_fstat.o)
 .comment       0x0000000000000000       0x24 ../cancion_doble_bsp/\libucosii_bsp.a(alt_isatty.o)
 .comment       0x0000000000000000       0x24 ../cancion_doble_bsp/\libucosii_bsp.a(alt_load.o)
 .comment       0x0000000000000000       0x24 ../cancion_doble_bsp/\libucosii_bsp.a(alt_lseek.o)
 .comment       0x0000000000000000       0x24 ../cancion_doble_bsp/\libucosii_bsp.a(alt_main.o)
 .comment       0x0000000000000000       0x24 ../cancion_doble_bsp/\libucosii_bsp.a(alt_read.o)
 .comment       0x0000000000000000       0x24 ../cancion_doble_bsp/\libucosii_bsp.a(alt_release_fd.o)
 .comment       0x0000000000000000       0x24 ../cancion_doble_bsp/\libucosii_bsp.a(alt_sbrk.o)
 .comment       0x0000000000000000       0x24 ../cancion_doble_bsp/\libucosii_bsp.a(alt_write.o)
 .comment       0x0000000000000000       0x24 ../cancion_doble_bsp/\libucosii_bsp.a(alt_env_lock.o)
 .comment       0x0000000000000000       0x24 ../cancion_doble_bsp/\libucosii_bsp.a(alt_malloc_lock.o)
 .comment       0x0000000000000000       0x24 ../cancion_doble_bsp/\libucosii_bsp.a(os_core.o)
 .comment       0x0000000000000000       0x24 ../cancion_doble_bsp/\libucosii_bsp.a(os_dbg.o)
 .comment       0x0000000000000000       0x24 ../cancion_doble_bsp/\libucosii_bsp.a(os_flag.o)
 .comment       0x0000000000000000       0x24 ../cancion_doble_bsp/\libucosii_bsp.a(os_mem.o)
 .comment       0x0000000000000000       0x24 ../cancion_doble_bsp/\libucosii_bsp.a(os_q.o)
 .comment       0x0000000000000000       0x24 ../cancion_doble_bsp/\libucosii_bsp.a(os_sem.o)
 .comment       0x0000000000000000       0x24 ../cancion_doble_bsp/\libucosii_bsp.a(os_task.o)
 .comment       0x0000000000000000       0x24 ../cancion_doble_bsp/\libucosii_bsp.a(os_time.o)
 .comment       0x0000000000000000       0x24 ../cancion_doble_bsp/\libucosii_bsp.a(alt_sys_init.o)
 .comment       0x0000000000000000       0x24 ../cancion_doble_bsp/\libucosii_bsp.a(altera_avalon_jtag_uart_fd.o)
 .comment       0x0000000000000000       0x24 ../cancion_doble_bsp/\libucosii_bsp.a(altera_avalon_jtag_uart_init.o)
 .comment       0x0000000000000000       0x24 ../cancion_doble_bsp/\libucosii_bsp.a(altera_avalon_jtag_uart_ioctl.o)
 .comment       0x0000000000000000       0x24 ../cancion_doble_bsp/\libucosii_bsp.a(altera_avalon_jtag_uart_read.o)
 .comment       0x0000000000000000       0x24 ../cancion_doble_bsp/\libucosii_bsp.a(altera_avalon_jtag_uart_write.o)
 .comment       0x0000000000000000       0x24 ../cancion_doble_bsp/\libucosii_bsp.a(altera_avalon_timer_sc.o)
 .comment       0x0000000000000000       0x24 ../cancion_doble_bsp/\libucosii_bsp.a(altera_avalon_uart_fd.o)
 .comment       0x0000000000000000       0x24 ../cancion_doble_bsp/\libucosii_bsp.a(altera_avalon_uart_init.o)
 .comment       0x0000000000000000       0x24 ../cancion_doble_bsp/\libucosii_bsp.a(altera_avalon_uart_read.o)
 .comment       0x0000000000000000       0x24 ../cancion_doble_bsp/\libucosii_bsp.a(altera_avalon_uart_write.o)
 .comment       0x0000000000000000       0x24 ../cancion_doble_bsp/\libucosii_bsp.a(alt_alarm_start.o)
 .comment       0x0000000000000000       0x24 ../cancion_doble_bsp/\libucosii_bsp.a(alt_dcache_flush_all.o)
 .comment       0x0000000000000000       0x24 ../cancion_doble_bsp/\libucosii_bsp.a(alt_dev_llist_insert.o)
 .comment       0x0000000000000000       0x24 ../cancion_doble_bsp/\libucosii_bsp.a(alt_do_ctors.o)
 .comment       0x0000000000000000       0x24 ../cancion_doble_bsp/\libucosii_bsp.a(alt_do_dtors.o)
 .comment       0x0000000000000000       0x24 ../cancion_doble_bsp/\libucosii_bsp.a(alt_icache_flush_all.o)
 .comment       0x0000000000000000       0x24 ../cancion_doble_bsp/\libucosii_bsp.a(alt_iic.o)
 .comment       0x0000000000000000       0x24 ../cancion_doble_bsp/\libucosii_bsp.a(alt_iic_isr_register.o)
 .comment       0x0000000000000000       0x24 ../cancion_doble_bsp/\libucosii_bsp.a(alt_io_redirect.o)
 .comment       0x0000000000000000       0x24 ../cancion_doble_bsp/\libucosii_bsp.a(alt_irq_handler.o)
 .comment       0x0000000000000000       0x24 ../cancion_doble_bsp/\libucosii_bsp.a(alt_irq_vars.o)
 .comment       0x0000000000000000       0x24 ../cancion_doble_bsp/\libucosii_bsp.a(alt_open.o)
 .comment       0x0000000000000000       0x24 ../cancion_doble_bsp/\libucosii_bsp.a(alt_tick.o)
 .comment       0x0000000000000000       0x24 ../cancion_doble_bsp/\libucosii_bsp.a(altera_nios2_gen2_irq.o)
 .comment       0x0000000000000000       0x24 ../cancion_doble_bsp/\libucosii_bsp.a(os_cpu_c.o)
 .comment       0x0000000000000000       0x24 ../cancion_doble_bsp/\libucosii_bsp.a(alt_find_dev.o)
 .comment       0x0000000000000000       0x24 ../cancion_doble_bsp/\libucosii_bsp.a(alt_find_file.o)
 .comment       0x0000000000000000       0x24 ../cancion_doble_bsp/\libucosii_bsp.a(alt_get_fd.o)
 .comment       0x0000000000000000       0x24 ../cancion_doble_bsp/\libucosii_bsp.a(alt_instruction_exception_entry.o)
 .comment       0x0000000000000000       0x24 c:/altera/15.0/nios2eds/bin/gnu/h-x86_64-mingw32/bin/../lib/gcc/nios2-elf/4.9.1/../../../../../H-x86_64-mingw32/nios2-elf/lib/mno-hw-mul\libc.a(lib_a-atexit.o)
 .comment       0x0000000000000000       0x24 c:/altera/15.0/nios2eds/bin/gnu/h-x86_64-mingw32/bin/../lib/gcc/nios2-elf/4.9.1/../../../../../H-x86_64-mingw32/nios2-elf/lib/mno-hw-mul\libc.a(lib_a-exit.o)
 .comment       0x0000000000000000       0x24 c:/altera/15.0/nios2eds/bin/gnu/h-x86_64-mingw32/bin/../lib/gcc/nios2-elf/4.9.1/../../../../../H-x86_64-mingw32/nios2-elf/lib/mno-hw-mul\libc.a(lib_a-memcmp.o)
 .comment       0x0000000000000000       0x24 c:/altera/15.0/nios2eds/bin/gnu/h-x86_64-mingw32/bin/../lib/gcc/nios2-elf/4.9.1/../../../../../H-x86_64-mingw32/nios2-elf/lib/mno-hw-mul\libc.a(lib_a-__atexit.o)
 .comment       0x0000000000000000       0x24 c:/altera/15.0/nios2eds/bin/gnu/h-x86_64-mingw32/bin/../lib/gcc/nios2-elf/4.9.1/../../../../../H-x86_64-mingw32/nios2-elf/lib/mno-hw-mul\libc.a(lib_a-__call_atexit.o)
 .comment       0x0000000000000000       0x24 c:/altera/15.0/nios2eds/bin/gnu/h-x86_64-mingw32/bin/../lib/gcc/nios2-elf/4.9.1/mno-hw-mul\libgcc.a(lib2-divmod.o)
 .comment       0x0000000000000000       0x24 ../cancion_doble_bsp/\libucosii_bsp.a(alt_exit.o)

.debug
 *(.debug)

.line
 *(.line)

.debug_srcinfo
 *(.debug_srcinfo)

.debug_sfnames
 *(.debug_sfnames)

.debug_aranges  0x0000000000000000      0xb78
 *(.debug_aranges)
 .debug_aranges
                0x0000000000000000       0x28 ../cancion_doble_bsp//obj/HAL/src/crt0.o
 .debug_aranges
                0x0000000000000028       0x20 obj/default/hello_ucosii.o
 .debug_aranges
                0x0000000000000048       0x20 c:/altera/15.0/nios2eds/bin/gnu/h-x86_64-mingw32/bin/../lib/gcc/nios2-elf/4.9.1/../../../../../H-x86_64-mingw32/nios2-elf/lib/mno-hw-mul\libc.a(lib_a-puts.o)
 .debug_aranges
                0x0000000000000068       0x20 c:/altera/15.0/nios2eds/bin/gnu/h-x86_64-mingw32/bin/../lib/gcc/nios2-elf/4.9.1/../../../../../H-x86_64-mingw32/nios2-elf/lib/mno-hw-mul\libc.a(lib_a-strlen.o)
 .debug_aranges
                0x0000000000000088       0x20 c:/altera/15.0/nios2eds/bin/gnu/h-x86_64-mingw32/bin/../lib/gcc/nios2-elf/4.9.1/../../../../../H-x86_64-mingw32/nios2-elf/lib/mno-hw-mul\libc.a(lib_a-fvwrite.o)
 .debug_aranges
                0x00000000000000a8       0x18 c:/altera/15.0/nios2eds/bin/gnu/h-x86_64-mingw32/bin/../lib/gcc/nios2-elf/4.9.1/../../../../../H-x86_64-mingw32/nios2-elf/lib/mno-hw-mul\libc.a(lib_a-impure.o)
 .debug_aranges
                0x00000000000000c0       0x20 c:/altera/15.0/nios2eds/bin/gnu/h-x86_64-mingw32/bin/../lib/gcc/nios2-elf/4.9.1/../../../../../H-x86_64-mingw32/nios2-elf/lib/mno-hw-mul\libc.a(lib_a-mallocr.o)
 .debug_aranges
                0x00000000000000e0       0x20 c:/altera/15.0/nios2eds/bin/gnu/h-x86_64-mingw32/bin/../lib/gcc/nios2-elf/4.9.1/../../../../../H-x86_64-mingw32/nios2-elf/lib/mno-hw-mul\libc.a(lib_a-memchr.o)
 .debug_aranges
                0x0000000000000100       0x20 c:/altera/15.0/nios2eds/bin/gnu/h-x86_64-mingw32/bin/../lib/gcc/nios2-elf/4.9.1/../../../../../H-x86_64-mingw32/nios2-elf/lib/mno-hw-mul\libc.a(lib_a-memcpy.o)
 .debug_aranges
                0x0000000000000120       0x20 c:/altera/15.0/nios2eds/bin/gnu/h-x86_64-mingw32/bin/../lib/gcc/nios2-elf/4.9.1/../../../../../H-x86_64-mingw32/nios2-elf/lib/mno-hw-mul\libc.a(lib_a-memmove.o)
 .debug_aranges
                0x0000000000000140       0x20 c:/altera/15.0/nios2eds/bin/gnu/h-x86_64-mingw32/bin/../lib/gcc/nios2-elf/4.9.1/../../../../../H-x86_64-mingw32/nios2-elf/lib/mno-hw-mul\libc.a(lib_a-reallocr.o)
 .debug_aranges
                0x0000000000000160       0x20 c:/altera/15.0/nios2eds/bin/gnu/h-x86_64-mingw32/bin/../lib/gcc/nios2-elf/4.9.1/../../../../../H-x86_64-mingw32/nios2-elf/lib/mno-hw-mul\libc.a(lib_a-sbrkr.o)
 .debug_aranges
                0x0000000000000180       0x20 c:/altera/15.0/nios2eds/bin/gnu/h-x86_64-mingw32/bin/../lib/gcc/nios2-elf/4.9.1/../../../../../H-x86_64-mingw32/nios2-elf/lib/mno-hw-mul\libc.a(lib_a-wsetup.o)
 .debug_aranges
                0x00000000000001a0       0x20 c:/altera/15.0/nios2eds/bin/gnu/h-x86_64-mingw32/bin/../lib/gcc/nios2-elf/4.9.1/../../../../../H-x86_64-mingw32/nios2-elf/lib/mno-hw-mul\libc.a(lib_a-fflush.o)
 .debug_aranges
                0x00000000000001c0       0x20 c:/altera/15.0/nios2eds/bin/gnu/h-x86_64-mingw32/bin/../lib/gcc/nios2-elf/4.9.1/../../../../../H-x86_64-mingw32/nios2-elf/lib/mno-hw-mul\libc.a(lib_a-findfp.o)
 .debug_aranges
                0x00000000000001e0       0x20 c:/altera/15.0/nios2eds/bin/gnu/h-x86_64-mingw32/bin/../lib/gcc/nios2-elf/4.9.1/../../../../../H-x86_64-mingw32/nios2-elf/lib/mno-hw-mul\libc.a(lib_a-freer.o)
 .debug_aranges
                0x0000000000000200       0x20 c:/altera/15.0/nios2eds/bin/gnu/h-x86_64-mingw32/bin/../lib/gcc/nios2-elf/4.9.1/../../../../../H-x86_64-mingw32/nios2-elf/lib/mno-hw-mul\libc.a(lib_a-fwalk.o)
 .debug_aranges
                0x0000000000000220       0x18 c:/altera/15.0/nios2eds/bin/gnu/h-x86_64-mingw32/bin/../lib/gcc/nios2-elf/4.9.1/../../../../../H-x86_64-mingw32/nios2-elf/lib/mno-hw-mul\libc.a(lib_a-int_errno.o)
 .debug_aranges
                0x0000000000000238       0x20 c:/altera/15.0/nios2eds/bin/gnu/h-x86_64-mingw32/bin/../lib/gcc/nios2-elf/4.9.1/../../../../../H-x86_64-mingw32/nios2-elf/lib/mno-hw-mul\libc.a(lib_a-makebuf.o)
 .debug_aranges
                0x0000000000000258       0x20 c:/altera/15.0/nios2eds/bin/gnu/h-x86_64-mingw32/bin/../lib/gcc/nios2-elf/4.9.1/../../../../../H-x86_64-mingw32/nios2-elf/lib/mno-hw-mul\libc.a(lib_a-memset.o)
 .debug_aranges
                0x0000000000000278       0x20 c:/altera/15.0/nios2eds/bin/gnu/h-x86_64-mingw32/bin/../lib/gcc/nios2-elf/4.9.1/../../../../../H-x86_64-mingw32/nios2-elf/lib/mno-hw-mul\libc.a(lib_a-stdio.o)
 .debug_aranges
                0x0000000000000298       0x20 c:/altera/15.0/nios2eds/bin/gnu/h-x86_64-mingw32/bin/../lib/gcc/nios2-elf/4.9.1/../../../../../H-x86_64-mingw32/nios2-elf/lib/mno-hw-mul\libc.a(lib_a-writer.o)
 .debug_aranges
                0x00000000000002b8       0x20 c:/altera/15.0/nios2eds/bin/gnu/h-x86_64-mingw32/bin/../lib/gcc/nios2-elf/4.9.1/../../../../../H-x86_64-mingw32/nios2-elf/lib/mno-hw-mul\libc.a(closer.o)
 .debug_aranges
                0x00000000000002d8       0x20 c:/altera/15.0/nios2eds/bin/gnu/h-x86_64-mingw32/bin/../lib/gcc/nios2-elf/4.9.1/../../../../../H-x86_64-mingw32/nios2-elf/lib/mno-hw-mul\libc.a(lib_a-fclose.o)
 .debug_aranges
                0x00000000000002f8       0x20 c:/altera/15.0/nios2eds/bin/gnu/h-x86_64-mingw32/bin/../lib/gcc/nios2-elf/4.9.1/../../../../../H-x86_64-mingw32/nios2-elf/lib/mno-hw-mul\libc.a(lib_a-fstatr.o)
 .debug_aranges
                0x0000000000000318       0x20 c:/altera/15.0/nios2eds/bin/gnu/h-x86_64-mingw32/bin/../lib/gcc/nios2-elf/4.9.1/../../../../../H-x86_64-mingw32/nios2-elf/lib/mno-hw-mul\libc.a(lib_a-isattyr.o)
 .debug_aranges
                0x0000000000000338       0x20 c:/altera/15.0/nios2eds/bin/gnu/h-x86_64-mingw32/bin/../lib/gcc/nios2-elf/4.9.1/../../../../../H-x86_64-mingw32/nios2-elf/lib/mno-hw-mul\libc.a(lib_a-lseekr.o)
 .debug_aranges
                0x0000000000000358       0x20 c:/altera/15.0/nios2eds/bin/gnu/h-x86_64-mingw32/bin/../lib/gcc/nios2-elf/4.9.1/../../../../../H-x86_64-mingw32/nios2-elf/lib/mno-hw-mul\libc.a(lib_a-readr.o)
 .debug_aranges
                0x0000000000000378       0x20 c:/altera/15.0/nios2eds/bin/gnu/h-x86_64-mingw32/bin/../lib/gcc/nios2-elf/4.9.1/mno-hw-mul\libgcc.a(lib2-mul.o)
 .debug_aranges
                0x0000000000000398       0x20 ../cancion_doble_bsp/\libucosii_bsp.a(alt_close.o)
 .debug_aranges
                0x00000000000003b8       0x20 ../cancion_doble_bsp/\libucosii_bsp.a(alt_dev.o)
 .debug_aranges
                0x00000000000003d8       0x18 ../cancion_doble_bsp/\libucosii_bsp.a(alt_errno.o)
 .debug_aranges
                0x00000000000003f0       0x20 ../cancion_doble_bsp/\libucosii_bsp.a(alt_fstat.o)
 .debug_aranges
                0x0000000000000410       0x20 ../cancion_doble_bsp/\libucosii_bsp.a(alt_isatty.o)
 .debug_aranges
                0x0000000000000430       0x20 ../cancion_doble_bsp/\libucosii_bsp.a(alt_load.o)
 .debug_aranges
                0x0000000000000450       0x20 ../cancion_doble_bsp/\libucosii_bsp.a(alt_lseek.o)
 .debug_aranges
                0x0000000000000470       0x20 ../cancion_doble_bsp/\libucosii_bsp.a(alt_main.o)
 .debug_aranges
                0x0000000000000490       0x20 ../cancion_doble_bsp/\libucosii_bsp.a(alt_read.o)
 .debug_aranges
                0x00000000000004b0       0x20 ../cancion_doble_bsp/\libucosii_bsp.a(alt_release_fd.o)
 .debug_aranges
                0x00000000000004d0       0x20 ../cancion_doble_bsp/\libucosii_bsp.a(alt_sbrk.o)
 .debug_aranges
                0x00000000000004f0       0x20 ../cancion_doble_bsp/\libucosii_bsp.a(alt_write.o)
 .debug_aranges
                0x0000000000000510       0x20 ../cancion_doble_bsp/\libucosii_bsp.a(alt_env_lock.o)
 .debug_aranges
                0x0000000000000530       0x20 ../cancion_doble_bsp/\libucosii_bsp.a(alt_malloc_lock.o)
 .debug_aranges
                0x0000000000000550       0x20 ../cancion_doble_bsp/\libucosii_bsp.a(os_core.o)
 .debug_aranges
                0x0000000000000570       0x20 ../cancion_doble_bsp/\libucosii_bsp.a(os_dbg.o)
 .debug_aranges
                0x0000000000000590       0x20 ../cancion_doble_bsp/\libucosii_bsp.a(os_flag.o)
 .debug_aranges
                0x00000000000005b0       0x20 ../cancion_doble_bsp/\libucosii_bsp.a(os_mem.o)
 .debug_aranges
                0x00000000000005d0       0x20 ../cancion_doble_bsp/\libucosii_bsp.a(os_q.o)
 .debug_aranges
                0x00000000000005f0       0x20 ../cancion_doble_bsp/\libucosii_bsp.a(os_sem.o)
 .debug_aranges
                0x0000000000000610       0x20 ../cancion_doble_bsp/\libucosii_bsp.a(os_task.o)
 .debug_aranges
                0x0000000000000630       0x20 ../cancion_doble_bsp/\libucosii_bsp.a(os_time.o)
 .debug_aranges
                0x0000000000000650       0x20 ../cancion_doble_bsp/\libucosii_bsp.a(alt_sys_init.o)
 .debug_aranges
                0x0000000000000670       0x20 ../cancion_doble_bsp/\libucosii_bsp.a(altera_avalon_jtag_uart_fd.o)
 .debug_aranges
                0x0000000000000690       0x20 ../cancion_doble_bsp/\libucosii_bsp.a(altera_avalon_jtag_uart_init.o)
 .debug_aranges
                0x00000000000006b0       0x20 ../cancion_doble_bsp/\libucosii_bsp.a(altera_avalon_jtag_uart_ioctl.o)
 .debug_aranges
                0x00000000000006d0       0x20 ../cancion_doble_bsp/\libucosii_bsp.a(altera_avalon_jtag_uart_read.o)
 .debug_aranges