Archive member included to satisfy reference by file (symbol)

c:/altera/15.0/nios2eds/bin/gnu/h-x86_64-mingw32/bin/../lib/gcc/nios2-elf/4.9.1/mno-hw-mul\libgcc.a(lib2-divmod.o)
                              obj/default/karplus/karplus.o (__divsi3)
c:/altera/15.0/nios2eds/bin/gnu/h-x86_64-mingw32/bin/../lib/gcc/nios2-elf/4.9.1/mno-hw-mul\libgcc.a(lib2-mul.o)
                              obj/default/karplus/karplus.o (__mulsi3)
c:/altera/15.0/nios2eds/bin/gnu/h-x86_64-mingw32/bin/../lib/gcc/nios2-elf/4.9.1/../../../../../H-x86_64-mingw32/nios2-elf/lib/mno-hw-mul\libc.a(lib_a-puts.o)
                              obj/default/hello_world.o (puts)
c:/altera/15.0/nios2eds/bin/gnu/h-x86_64-mingw32/bin/../lib/gcc/nios2-elf/4.9.1/../../../../../H-x86_64-mingw32/nios2-elf/lib/mno-hw-mul\libc.a(lib_a-rand.o)
                              obj/default/karplus/karplus.o (rand)
c:/altera/15.0/nios2eds/bin/gnu/h-x86_64-mingw32/bin/../lib/gcc/nios2-elf/4.9.1/../../../../../H-x86_64-mingw32/nios2-elf/lib/mno-hw-mul\libc.a(lib_a-strlen.o)
                              c:/altera/15.0/nios2eds/bin/gnu/h-x86_64-mingw32/bin/../lib/gcc/nios2-elf/4.9.1/../../../../../H-x86_64-mingw32/nios2-elf/lib/mno-hw-mul\libc.a(lib_a-puts.o) (strlen)
c:/altera/15.0/nios2eds/bin/gnu/h-x86_64-mingw32/bin/../lib/gcc/nios2-elf/4.9.1/../../../../../H-x86_64-mingw32/nios2-elf/lib/mno-hw-mul\libc.a(lib_a-fvwrite.o)
                              c:/altera/15.0/nios2eds/bin/gnu/h-x86_64-mingw32/bin/../lib/gcc/nios2-elf/4.9.1/../../../../../H-x86_64-mingw32/nios2-elf/lib/mno-hw-mul\libc.a(lib_a-puts.o) (__sfvwrite_r)
c:/altera/15.0/nios2eds/bin/gnu/h-x86_64-mingw32/bin/../lib/gcc/nios2-elf/4.9.1/../../../../../H-x86_64-mingw32/nios2-elf/lib/mno-hw-mul\libc.a(lib_a-impure.o)
                              c:/altera/15.0/nios2eds/bin/gnu/h-x86_64-mingw32/bin/../lib/gcc/nios2-elf/4.9.1/../../../../../H-x86_64-mingw32/nios2-elf/lib/mno-hw-mul\libc.a(lib_a-puts.o) (_impure_ptr)
c:/altera/15.0/nios2eds/bin/gnu/h-x86_64-mingw32/bin/../lib/gcc/nios2-elf/4.9.1/../../../../../H-x86_64-mingw32/nios2-elf/lib/mno-hw-mul\libc.a(lib_a-mallocr.o)
                              c:/altera/15.0/nios2eds/bin/gnu/h-x86_64-mingw32/bin/../lib/gcc/nios2-elf/4.9.1/../../../../../H-x86_64-mingw32/nios2-elf/lib/mno-hw-mul\libc.a(lib_a-fvwrite.o) (_malloc_r)
c:/altera/15.0/nios2eds/bin/gnu/h-x86_64-mingw32/bin/../lib/gcc/nios2-elf/4.9.1/../../../../../H-x86_64-mingw32/nios2-elf/lib/mno-hw-mul\libc.a(lib_a-memchr.o)
                              c:/altera/15.0/nios2eds/bin/gnu/h-x86_64-mingw32/bin/../lib/gcc/nios2-elf/4.9.1/../../../../../H-x86_64-mingw32/nios2-elf/lib/mno-hw-mul\libc.a(lib_a-fvwrite.o) (memchr)
c:/altera/15.0/nios2eds/bin/gnu/h-x86_64-mingw32/bin/../lib/gcc/nios2-elf/4.9.1/../../../../../H-x86_64-mingw32/nios2-elf/lib/mno-hw-mul\libc.a(lib_a-memcpy.o)
                              c:/altera/15.0/nios2eds/bin/gnu/h-x86_64-mingw32/bin/../lib/gcc/nios2-elf/4.9.1/../../../../../H-x86_64-mingw32/nios2-elf/lib/mno-hw-mul\libc.a(lib_a-fvwrite.o) (memcpy)
c:/altera/15.0/nios2eds/bin/gnu/h-x86_64-mingw32/bin/../lib/gcc/nios2-elf/4.9.1/../../../../../H-x86_64-mingw32/nios2-elf/lib/mno-hw-mul\libc.a(lib_a-memmove.o)
                              c:/altera/15.0/nios2eds/bin/gnu/h-x86_64-mingw32/bin/../lib/gcc/nios2-elf/4.9.1/../../../../../H-x86_64-mingw32/nios2-elf/lib/mno-hw-mul\libc.a(lib_a-fvwrite.o) (memmove)
c:/altera/15.0/nios2eds/bin/gnu/h-x86_64-mingw32/bin/../lib/gcc/nios2-elf/4.9.1/../../../../../H-x86_64-mingw32/nios2-elf/lib/mno-hw-mul\libc.a(lib_a-reallocr.o)
                              c:/altera/15.0/nios2eds/bin/gnu/h-x86_64-mingw32/bin/../lib/gcc/nios2-elf/4.9.1/../../../../../H-x86_64-mingw32/nios2-elf/lib/mno-hw-mul\libc.a(lib_a-fvwrite.o) (_realloc_r)
c:/altera/15.0/nios2eds/bin/gnu/h-x86_64-mingw32/bin/../lib/gcc/nios2-elf/4.9.1/../../../../../H-x86_64-mingw32/nios2-elf/lib/mno-hw-mul\libc.a(lib_a-sbrkr.o)
                              c:/altera/15.0/nios2eds/bin/gnu/h-x86_64-mingw32/bin/../lib/gcc/nios2-elf/4.9.1/../../../../../H-x86_64-mingw32/nios2-elf/lib/mno-hw-mul\libc.a(lib_a-mallocr.o) (_sbrk_r)
c:/altera/15.0/nios2eds/bin/gnu/h-x86_64-mingw32/bin/../lib/gcc/nios2-elf/4.9.1/../../../../../H-x86_64-mingw32/nios2-elf/lib/mno-hw-mul\libc.a(lib_a-wsetup.o)
                              c:/altera/15.0/nios2eds/bin/gnu/h-x86_64-mingw32/bin/../lib/gcc/nios2-elf/4.9.1/../../../../../H-x86_64-mingw32/nios2-elf/lib/mno-hw-mul\libc.a(lib_a-fvwrite.o) (__swsetup_r)
c:/altera/15.0/nios2eds/bin/gnu/h-x86_64-mingw32/bin/../lib/gcc/nios2-elf/4.9.1/../../../../../H-x86_64-mingw32/nios2-elf/lib/mno-hw-mul\libc.a(lib_a-fflush.o)
                              c:/altera/15.0/nios2eds/bin/gnu/h-x86_64-mingw32/bin/../lib/gcc/nios2-elf/4.9.1/../../../../../H-x86_64-mingw32/nios2-elf/lib/mno-hw-mul\libc.a(lib_a-fvwrite.o) (_fflush_r)
[...]
Memory Configuration

Name             Origin             Length             Attributes
reset            0x0000000000040000 0x0000000000000020
RAM_jesus        0x0000000000040020 0x0000000000035b40
*default*        0x0000000000000000 0xffffffffffffffff

Linker script and memory map

LOAD ../practica_guitarra_bsp//obj/HAL/src/crt0.o
LOAD obj/default/hello_world.o
LOAD obj/default/karplus/karplus.o
LOAD c:/altera/15.0/nios2eds/bin/gnu/h-x86_64-mingw32/bin/../lib/gcc/nios2-elf/4.9.1/../../../../../H-x86_64-mingw32/nios2-elf/lib/mno-hw-mul\libstdc++.a
LOAD c:/altera/15.0/nios2eds/bin/gnu/h-x86_64-mingw32/bin/../lib/gcc/nios2-elf/4.9.1/../../../../../H-x86_64-mingw32/nios2-elf/lib/mno-hw-mul\libm.a
LOAD c:/altera/15.0/nios2eds/bin/gnu/h-x86_64-mingw32/bin/../lib/gcc/nios2-elf/4.9.1/mno-hw-mul\libgcc.a
START GROUP
LOAD c:/altera/15.0/nios2eds/bin/gnu/h-x86_64-mingw32/bin/../lib/gcc/nios2-elf/4.9.1/../../../../../H-x86_64-mingw32/nios2-elf/lib/mno-hw-mul\libc.a
LOAD c:/altera/15.0/nios2eds/bin/gnu/h-x86_64-mingw32/bin/../lib/gcc/nios2-elf/4.9.1/mno-hw-mul\libgcc.a
LOAD ../practica_guitarra_bsp/\libhal_bsp.a
LOAD c:/altera/15.0/nios2eds/bin/gnu/h-x86_64-mingw32/bin/../lib/gcc/nios2-elf/4.9.1/../../../../../H-x86_64-mingw32/nios2-elf/lib/mno-hw-mul\libm.a
END GROUP
LOAD c:/altera/15.0/nios2eds/bin/gnu/h-x86_64-mingw32/bin/../lib/gcc/nios2-elf/4.9.1/mno-hw-mul\libgcc.a
                0x0000000000040000                __alt_mem_RAM_jesus = 0x40000

.entry          0x0000000000040000       0x20
 *(.entry)
 .entry         0x0000000000040000       0x20 ../practica_guitarra_bsp//obj/HAL/src/crt0.o
                0x0000000000040000                __reset

.exceptions     0x0000000000040020      0x20c
                0x0000000000040020                PROVIDE (__ram_exceptions_start, ABSOLUTE (.))
                0x0000000000040020                . = ALIGN (0x20)
 *(.irq)
 *(.exceptions.entry.label)
 .exceptions.entry.label
                0x0000000000040020        0x0 ../practica_guitarra_bsp/\libhal_bsp.a(alt_irq_entry.o)
                0x0000000000040020                alt_irq_entry
 .exceptions.entry.label
                0x0000000000040020        0x0 ../practica_guitarra_bsp/\libhal_bsp.a(alt_exception_entry.o)
                0x0000000000040020                alt_exception
 *(.exceptions.entry.user)
 *(.exceptions.entry.ecc_fatal)
 *(.exceptions.entry)
 .exceptions.entry
                0x0000000000040020       0x54 ../practica_guitarra_bsp/\libhal_bsp.a(alt_exception_entry.o)
 *(.exceptions.irqtest.user)
 *(.exceptions.irqtest)
 .exceptions.irqtest
                0x0000000000040074       0x10 ../practica_guitarra_bsp/\libhal_bsp.a(alt_irq_entry.o)
 *(.exceptions.irqhandler.user)
 *(.exceptions.irqhandler)
 .exceptions.irqhandler
                0x0000000000040084        0x4 ../practica_guitarra_bsp/\libhal_bsp.a(alt_irq_entry.o)
 *(.exceptions.irqreturn.user)
 *(.exceptions.irqreturn)
 .exceptions.irqreturn
                0x0000000000040088        0x4 ../practica_guitarra_bsp/\libhal_bsp.a(alt_irq_entry.o)
 *(.exceptions.notirq.label)
 .exceptions.notirq.label
                0x000000000004008c        0x0 ../practica_guitarra_bsp/\libhal_bsp.a(alt_irq_entry.o)
 *(.exceptions.notirq.user)
 *(.exceptions.notirq)
 .exceptions.notirq
                0x000000000004008c        0x8 ../practica_guitarra_bsp/\libhal_bsp.a(alt_exception_entry.o)
 *(.exceptions.soft.user)
 *(.exceptions.soft)
 *(.exceptions.unknown.user)
 *(.exceptions.unknown)
 .exceptions.unknown
                0x0000000000040094       0x14 ../practica_guitarra_bsp/\libhal_bsp.a(alt_exception_entry.o)
 *(.exceptions.exit.label)
 .exceptions.exit.label
                0x00000000000400a8        0x0 ../practica_guitarra_bsp/\libhal_bsp.a(alt_irq_entry.o)
 .exceptions.exit.label
                0x00000000000400a8        0x0 ../practica_guitarra_bsp/\libhal_bsp.a(alt_exception_entry.o)
 *(.exceptions.exit.user)
 *(.exceptions.exit)
 .exceptions.exit
                0x00000000000400a8       0x54 ../practica_guitarra_bsp/\libhal_bsp.a(alt_exception_entry.o)
 *(.exceptions)
 .exceptions    0x00000000000400fc       0xd0 ../practica_guitarra_bsp/\libhal_bsp.a(alt_irq_handler.o)
                0x00000000000400fc                alt_irq_handler
 .exceptions    0x00000000000401cc       0x60 ../practica_guitarra_bsp/\libhal_bsp.a(alt_instruction_exception_entry.o)
                0x00000000000401cc                alt_instruction_exception_entry
                0x000000000004022c                PROVIDE (__ram_exceptions_end, ABSOLUTE (.))
                0x0000000000040020                PROVIDE (__flash_exceptions_start, LOADADDR (.exceptions))

.text           0x000000000004022c     0x63a0
                0x000000000004022c                PROVIDE (stext, ABSOLUTE (.))
 *(.interp)
 *(.hash)
 *(.dynsym)
 *(.dynstr)
 *(.gnu.version)
 *(.gnu.version_d)
 *(.gnu.version_r)
 *(.rel.init)
 *(.rela.init)
 *(.rel.text .rel.text.* .rel.gnu.linkonce.t.*)
 *(.rela.text .rela.text.* .rela.gnu.linkonce.t.*)
 *(.rel.fini)
 *(.rela.fini)
 *(.rel.rodata .rel.rodata.* .rel.gnu.linkonce.r.*)
 *(.rela.rodata .rela.rodata.* .rela.gnu.linkonce.r.*)
 *(.rel.data .rel.data.* .rel.gnu.linkonce.d.*)
 *(.rela.data .rela.data.* .rela.gnu.linkonce.d.*)
 *(.rel.tdata .rel.tdata.* .rel.gnu.linkonce.td.*)
 *(.rela.tdata .rela.tdata.* .rela.gnu.linkonce.td.*)
 *(.rel.tbss .rel.tbss.* .rel.gnu.linkonce.tb.*)
 *(.rela.tbss .rela.tbss.* .rela.gnu.linkonce.tb.*)
 *(.rel.ctors)
 *(.rela.ctors)
 *(.rel.dtors)
 *(.rela.dtors)
 *(.rel.got)
 *(.rela.got)
 *(.rel.sdata .rel.sdata.* .rel.gnu.linkonce.s.*)
 *(.rela.sdata .rela.sdata.* .rela.gnu.linkonce.s.*)
 *(.rel.sbss .rel.sbss.* .rel.gnu.linkonce.sb.*)
 *(.rela.sbss .rela.sbss.* .rela.gnu.linkonce.sb.*)
 *(.rel.sdata2 .rel.sdata2.* .rel.gnu.linkonce.s2.*)
 *(.rela.sdata2 .rela.sdata2.* .rela.gnu.linkonce.s2.*)
 *(.rel.sbss2 .rel.sbss2.* .rel.gnu.linkonce.sb2.*)
 *(.rela.sbss2 .rela.sbss2.* .rela.gnu.linkonce.sb2.*)
 *(.rel.bss .rel.bss.* .rel.gnu.linkonce.b.*)
 *(.rela.bss .rela.bss.* .rela.gnu.linkonce.b.*)
 *(.rel.plt)
 *(.rela.plt)
 *(.rel.dyn)
 *(.init)
 *(.plt)
 *(.text .stub .text.* .gnu.linkonce.t.*)
 .text          0x000000000004022c       0x3c ../practica_guitarra_bsp//obj/HAL/src/crt0.o
                0x000000000004022c                _start
 .text          0x0000000000040268       0x74 obj/default/hello_world.o
                0x0000000000040268                main
 .text          0x00000000000402dc      0x1f4 obj/default/karplus/karplus.o
                0x00000000000402dc                inject_noise
                0x00000000000403a8                play_tone
                0x000000000004040c                set_karplus_frequency
                0x0000000000040464                init_karplus
 .text          0x00000000000404d0      0x12c c:/altera/15.0/nios2eds/bin/gnu/h-x86_64-mingw32/bin/../lib/gcc/nios2-elf/4.9.1/mno-hw-mul\libgcc.a(lib2-divmod.o)
                0x000000000004053c                __divsi3
                0x0000000000040590                __modsi3
                0x00000000000405ec                __udivsi3
                0x00000000000405f4                __umodsi3
 .text          0x00000000000405fc       0x28 c:/altera/15.0/nios2eds/bin/gnu/h-x86_64-mingw32/bin/../lib/gcc/nios2-elf/4.9.1/mno-hw-mul\libgcc.a(lib2-mul.o)
                0x00000000000405fc                __mulsi3
 .text          0x0000000000040624       0xcc c:/altera/15.0/nios2eds/bin/gnu/h-x86_64-mingw32/bin/../lib/gcc/nios2-elf/4.9.1/../../../../../H-x86_64-mingw32/nios2-elf/lib/mno-hw-mul\libc.a(lib_a-puts.o)
                0x0000000000040624                _puts_r
                0x00000000000406dc                puts
 .text          0x00000000000406f0       0x7c c:/altera/15.0/nios2eds/bin/gnu/h-x86_64-mingw32/bin/../lib/gcc/nios2-elf/4.9.1/../../../../../H-x86_64-mingw32/nios2-elf/lib/mno-hw-mul\libc.a(lib_a-rand.o)
                0x00000000000406f0                srand
                0x0000000000040708                rand
 .text          0x000000000004076c       0x98 c:/altera/15.0/nios2eds/bin/gnu/h-x86_64-mingw32/bin/../lib/gcc/nios2-elf/4.9.1/../../../../../H-x86_64-mingw32/nios2-elf/lib/mno-hw-mul\libc.a(lib_a-strlen.o)
                0x000000000004076c                strlen
 .text          0x0000000000040804      0x4a4 c:/altera/15.0/nios2eds/bin/gnu/h-x86_64-mingw32/bin/../lib/gcc/nios2-elf/4.9.1/../../../../../H-x86_64-mingw32/nios2-elf/lib/mno-hw-mul\libc.a(lib_a-fvwrite.o)
                0x0000000000040804                __sfvwrite_r
 .text          0x0000000000040ca8        0x0 c:/altera/15.0/nios2eds/bin/gnu/h-x86_64-mingw32/bin/../lib/gcc/nios2-elf/4.9.1/../../../../../H-x86_64-mingw32/nios2-elf/lib/mno-hw-mul\libc.a(lib_a-impure.o)
 .text          0x0000000000040ca8      0x7a8 c:/altera/15.0/nios2eds/bin/gnu/h-x86_64-mingw32/bin/../lib/gcc/nios2-elf/4.9.1/../../../../../H-x86_64-mingw32/nios2-elf/lib/mno-hw-mul\libc.a(lib_a-mallocr.o)
                0x0000000000040ca8                _malloc_r
 .text          0x0000000000041450       0xe8 c:/altera/15.0/nios2eds/bin/gnu/h-x86_64-mingw32/bin/../lib/gcc/nios2-elf/4.9.1/../../../../../H-x86_64-mingw32/nios2-elf/lib/mno-hw-mul\libc.a(lib_a-memchr.o)
                0x0000000000041450                memchr
 .text          0x0000000000041538      0x138 c:/altera/15.0/nios2eds/bin/gnu/h-x86_64-mingw32/bin/../lib/gcc/nios2-elf/4.9.1/../../../../../H-x86_64-mingw32/nios2-elf/lib/mno-hw-mul\libc.a(lib_a-memcpy.o)
                0x0000000000041538                memcpy
 .text          0x0000000000041670      0x15c c:/altera/15.0/nios2eds/bin/gnu/h-x86_64-mingw32/bin/../lib/gcc/nios2-elf/4.9.1/../../../../../H-x86_64-mingw32/nios2-elf/lib/mno-hw-mul\libc.a(lib_a-memmove.o)
                0x0000000000041670                memmove
 .text          0x00000000000417cc      0x5a0 c:/altera/15.0/nios2eds/bin/gnu/h-x86_64-mingw32/bin/../lib/gcc/nios2-elf/4.9.1/../../../../../H-x86_64-mingw32/nios2-elf/lib/mno-hw-mul\libc.a(lib_a-reallocr.o)
                0x00000000000417cc                _realloc_r
 .text          0x0000000000041d6c       0x54 c:/altera/15.0/nios2eds/bin/gnu/h-x86_64-mingw32/bin/../lib/gcc/nios2-elf/4.9.1/../../../../../H-x86_64-mingw32/nios2-elf/lib/mno-hw-mul\libc.a(lib_a-sbrkr.o)
                0x0000000000041d6c                _sbrk_r
 .text          0x0000000000041dc0      0x130 c:/altera/15.0/nios2eds/bin/gnu/h-x86_64-mingw32/bin/../lib/gcc/nios2-elf/4.9.1/../../../../../H-x86_64-mingw32/nios2-elf/lib/mno-hw-mul\libc.a(lib_a-wsetup.o)
                0x0000000000041dc0                __swsetup_r
 .text          0x0000000000041ef0      0x258 c:/altera/15.0/nios2eds/bin/gnu/h-x86_64-mingw32/bin/../lib/gcc/nios2-elf/4.9.1/../../../../../H-x86_64-mingw32/nios2-elf/lib/mno-hw-mul\libc.a(lib_a-fflush.o)
                0x0000000000041ef0                _fflush_r
                0x0000000000042118                fflush
 .text          0x0000000000042148      0x3b4 c:/altera/15.0/nios2eds/bin/gnu/h-x86_64-mingw32/bin/../lib/gcc/nios2-elf/4.9.1/../../../../../H-x86_64-mingw32/nios2-elf/lib/mno-hw-mul\libc.a(lib_a-findfp.o)
                0x0000000000042158                _cleanup_r
                0x0000000000042304                __sfmoreglue
                0x000000000004237c                __sfp
                0x0000000000042494                _cleanup
                0x00000000000424ac                __sinit
                0x00000000000424bc                __sfp_lock_acquire
                0x00000000000424c0                __sfp_lock_release
                0x00000000000424c4                __sinit_lock_acquire
                0x00000000000424c8                __sinit_lock_release
                0x00000000000424cc                __fp_lock_all
                0x00000000000424e4                __fp_unlock_all
 .text          0x00000000000424fc      0x414 c:/altera/15.0/nios2eds/bin/gnu/h-x86_64-mingw32/bin/../lib/gcc/nios2-elf/4.9.1/../../../../../H-x86_64-mingw32/nios2-elf/lib/mno-hw-mul\libc.a(lib_a-freer.o)
                0x00000000000424fc                _malloc_trim_r
                0x0000000000042620                _free_r
 .text          0x0000000000042910      0x170 c:/altera/15.0/nios2eds/bin/gnu/h-x86_64-mingw32/bin/../lib/gcc/nios2-elf/4.9.1/../../../../../H-x86_64-mingw32/nios2-elf/lib/mno-hw-mul\libc.a(lib_a-fwalk.o)
                0x0000000000042910                _fwalk
                0x00000000000429c8                _fwalk_reent
 .text          0x0000000000042a80        0x0 c:/altera/15.0/nios2eds/bin/gnu/h-x86_64-mingw32/bin/../lib/gcc/nios2-elf/4.9.1/../../../../../H-x86_64-mingw32/nios2-elf/lib/mno-hw-mul\libc.a(lib_a-int_errno.o)
 .text          0x0000000000042a80      0x1b8 c:/altera/15.0/nios2eds/bin/gnu/h-x86_64-mingw32/bin/../lib/gcc/nios2-elf/4.9.1/../../../../../H-x86_64-mingw32/nios2-elf/lib/mno-hw-mul\libc.a(lib_a-makebuf.o)
                0x0000000000042a80                __smakebuf_r
 .text          0x0000000000042c38      0x124 c:/altera/15.0/nios2eds/bin/gnu/h-x86_64-mingw32/bin/../lib/gcc/nios2-elf/4.9.1/../../../../../H-x86_64-mingw32/nios2-elf/lib/mno-hw-mul\libc.a(lib_a-memset.o)
                0x0000000000042c38                memset
 .text          0x0000000000042d5c      0x13c c:/altera/15.0/nios2eds/bin/gnu/h-x86_64-mingw32/bin/../lib/gcc/nios2-elf/4.9.1/../../../../../H-x86_64-mingw32/nios2-elf/lib/mno-hw-mul\libc.a(lib_a-stdio.o)
                0x0000000000042d5c                __sread
                0x0000000000042db0                __seofread
                0x0000000000042db8                __swrite
                0x0000000000042e34                __sseek
                0x0000000000042e90                __sclose
 .text          0x0000000000042e98       0x5c c:/altera/15.0/nios2eds/bin/gnu/h-x86_64-mingw32/bin/../lib/gcc/nios2-elf/4.9.1/../../../../../H-x86_64-mingw32/nios2-elf/lib/mno-hw-mul\libc.a(lib_a-writer.o)
                0x0000000000042e98                _write_r
 .text          0x0000000000042ef4       0x54 c:/altera/15.0/nios2eds/bin/gnu/h-x86_64-mingw32/bin/../lib/gcc/nios2-elf/4.9.1/../../../../../H-x86_64-mingw32/nios2-elf/lib/mno-hw-mul\libc.a(closer.o)
                0x0000000000042ef4                _close_r
 .text          0x0000000000042f48      0x114 c:/altera/15.0/nios2eds/bin/gnu/h-x86_64-mingw32/bin/../lib/gcc/nios2-elf/4.9.1/../../../../../H-x86_64-mingw32/nios2-elf/lib/mno-hw-mul\libc.a(lib_a-fclose.o)
                0x0000000000042f48                _fclose_r
                0x0000000000043048                fclose
 .text          0x000000000004305c       0x58 c:/altera/15.0/nios2eds/bin/gnu/h-x86_64-mingw32/bin/../lib/gcc/nios2-elf/4.9.1/../../../../../H-x86_64-mingw32/nios2-elf/lib/mno-hw-mul\libc.a(lib_a-fstatr.o)
                0x000000000004305c                _fstat_r
 .text          0x00000000000430b4       0x54 c:/altera/15.0/nios2eds/bin/gnu/h-x86_64-mingw32/bin/../lib/gcc/nios2-elf/4.9.1/../../../../../H-x86_64-mingw32/nios2-elf/lib/mno-hw-mul\libc.a(lib_a-isattyr.o)
                0x00000000000430b4                _isatty_r
 .text          0x0000000000043108       0x5c c:/altera/15.0/nios2eds/bin/gnu/h-x86_64-mingw32/bin/../lib/gcc/nios2-elf/4.9.1/../../../../../H-x86_64-mingw32/nios2-elf/lib/mno-hw-mul\libc.a(lib_a-lseekr.o)
                0x0000000000043108                _lseek_r
 .text          0x0000000000043164       0x5c c:/altera/15.0/nios2eds/bin/gnu/h-x86_64-mingw32/bin/../lib/gcc/nios2-elf/4.9.1/../../../../../H-x86_64-mingw32/nios2-elf/lib/mno-hw-mul\libc.a(lib_a-readr.o)
                0x0000000000043164                _read_r
 .text          0x00000000000431c0      0x10c c:/altera/15.0/nios2eds/bin/gnu/h-x86_64-mingw32/bin/../lib/gcc/nios2-elf/4.9.1/mno-hw-mul\libgcc.a(_muldi3.o)
                0x00000000000431c0                __muldi3
 .text          0x00000000000432cc      0x128 ../practica_guitarra_bsp/\libhal_bsp.a(alt_close.o)
                0x000000000004331c                close
 .text          0x00000000000433f4       0x2c ../practica_guitarra_bsp/\libhal_bsp.a(alt_dev.o)
 .text          0x0000000000043420        0x0 ../practica_guitarra_bsp/\libhal_bsp.a(alt_errno.o)
 .text          0x0000000000043420      0x108 ../practica_guitarra_bsp/\libhal_bsp.a(alt_fstat.o)
                0x0000000000043470                fstat
 .text          0x0000000000043528       0xfc ../practica_guitarra_bsp/\libhal_bsp.a(alt_isatty.o)
                0x0000000000043578                isatty
 .text          0x0000000000043624       0xe4 ../practica_guitarra_bsp/\libhal_bsp.a(alt_load.o)
                0x0000000000043688                alt_load
 .text          0x0000000000043708      0x12c ../practica_guitarra_bsp/\libhal_bsp.a(alt_lseek.o)
                0x0000000000043758                lseek
 .text          0x0000000000043834       0x78 ../practica_guitarra_bsp/\libhal_bsp.a(alt_main.o)
                0x0000000000043834                alt_main
 .text          0x00000000000438ac       0x40 ../practica_guitarra_bsp/\libhal_bsp.a(alt_malloc_lock.o)
                0x00000000000438ac                __malloc_lock
                0x00000000000438cc                __malloc_unlock
 .text          0x00000000000438ec      0x154 ../practica_guitarra_bsp/\libhal_bsp.a(alt_read.o)
                0x000000000004393c                read
 .text          0x0000000000043a40       0x80 ../practica_guitarra_bsp/\libhal_bsp.a(alt_release_fd.o)
                0x0000000000043a40                alt_release_fd
 .text          0x0000000000043ac0       0xb0 ../practica_guitarra_bsp/\libhal_bsp.a(alt_sbrk.o)
                0x0000000000043ac0                sbrk
 .text          0x0000000000043b70       0x30 ../practica_guitarra_bsp/\libhal_bsp.a(alt_usleep.o)
                0x0000000000043b70                usleep
 .text          0x0000000000043ba0      0x150 ../practica_guitarra_bsp/\libhal_bsp.a(alt_write.o)
                0x0000000000043bf0                write
 .text          0x0000000000043cf0       0xe8 ../practica_guitarra_bsp/\libhal_bsp.a(alt_sys_init.o)
                0x0000000000043d28                alt_irq_init
                0x0000000000043d5c                alt_sys_init
 .text          0x0000000000043dd8      0x164 ../practica_guitarra_bsp/\libhal_bsp.a(altera_avalon_jtag_uart_fd.o)
                0x0000000000043dd8                altera_avalon_jtag_uart_read_fd
                0x0000000000043e38                altera_avalon_jtag_uart_write_fd
                0x0000000000043e98                altera_avalon_jtag_uart_close_fd
                0x0000000000043ee8                altera_avalon_jtag_uart_ioctl_fd
 .text          0x0000000000043f3c      0x3d8 ../practica_guitarra_bsp/\libhal_bsp.a(altera_avalon_jtag_uart_init.o)
                0x0000000000043f3c                altera_avalon_jtag_uart_init
                0x00000000000442ac                altera_avalon_jtag_uart_close
 .text          0x0000000000044314       0xec ../practica_guitarra_bsp/\libhal_bsp.a(altera_avalon_jtag_uart_ioctl.o)
                0x0000000000044314                altera_avalon_jtag_uart_ioctl
 .text          0x0000000000044400      0x20c ../practica_guitarra_bsp/\libhal_bsp.a(altera_avalon_jtag_uart_read.o)
                0x0000000000044400                altera_avalon_jtag_uart_read
 .text          0x000000000004460c      0x218 ../practica_guitarra_bsp/\libhal_bsp.a(altera_avalon_jtag_uart_write.o)
                0x000000000004460c                altera_avalon_jtag_uart_write
 .text          0x0000000000044824       0xfc ../practica_guitarra_bsp/\libhal_bsp.a(altera_avalon_timer_sc.o)
                0x0000000000044898                alt_avalon_timer_sc_init
 .text          0x0000000000044920      0x110 ../practica_guitarra_bsp/\libhal_bsp.a(altera_avalon_uart_fd.o)
                0x0000000000044920                altera_avalon_uart_read_fd
                0x0000000000044980                altera_avalon_uart_write_fd
                0x00000000000449e0                altera_avalon_uart_close_fd
 .text          0x0000000000044a30      0x3b8 ../practica_guitarra_bsp/\libhal_bsp.a(altera_avalon_uart_init.o)
                0x0000000000044a30                altera_avalon_uart_init
                0x0000000000044d94                altera_avalon_uart_close
 .text          0x0000000000044de8      0x22c ../practica_guitarra_bsp/\libhal_bsp.a(altera_avalon_uart_read.o)
                0x0000000000044e38                altera_avalon_uart_read
 .text          0x0000000000045014      0x1fc ../practica_guitarra_bsp/\libhal_bsp.a(altera_avalon_uart_write.o)
                0x0000000000045064                altera_avalon_uart_write
 .text          0x0000000000045210      0x140 ../practica_guitarra_bsp/\libhal_bsp.a(alt_alarm_start.o)
                0x0000000000045210                alt_alarm_start
 .text          0x0000000000045350      0x158 ../practica_guitarra_bsp/\libhal_bsp.a(alt_busy_sleep.o)
                0x0000000000045350                alt_busy_sleep
 .text          0x00000000000454a8       0x1c ../practica_guitarra_bsp/\libhal_bsp.a(alt_dcache_flush_all.o)
                0x00000000000454a8                alt_dcache_flush_all
 .text          0x00000000000454c4       0xf4 ../practica_guitarra_bsp/\libhal_bsp.a(alt_dev_llist_insert.o)
                0x0000000000045514                alt_dev_llist_insert
 .text          0x00000000000455b8       0x5c ../practica_guitarra_bsp/\libhal_bsp.a(alt_do_ctors.o)
                0x00000000000455b8                _do_ctors
 .text          0x0000000000045614       0x5c ../practica_guitarra_bsp/\libhal_bsp.a(alt_do_dtors.o)
                0x0000000000045614                _do_dtors
 .text          0x0000000000045670       0x1c ../practica_guitarra_bsp/\libhal_bsp.a(alt_icache_flush_all.o)
                0x0000000000045670                alt_icache_flush_all
 .text          0x000000000004568c      0x1e0 ../practica_guitarra_bsp/\libhal_bsp.a(alt_iic.o)
                0x000000000004568c                alt_ic_isr_register
                0x00000000000456dc                alt_ic_irq_enable
                0x000000000004577c                alt_ic_irq_disable
                0x0000000000045820                alt_ic_irq_enabled
 .text          0x000000000004586c       0xf0 ../practica_guitarra_bsp/\libhal_bsp.a(alt_iic_isr_register.o)
                0x000000000004586c                alt_iic_isr_register
 .text          0x000000000004595c      0x158 ../practica_guitarra_bsp/\libhal_bsp.a(alt_io_redirect.o)
                0x0000000000045a3c                alt_io_redirect
 .text          0x0000000000045ab4        0x0 ../practica_guitarra_bsp/\libhal_bsp.a(alt_irq_entry.o)
 .text          0x0000000000045ab4        0x0 ../practica_guitarra_bsp/\libhal_bsp.a(alt_irq_handler.o)
 .text          0x0000000000045ab4        0x0 ../practica_guitarra_bsp/\libhal_bsp.a(alt_irq_vars.o)
 .text          0x0000000000045ab4      0x2a4 ../practica_guitarra_bsp/\libhal_bsp.a(alt_open.o)
                0x0000000000045bf8                open
 .text          0x0000000000045d58      0x19c ../practica_guitarra_bsp/\libhal_bsp.a(alt_tick.o)
                0x0000000000045d58                alt_alarm_stop
                0x0000000000045df0                alt_tick
 .text          0x0000000000045ef4       0x20 ../practica_guitarra_bsp/\libhal_bsp.a(altera_nios2_gen2_irq.o)
                0x0000000000045ef4                altera_nios2_gen2_irq_init
 .text          0x0000000000045f14        0x0 ../practica_guitarra_bsp/\libhal_bsp.a(alt_exception_entry.o)
 .text          0x0000000000045f14       0x90 ../practica_guitarra_bsp/\libhal_bsp.a(alt_find_dev.o)
                0x0000000000045f14                alt_find_dev
 .text          0x0000000000045fa4      0x114 ../practica_guitarra_bsp/\libhal_bsp.a(alt_find_file.o)
                0x0000000000045fa4                alt_find_file
 .text          0x00000000000460b8       0xd4 ../practica_guitarra_bsp/\libhal_bsp.a(alt_get_fd.o)
                0x00000000000460b8                alt_get_fd
 .text          0x000000000004618c       0x9c ../practica_guitarra_bsp/\libhal_bsp.a(alt_instruction_exception_entry.o)
                0x000000000004618c                alt_exception_cause_generated_bad_addr
 .text          0x0000000000046228       0x14 c:/altera/15.0/nios2eds/bin/gnu/h-x86_64-mingw32/bin/../lib/gcc/nios2-elf/4.9.1/../../../../../H-x86_64-mingw32/nios2-elf/lib/mno-hw-mul\libc.a(lib_a-atexit.o)
                0x0000000000046228                atexit
 .text          0x000000000004623c       0x38 c:/altera/15.0/nios2eds/bin/gnu/h-x86_64-mingw32/bin/../lib/gcc/nios2-elf/4.9.1/../../../../../H-x86_64-mingw32/nios2-elf/lib/mno-hw-mul\libc.a(lib_a-exit.o)
                0x000000000004623c                exit
 .text          0x0000000000046274       0x7c c:/altera/15.0/nios2eds/bin/gnu/h-x86_64-mingw32/bin/../lib/gcc/nios2-elf/4.9.1/../../../../../H-x86_64-mingw32/nios2-elf/lib/mno-hw-mul\libc.a(lib_a-memcmp.o)
                0x0000000000046274                memcmp
 .text          0x00000000000462f0      0x114 c:/altera/15.0/nios2eds/bin/gnu/h-x86_64-mingw32/bin/../lib/gcc/nios2-elf/4.9.1/../../../../../H-x86_64-mingw32/nios2-elf/lib/mno-hw-mul\libc.a(lib_a-__atexit.o)
                0x00000000000462f0                __register_exitproc
 .text          0x0000000000046404      0x194 c:/altera/15.0/nios2eds/bin/gnu/h-x86_64-mingw32/bin/../lib/gcc/nios2-elf/4.9.1/../../../../../H-x86_64-mingw32/nios2-elf/lib/mno-hw-mul\libc.a(lib_a-__call_atexit.o)
                0x0000000000046404                __call_exitprocs
 .text          0x0000000000046598       0x34 ../practica_guitarra_bsp/\libhal_bsp.a(alt_exit.o)
                0x0000000000046598                _exit
 *(.gnu.warning.*)
 *(.fini)
                0x00000000000465cc                PROVIDE (__etext, ABSOLUTE (.))
                0x00000000000465cc                PROVIDE (_etext, ABSOLUTE (.))
                0x00000000000465cc                PROVIDE (etext, ABSOLUTE (.))
 *(.eh_frame_hdr)
                0x00000000000465cc                . = ALIGN (0x4)
                0x00000000000465cc                PROVIDE (__preinit_array_start, ABSOLUTE (.))
 *(.preinit_array)
                0x00000000000465cc                PROVIDE (__preinit_array_end, ABSOLUTE (.))
                0x00000000000465cc                PROVIDE (__init_array_start, ABSOLUTE (.))
 *(.init_array)
                0x00000000000465cc                PROVIDE (__init_array_end, ABSOLUTE (.))
                0x00000000000465cc                PROVIDE (__fini_array_start, ABSOLUTE (.))
 *(.fini_array)
                0x00000000000465cc                PROVIDE (__fini_array_end, ABSOLUTE (.))
 *(.eh_frame)
 *(.gcc_except_table .gcc_except_table.*)
 *(.dynamic)
                0x00000000000465cc                PROVIDE (__CTOR_LIST__, ABSOLUTE (.))
 *(.ctors)
 *(SORT(.ctors.*))
                0x00000000000465cc                PROVIDE (__CTOR_END__, ABSOLUTE (.))
                0x00000000000465cc                PROVIDE (__DTOR_LIST__, ABSOLUTE (.))
 *(.dtors)
 *(SORT(.dtors.*))
                0x00000000000465cc                PROVIDE (__DTOR_END__, ABSOLUTE (.))
 *(.jcr)
                0x00000000000465cc                . = ALIGN (0x4)

.rodata         0x00000000000465cc       0x54
                0x00000000000465cc                PROVIDE (__ram_rodata_start, ABSOLUTE (.))
                0x00000000000465cc                . = ALIGN (0x4)
 *(.rodata .rodata.* .gnu.linkonce.r.*)
 .rodata        0x00000000000465cc       0x14 obj/default/hello_world.o
 .rodata.str1.4
                0x00000000000465e0        0x2 c:/altera/15.0/nios2eds/bin/gnu/h-x86_64-mingw32/bin/../lib/gcc/nios2-elf/4.9.1/../../../../../H-x86_64-mingw32/nios2-elf/lib/mno-hw-mul\libc.a(lib_a-puts.o)
                                          0x4 (size before relaxing)
 *fill*         0x00000000000465e2        0x2 
 .rodata.str1.4
                0x00000000000465e4        0x4 c:/altera/15.0/nios2eds/bin/gnu/h-x86_64-mingw32/bin/../lib/gcc/nios2-elf/4.9.1/../../../../../H-x86_64-mingw32/nios2-elf/lib/mno-hw-mul\libc.a(lib_a-impure.o)
 .rodata        0x00000000000465e8        0xc ../practica_guitarra_bsp/\libhal_bsp.a(alt_dev.o)
 .rodata        0x00000000000465f4       0x10 ../practica_guitarra_bsp/\libhal_bsp.a(alt_main.o)
 .rodata        0x0000000000046604       0x1c ../practica_guitarra_bsp/\libhal_bsp.a(alt_sys_init.o)
 *(.rodata1)
                0x0000000000046620                . = ALIGN (0x4)
                0x0000000000046620                PROVIDE (__ram_rodata_end, ABSOLUTE (.))
                0x00000000000465cc                PROVIDE (__flash_rodata_start, LOADADDR (.rodata))

.rwdata         0x0000000000046620     0x1b30 load address 0x0000000000048150
                0x0000000000046620                PROVIDE (__ram_rwdata_start, ABSOLUTE (.))
                0x0000000000046620                . = ALIGN (0x4)
 *(.got.plt)
 *(.got)
 *(.data1)
 *(.data .data.* .gnu.linkonce.d.*)
 .data          0x0000000000046620        0x0 ../practica_guitarra_bsp//obj/HAL/src/crt0.o
 .data          0x0000000000046620        0x0 obj/default/hello_world.o
 .data          0x0000000000046620        0x0 obj/default/karplus/karplus.o
 .data          0x0000000000046620        0x0 c:/altera/15.0/nios2eds/bin/gnu/h-x86_64-mingw32/bin/../lib/gcc/nios2-elf/4.9.1/mno-hw-mul\libgcc.a(lib2-divmod.o)
 .data          0x0000000000046620        0x0 c:/altera/15.0/nios2eds/bin/gnu/h-x86_64-mingw32/bin/../lib/gcc/nios2-elf/4.9.1/mno-hw-mul\libgcc.a(lib2-mul.o)
 .data          0x0000000000046620        0x0 c:/altera/15.0/nios2eds/bin/gnu/h-x86_64-mingw32/bin/../lib/gcc/nios2-elf/4.9.1/../../../../../H-x86_64-mingw32/nios2-elf/lib/mno-hw-mul\libc.a(lib_a-puts.o)
 .data          0x0000000000046620        0x0 c:/altera/15.0/nios2eds/bin/gnu/h-x86_64-mingw32/bin/../lib/gcc/nios2-elf/4.9.1/../../../../../H-x86_64-mingw32/nios2-elf/lib/mno-hw-mul\libc.a(lib_a-rand.o)
 .data          0x0000000000046620        0x0 c:/altera/15.0/nios2eds/bin/gnu/h-x86_64-mingw32/bin/../lib/gcc/nios2-elf/4.9.1/../../../../../H-x86_64-mingw32/nios2-elf/lib/mno-hw-mul\libc.a(lib_a-strlen.o)
 .data          0x0000000000046620        0x0 c:/altera/15.0/nios2eds/bin/gnu/h-x86_64-mingw32/bin/../lib/gcc/nios2-elf/4.9.1/../../../../../H-x86_64-mingw32/nios2-elf/lib/mno-hw-mul\libc.a(lib_a-fvwrite.o)
 .data          0x0000000000046620      0x424 c:/altera/15.0/nios2eds/bin/gnu/h-x86_64-mingw32/bin/../lib/gcc/nios2-elf/4.9.1/../../../../../H-x86_64-mingw32/nios2-elf/lib/mno-hw-mul\libc.a(lib_a-impure.o)
 .data          0x0000000000046a44      0x408 c:/altera/15.0/nios2eds/bin/gnu/h-x86_64-mingw32/bin/../lib/gcc/nios2-elf/4.9.1/../../../../../H-x86_64-mingw32/nios2-elf/lib/mno-hw-mul\libc.a(lib_a-mallocr.o)
                0x0000000000046a44                __malloc_av_
 .data          0x0000000000046e4c        0x0 c:/altera/15.0/nios2eds/bin/gnu/h-x86_64-mingw32/bin/../lib/gcc/nios2-elf/4.9.1/../../../../../H-x86_64-mingw32/nios2-elf/lib/mno-hw-mul\libc.a(lib_a-memchr.o)
 .data          0x0000000000046e4c        0x0 c:/altera/15.0/nios2eds/bin/gnu/h-x86_64-mingw32/bin/../lib/gcc/nios2-elf/4.9.1/../../../../../H-x86_64-mingw32/nios2-elf/lib/mno-hw-mul\libc.a(lib_a-memcpy.o)
 .data          0x0000000000046e4c        0x0 c:/altera/15.0/nios2eds/bin/gnu/h-x86_64-mingw32/bin/../lib/gcc/nios2-elf/4.9.1/../../../../../H-x86_64-mingw32/nios2-elf/lib/mno-hw-mul\libc.a(lib_a-memmove.o)
 .data          0x0000000000046e4c        0x0 c:/altera/15.0/nios2eds/bin/gnu/h-x86_64-mingw32/bin/../lib/gcc/nios2-elf/4.9.1/../../../../../H-x86_64-mingw32/nios2-elf/lib/mno-hw-mul\libc.a(lib_a-reallocr.o)
 .data          0x0000000000046e4c        0x0 c:/altera/15.0/nios2eds/bin/gnu/h-x86_64-mingw32/bin/../lib/gcc/nios2-elf/4.9.1/../../../../../H-x86_64-mingw32/nios2-elf/lib/mno-hw-mul\libc.a(lib_a-sbrkr.o)
 .data          0x0000000000046e4c        0x0 c:/altera/15.0/nios2eds/bin/gnu/h-x86_64-mingw32/bin/../lib/gcc/nios2-elf/4.9.1/../../../../../H-x86_64-mingw32/nios2-elf/lib/mno-hw-mul\libc.a(lib_a-wsetup.o)
 .data          0x0000000000046e4c        0x0 c:/altera/15.0/nios2eds/bin/gnu/h-x86_64-mingw32/bin/../lib/gcc/nios2-elf/4.9.1/../../../../../H-x86_64-mingw32/nios2-elf/lib/mno-hw-mul\libc.a(lib_a-fflush.o)
 .data          0x0000000000046e4c        0x0 c:/altera/15.0/nios2eds/bin/gnu/h-x86_64-mingw32/bin/../lib/gcc/nios2-elf/4.9.1/../../../../../H-x86_64-mingw32/nios2-elf/lib/mno-hw-mul\libc.a(lib_a-findfp.o)
 .data          0x0000000000046e4c        0x0 c:/altera/15.0/nios2eds/bin/gnu/h-x86_64-mingw32/bin/../lib/gcc/nios2-elf/4.9.1/../../../../../H-x86_64-mingw32/nios2-elf/lib/mno-hw-mul\libc.a(lib_a-freer.o)
 .data          0x0000000000046e4c        0x0 c:/altera/15.0/nios2eds/bin/gnu/h-x86_64-mingw32/bin/../lib/gcc/nios2-elf/4.9.1/../../../../../H-x86_64-mingw32/nios2-elf/lib/mno-hw-mul\libc.a(lib_a-fwalk.o)
 .data          0x0000000000046e4c        0x0 c:/altera/15.0/nios2eds/bin/gnu/h-x86_64-mingw32/bin/../lib/gcc/nios2-elf/4.9.1/../../../../../H-x86_64-mingw32/nios2-elf/lib/mno-hw-mul\libc.a(lib_a-int_errno.o)
 .data          0x0000000000046e4c        0x0 c:/altera/15.0/nios2eds/bin/gnu/h-x86_64-mingw32/bin/../lib/gcc/nios2-elf/4.9.1/../../../../../H-x86_64-mingw32/nios2-elf/lib/mno-hw-mul\libc.a(lib_a-makebuf.o)
 .data          0x0000000000046e4c        0x0 c:/altera/15.0/nios2eds/bin/gnu/h-x86_64-mingw32/bin/../lib/gcc/nios2-elf/4.9.1/../../../../../H-x86_64-mingw32/nios2-elf/lib/mno-hw-mul\libc.a(lib_a-memset.o)
 .data          0x0000000000046e4c        0x0 c:/altera/15.0/nios2eds/bin/gnu/h-x86_64-mingw32/bin/../lib/gcc/nios2-elf/4.9.1/../../../../../H-x86_64-mingw32/nios2-elf/lib/mno-hw-mul\libc.a(lib_a-stdio.o)
 .data          0x0000000000046e4c        0x0 c:/altera/15.0/nios2eds/bin/gnu/h-x86_64-mingw32/bin/../lib/gcc/nios2-elf/4.9.1/../../../../../H-x86_64-mingw32/nios2-elf/lib/mno-hw-mul\libc.a(lib_a-writer.o)
 .data          0x0000000000046e4c        0x0 c:/altera/15.0/nios2eds/bin/gnu/h-x86_64-mingw32/bin/../lib/gcc/nios2-elf/4.9.1/../../../../../H-x86_64-mingw32/nios2-elf/lib/mno-hw-mul\libc.a(closer.o)
 .data          0x0000000000046e4c        0x0 c:/altera/15.0/nios2eds/bin/gnu/h-x86_64-mingw32/bin/../lib/gcc/nios2-elf/4.9.1/../../../../../H-x86_64-mingw32/nios2-elf/lib/mno-hw-mul\libc.a(lib_a-fclose.o)
 .data          0x0000000000046e4c        0x0 c:/altera/15.0/nios2eds/bin/gnu/h-x86_64-mingw32/bin/../lib/gcc/nios2-elf/4.9.1/../../../../../H-x86_64-mingw32/nios2-elf/lib/mno-hw-mul\libc.a(lib_a-fstatr.o)
 .data          0x0000000000046e4c        0x0 c:/altera/15.0/nios2eds/bin/gnu/h-x86_64-mingw32/bin/../lib/gcc/nios2-elf/4.9.1/../../../../../H-x86_64-mingw32/nios2-elf/lib/mno-hw-mul\libc.a(lib_a-isattyr.o)
 .data          0x0000000000046e4c        0x0 c:/altera/15.0/nios2eds/bin/gnu/h-x86_64-mingw32/bin/../lib/gcc/nios2-elf/4.9.1/../../../../../H-x86_64-mingw32/nios2-elf/lib/mno-hw-mul\libc.a(lib_a-lseekr.o)
 .data          0x0000000000046e4c        0x0 c:/altera/15.0/nios2eds/bin/gnu/h-x86_64-mingw32/bin/../lib/gcc/nios2-elf/4.9.1/../../../../../H-x86_64-mingw32/nios2-elf/lib/mno-hw-mul\libc.a(lib_a-readr.o)
 .data          0x0000000000046e4c        0x0 c:/altera/15.0/nios2eds/bin/gnu/h-x86_64-mingw32/bin/../lib/gcc/nios2-elf/4.9.1/mno-hw-mul\libgcc.a(_muldi3.o)
 .data          0x0000000000046e4c        0x0 ../practica_guitarra_bsp/\libhal_bsp.a(alt_close.o)
 .data          0x0000000000046e4c      0x1a8 ../practica_guitarra_bsp/\libhal_bsp.a(alt_dev.o)
                0x0000000000046e4c                alt_dev_null
                0x0000000000046e74                alt_fd_list
 .data          0x0000000000046ff4        0x0 ../practica_guitarra_bsp/\libhal_bsp.a(alt_errno.o)
 .data          0x0000000000046ff4        0x0 ../practica_guitarra_bsp/\libhal_bsp.a(alt_fstat.o)
 .data          0x0000000000046ff4        0x0 ../practica_guitarra_bsp/\libhal_bsp.a(alt_isatty.o)
 .data          0x0000000000046ff4        0x0 ../practica_guitarra_bsp/\libhal_bsp.a(alt_load.o)
 .data          0x0000000000046ff4        0x0 ../practica_guitarra_bsp/\libhal_bsp.a(alt_lseek.o)
 .data          0x0000000000046ff4        0x0 ../practica_guitarra_bsp/\libhal_bsp.a(alt_main.o)
 .data          0x0000000000046ff4        0x0 ../practica_guitarra_bsp/\libhal_bsp.a(alt_malloc_lock.o)
 .data          0x0000000000046ff4        0x0 ../practica_guitarra_bsp/\libhal_bsp.a(alt_read.o)
 .data          0x0000000000046ff4        0x0 ../practica_guitarra_bsp/\libhal_bsp.a(alt_release_fd.o)
 .data          0x0000000000046ff4        0x0 ../practica_guitarra_bsp/\libhal_bsp.a(alt_sbrk.o)
 .data          0x0000000000046ff4        0x0 ../practica_guitarra_bsp/\libhal_bsp.a(alt_usleep.o)
 .data          0x0000000000046ff4        0x0 ../practica_guitarra_bsp/\libhal_bsp.a(alt_write.o)
 .data          0x0000000000046ff4     0x1124 ../practica_guitarra_bsp/\libhal_bsp.a(alt_sys_init.o)
 .data          0x0000000000048118        0x0 ../practica_guitarra_bsp/\libhal_bsp.a(altera_avalon_jtag_uart_fd.o)
 .data          0x0000000000048118        0x0 ../practica_guitarra_bsp/\libhal_bsp.a(altera_avalon_jtag_uart_init.o)
 .data          0x0000000000048118        0x0 ../practica_guitarra_bsp/\libhal_bsp.a(altera_avalon_jtag_uart_ioctl.o)
 .data          0x0000000000048118        0x0 ../practica_guitarra_bsp/\libhal_bsp.a(altera_avalon_jtag_uart_read.o)
 .data          0x0000000000048118        0x0 ../practica_guitarra_bsp/\libhal_bsp.a(altera_avalon_jtag_uart_write.o)
 .data          0x0000000000048118        0x0 ../practica_guitarra_bsp/\libhal_bsp.a(altera_avalon_timer_sc.o)
 .data          0x0000000000048118        0x0 ../practica_guitarra_bsp/\libhal_bsp.a(altera_avalon_uart_fd.o)
 .data          0x0000000000048118        0x0 ../practica_guitarra_bsp/\libhal_bsp.a(altera_avalon_uart_init.o)
 .data          0x0000000000048118        0x0 ../practica_guitarra_bsp/\libhal_bsp.a(altera_avalon_uart_read.o)
 .data          0x0000000000048118        0x0 ../practica_guitarra_bsp/\libhal_bsp.a(altera_avalon_uart_write.o)
 .data          0x0000000000048118        0x0 ../practica_guitarra_bsp/\libhal_bsp.a(alt_alarm_start.o)
 .data          0x0000000000048118        0x0 ../practica_guitarra_bsp/\libhal_bsp.a(alt_busy_sleep.o)
 .data          0x0000000000048118        0x0 ../practica_guitarra_bsp/\libhal_bsp.a(alt_dcache_flush_all.o)
 .data          0x0000000000048118        0x0 ../practica_guitarra_bsp/\libhal_bsp.a(alt_dev_llist_insert.o)
 .data          0x0000000000048118        0x0 ../practica_guitarra_bsp/\libhal_bsp.a(alt_do_ctors.o)
 .data          0x0000000000048118        0x0 ../practica_guitarra_bsp/\libhal_bsp.a(alt_do_dtors.o)
 .data          0x0000000000048118        0x0 ../practica_guitarra_bsp/\libhal_bsp.a(alt_icache_flush_all.o)
 .data          0x0000000000048118        0x0 ../practica_guitarra_bsp/\libhal_bsp.a(alt_iic.o)
 .data          0x0000000000048118        0x0 ../practica_guitarra_bsp/\libhal_bsp.a(alt_iic_isr_register.o)
 .data          0x0000000000048118        0x0 ../practica_guitarra_bsp/\libhal_bsp.a(alt_io_redirect.o)
 .data          0x0000000000048118        0x0 ../practica_guitarra_bsp/\libhal_bsp.a(alt_irq_entry.o)
 .data          0x0000000000048118        0x0 ../practica_guitarra_bsp/\libhal_bsp.a(alt_irq_handler.o)
 .data          0x0000000000048118        0x0 ../practica_guitarra_bsp/\libhal_bsp.a(alt_irq_vars.o)
 .data          0x0000000000048118        0x0 ../practica_guitarra_bsp/\libhal_bsp.a(alt_open.o)
 .data          0x0000000000048118        0x0 ../practica_guitarra_bsp/\libhal_bsp.a(alt_tick.o)
 .data          0x0000000000048118        0x0 ../practica_guitarra_bsp/\libhal_bsp.a(altera_nios2_gen2_irq.o)
 .data          0x0000000000048118        0x0 ../practica_guitarra_bsp/\libhal_bsp.a(alt_exception_entry.o)
 .data          0x0000000000048118        0x0 ../practica_guitarra_bsp/\libhal_bsp.a(alt_find_dev.o)
 .data          0x0000000000048118        0x0 ../practica_guitarra_bsp/\libhal_bsp.a(alt_find_file.o)
 .data          0x0000000000048118        0x0 ../practica_guitarra_bsp/\libhal_bsp.a(alt_get_fd.o)
 .data          0x0000000000048118        0x0 ../practica_guitarra_bsp/\libhal_bsp.a(alt_instruction_exception_entry.o)
 .data          0x0000000000048118        0x0 c:/altera/15.0/nios2eds/bin/gnu/h-x86_64-mingw32/bin/../lib/gcc/nios2-elf/4.9.1/../../../../../H-x86_64-mingw32/nios2-elf/lib/mno-hw-mul\libc.a(lib_a-atexit.o)
 .data          0x0000000000048118        0x0 c:/altera/15.0/nios2eds/bin/gnu/h-x86_64-mingw32/bin/../lib/gcc/nios2-elf/4.9.1/../../../../../H-x86_64-mingw32/nios2-elf/lib/mno-hw-mul\libc.a(lib_a-exit.o)
 .data          0x0000000000048118        0x0 c:/altera/15.0/nios2eds/bin/gnu/h-x86_64-mingw32/bin/../lib/gcc/nios2-elf/4.9.1/../../../../../H-x86_64-mingw32/nios2-elf/lib/mno-hw-mul\libc.a(lib_a-memcmp.o)
 .data          0x0000000000048118        0x0 c:/altera/15.0/nios2eds/bin/gnu/h-x86_64-mingw32/bin/../lib/gcc/nios2-elf/4.9.1/../../../../../H-x86_64-mingw32/nios2-elf/lib/mno-hw-mul\libc.a(lib_a-__atexit.o)
 .data          0x0000000000048118        0x0 c:/altera/15.0/nios2eds/bin/gnu/h-x86_64-mingw32/bin/../lib/gcc/nios2-elf/4.9.1/../../../../../H-x86_64-mingw32/nios2-elf/lib/mno-hw-mul\libc.a(lib_a-__call_atexit.o)
 .data          0x0000000000048118        0x0 ../practica_guitarra_bsp/\libhal_bsp.a(alt_exit.o)
                0x0000000000050118                _gp = ABSOLUTE ((. + 0x8000))
                0x0000000000050118                PROVIDE (gp, _gp)
 *(.rwdata .rwdata.*)
 *(.sdata .sdata.* .gnu.linkonce.s.*)
 .sdata         0x0000000000048118        0x8 c:/altera/15.0/nios2eds/bin/gnu/h-x86_64-mingw32/bin/../lib/gcc/nios2-elf/4.9.1/../../../../../H-x86_64-mingw32/nios2-elf/lib/mno-hw-mul\libc.a(lib_a-impure.o)
                0x0000000000048118                _global_impure_ptr
                0x000000000004811c                _impure_ptr
 .sdata         0x0000000000048120        0x8 c:/altera/15.0/nios2eds/bin/gnu/h-x86_64-mingw32/bin/../lib/gcc/nios2-elf/4.9.1/../../../../../H-x86_64-mingw32/nios2-elf/lib/mno-hw-mul\libc.a(lib_a-mallocr.o)
                0x0000000000048120                __malloc_sbrk_base
                0x0000000000048124                __malloc_trim_threshold
 .sdata         0x0000000000048128       0x14 ../practica_guitarra_bsp/\libhal_bsp.a(alt_dev.o)
                0x0000000000048128                alt_fs_list
                0x0000000000048130                alt_dev_list
                0x0000000000048138                alt_max_fd
 .sdata         0x000000000004813c        0x4 ../practica_guitarra_bsp/\libhal_bsp.a(alt_errno.o)
                0x000000000004813c                alt_errno
 .sdata         0x0000000000048140        0x4 ../practica_guitarra_bsp/\libhal_bsp.a(alt_sbrk.o)
 .sdata         0x0000000000048144        0x4 ../practica_guitarra_bsp/\libhal_bsp.a(alt_irq_vars.o)
                0x0000000000048144                alt_priority_mask
 .sdata         0x0000000000048148        0x8 ../practica_guitarra_bsp/\libhal_bsp.a(alt_tick.o)
                0x0000000000048148                alt_alarm_list
 *(.sdata2 .sdata2.* .gnu.linkonce.s2.*)
                0x0000000000048150                . = ALIGN (0x4)
                0x0000000000048150                _edata = ABSOLUTE (.)
                0x0000000000048150                PROVIDE (edata, ABSOLUTE (.))
                0x0000000000048150                PROVIDE (__ram_rwdata_end, ABSOLUTE (.))
                0x0000000000048150                PROVIDE (__flash_rwdata_start, LOADADDR (.rwdata))

.bss            0x0000000000049c80      0x154
                0x0000000000049c80                __bss_start = ABSOLUTE (.)
                0x0000000000049c80                PROVIDE (__sbss_start, ABSOLUTE (.))
                0x0000000000049c80                PROVIDE (___sbss_start, ABSOLUTE (.))
 *(.dynsbss)
 *(.sbss .sbss.* .gnu.linkonce.sb.*)
 .sbss          0x0000000000049c80        0xc c:/altera/15.0/nios2eds/bin/gnu/h-x86_64-mingw32/bin/../lib/gcc/nios2-elf/4.9.1/../../../../../H-x86_64-mingw32/nios2-elf/lib/mno-hw-mul\libc.a(lib_a-mallocr.o)
                0x0000000000049c80                __malloc_max_total_mem
                0x0000000000049c84                __malloc_max_sbrked_mem
                0x0000000000049c88                __malloc_top_pad
 .sbss          0x0000000000049c8c        0x4 c:/altera/15.0/nios2eds/bin/gnu/h-x86_64-mingw32/bin/../lib/gcc/nios2-elf/4.9.1/../../../../../H-x86_64-mingw32/nios2-elf/lib/mno-hw-mul\libc.a(lib_a-int_errno.o)
                0x0000000000049c8c                errno
 .sbss          0x0000000000049c90        0xc ../practica_guitarra_bsp/\libhal_bsp.a(alt_main.o)
                0x0000000000049c90                alt_argc
                0x0000000000049c94                alt_argv
                0x0000000000049c98                alt_envp
 .sbss          0x0000000000049c9c        0x4 ../practica_guitarra_bsp/\libhal_bsp.a(alt_irq_vars.o)
                0x0000000000049c9c                alt_irq_active
 .sbss          0x0000000000049ca0        0x8 ../practica_guitarra_bsp/\libhal_bsp.a(alt_tick.o)
                0x0000000000049ca0                _alt_tick_rate
                0x0000000000049ca4                _alt_nticks
 .sbss          0x0000000000049ca8        0x4 ../practica_guitarra_bsp/\libhal_bsp.a(alt_instruction_exception_entry.o)
                0x0000000000049ca8                alt_instruction_exception_handler
 *(.sbss2 .sbss2.* .gnu.linkonce.sb2.*)
 *(.scommon)
                0x0000000000049cac                PROVIDE (__sbss_end, ABSOLUTE (.))
                0x0000000000049cac                PROVIDE (___sbss_end, ABSOLUTE (.))
 *(.dynbss)
 *(.bss .bss.* .gnu.linkonce.b.*)
 .bss           0x0000000000049cac        0x0 ../practica_guitarra_bsp//obj/HAL/src/crt0.o
 .bss           0x0000000000049cac        0x0 obj/default/hello_world.o
 .bss           0x0000000000049cac        0x0 obj/default/karplus/karplus.o
 .bss           0x0000000000049cac        0x0 c:/altera/15.0/nios2eds/bin/gnu/h-x86_64-mingw32/bin/../lib/gcc/nios2-elf/4.9.1/mno-hw-mul\libgcc.a(lib2-divmod.o)
 .bss           0x0000000000049cac        0x0 c:/altera/15.0/nios2eds/bin/gnu/h-x86_64-mingw32/bin/../lib/gcc/nios2-elf/4.9.1/mno-hw-mul\libgcc.a(lib2-mul.o)
 .bss           0x0000000000049cac        0x0 c:/altera/15.0/nios2eds/bin/gnu/h-x86_64-mingw32/bin/../lib/gcc/nios2-elf/4.9.1/../../../../../H-x86_64-mingw32/nios2-elf/lib/mno-hw-mul\libc.a(lib_a-puts.o)
 .bss           0x0000000000049cac        0x0 c:/altera/15.0/nios2eds/bin/gnu/h-x86_64-mingw32/bin/../lib/gcc/nios2-elf/4.9.1/../../../../../H-x86_64-mingw32/nios2-elf/lib/mno-hw-mul\libc.a(lib_a-rand.o)
 .bss           0x0000000000049cac        0x0 c:/altera/15.0/nios2eds/bin/gnu/h-x86_64-mingw32/bin/../lib/gcc/nios2-elf/4.9.1/../../../../../H-x86_64-mingw32/nios2-elf/lib/mno-hw-mul\libc.a(lib_a-strlen.o)
 .bss           0x0000000000049cac        0x0 c:/altera/15.0/nios2eds/bin/gnu/h-x86_64-mingw32/bin/../lib/gcc/nios2-elf/4.9.1/../../../../../H-x86_64-mingw32/nios2-elf/lib/mno-hw-mul\libc.a(lib_a-fvwrite.o)
 .bss           0x0000000000049cac        0x0 c:/altera/15.0/nios2eds/bin/gnu/h-x86_64-mingw32/bin/../lib/gcc/nios2-elf/4.9.1/../../../../../H-x86_64-mingw32/nios2-elf/lib/mno-hw-mul\libc.a(lib_a-impure.o)
 .bss           0x0000000000049cac       0x28 c:/altera/15.0/nios2eds/bin/gnu/h-x86_64-mingw32/bin/../lib/gcc/nios2-elf/4.9.1/../../../../../H-x86_64-mingw32/nios2-elf/lib/mno-hw-mul\libc.a(lib_a-mallocr.o)
                0x0000000000049cac                __malloc_current_mallinfo
 .bss           0x0000000000049cd4        0x0 c:/altera/15.0/nios2eds/bin/gnu/h-x86_64-mingw32/bin/../lib/gcc/nios2-elf/4.9.1/../../../../../H-x86_64-mingw32/nios2-elf/lib/mno-hw-mul\libc.a(lib_a-memchr.o)
 .bss           0x0000000000049cd4        0x0 c:/altera/15.0/nios2eds/bin/gnu/h-x86_64-mingw32/bin/../lib/gcc/nios2-elf/4.9.1/../../../../../H-x86_64-mingw32/nios2-elf/lib/mno-hw-mul\libc.a(lib_a-memcpy.o)
 .bss           0x0000000000049cd4        0x0 c:/altera/15.0/nios2eds/bin/gnu/h-x86_64-mingw32/bin/../lib/gcc/nios2-elf/4.9.1/../../../../../H-x86_64-mingw32/nios2-elf/lib/mno-hw-mul\libc.a(lib_a-memmove.o)
 .bss           0x0000000000049cd4        0x0 c:/altera/15.0/nios2eds/bin/gnu/h-x86_64-mingw32/bin/../lib/gcc/nios2-elf/4.9.1/../../../../../H-x86_64-mingw32/nios2-elf/lib/mno-hw-mul\libc.a(lib_a-reallocr.o)
 .bss           0x0000000000049cd4        0x0 c:/altera/15.0/nios2eds/bin/gnu/h-x86_64-mingw32/bin/../lib/gcc/nios2-elf/4.9.1/../../../../../H-x86_64-mingw32/nios2-elf/lib/mno-hw-mul\libc.a(lib_a-sbrkr.o)
 .bss           0x0000000000049cd4        0x0 c:/altera/15.0/nios2eds/bin/gnu/h-x86_64-mingw32/bin/../lib/gcc/nios2-elf/4.9.1/../../../../../H-x86_64-mingw32/nios2-elf/lib/mno-hw-mul\libc.a(lib_a-wsetup.o)
 .bss           0x0000000000049cd4        0x0 c:/altera/15.0/nios2eds/bin/gnu/h-x86_64-mingw32/bin/../lib/gcc/nios2-elf/4.9.1/../../../../../H-x86_64-mingw32/nios2-elf/lib/mno-hw-mul\libc.a(lib_a-fflush.o)
 .bss           0x0000000000049cd4        0x0 c:/altera/15.0/nios2eds/bin/gnu/h-x86_64-mingw32/bin/../lib/gcc/nios2-elf/4.9.1/../../../../../H-x86_64-mingw32/nios2-elf/lib/mno-hw-mul\libc.a(lib_a-findfp.o)
 .bss           0x0000000000049cd4        0x0 c:/altera/15.0/nios2eds/bin/gnu/h-x86_64-mingw32/bin/../lib/gcc/nios2-elf/4.9.1/../../../../../H-x86_64-mingw32/nios2-elf/lib/mno-hw-mul\libc.a(lib_a-freer.o)
 .bss           0x0000000000049cd4        0x0 c:/altera/15.0/nios2eds/bin/gnu/h-x86_64-mingw32/bin/../lib/gcc/nios2-elf/4.9.1/../../../../../H-x86_64-mingw32/nios2-elf/lib/mno-hw-mul\libc.a(lib_a-fwalk.o)
 .bss           0x0000000000049cd4        0x0 c:/altera/15.0/nios2eds/bin/gnu/h-x86_64-mingw32/bin/../lib/gcc/nios2-elf/4.9.1/../../../../../H-x86_64-mingw32/nios2-elf/lib/mno-hw-mul\libc.a(lib_a-int_errno.o)
 .bss           0x0000000000049cd4        0x0 c:/altera/15.0/nios2eds/bin/gnu/h-x86_64-mingw32/bin/../lib/gcc/nios2-elf/4.9.1/../../../../../H-x86_64-mingw32/nios2-elf/lib/mno-hw-mul\libc.a(lib_a-makebuf.o)
 .bss           0x0000000000049cd4        0x0 c:/altera/15.0/nios2eds/bin/gnu/h-x86_64-mingw32/bin/../lib/gcc/nios2-elf/4.9.1/../../../../../H-x86_64-mingw32/nios2-elf/lib/mno-hw-mul\libc.a(lib_a-memset.o)
 .bss           0x0000000000049cd4        0x0 c:/altera/15.0/nios2eds/bin/gnu/h-x86_64-mingw32/bin/../lib/gcc/nios2-elf/4.9.1/../../../../../H-x86_64-mingw32/nios2-elf/lib/mno-hw-mul\libc.a(lib_a-stdio.o)
 .bss           0x0000000000049cd4        0x0 c:/altera/15.0/nios2eds/bin/gnu/h-x86_64-mingw32/bin/../lib/gcc/nios2-elf/4.9.1/../../../../../H-x86_64-mingw32/nios2-elf/lib/mno-hw-mul\libc.a(lib_a-writer.o)
 .bss           0x0000000000049cd4        0x0 c:/altera/15.0/nios2eds/bin/gnu/h-x86_64-mingw32/bin/../lib/gcc/nios2-elf/4.9.1/../../../../../H-x86_64-mingw32/nios2-elf/lib/mno-hw-mul\libc.a(closer.o)
 .bss           0x0000000000049cd4        0x0 c:/altera/15.0/nios2eds/bin/gnu/h-x86_64-mingw32/bin/../lib/gcc/nios2-elf/4.9.1/../../../../../H-x86_64-mingw32/nios2-elf/lib/mno-hw-mul\libc.a(lib_a-fclose.o)
 .bss           0x0000000000049cd4        0x0 c:/altera/15.0/nios2eds/bin/gnu/h-x86_64-mingw32/bin/../lib/gcc/nios2-elf/4.9.1/../../../../../H-x86_64-mingw32/nios2-elf/lib/mno-hw-mul\libc.a(lib_a-fstatr.o)
 .bss           0x0000000000049cd4        0x0 c:/altera/15.0/nios2eds/bin/gnu/h-x86_64-mingw32/bin/../lib/gcc/nios2-elf/4.9.1/../../../../../H-x86_64-mingw32/nios2-elf/lib/mno-hw-mul\libc.a(lib_a-isattyr.o)
 .bss           0x0000000000049cd4        0x0 c:/altera/15.0/nios2eds/bin/gnu/h-x86_64-mingw32/bin/../lib/gcc/nios2-elf/4.9.1/../../../../../H-x86_64-mingw32/nios2-elf/lib/mno-hw-mul\libc.a(lib_a-lseekr.o)
 .bss           0x0000000000049cd4        0x0 c:/altera/15.0/nios2eds/bin/gnu/h-x86_64-mingw32/bin/../lib/gcc/nios2-elf/4.9.1/../../../../../H-x86_64-mingw32/nios2-elf/lib/mno-hw-mul\libc.a(lib_a-readr.o)
 .bss           0x0000000000049cd4        0x0 c:/altera/15.0/nios2eds/bin/gnu/h-x86_64-mingw32/bin/../lib/gcc/nios2-elf/4.9.1/mno-hw-mul\libgcc.a(_muldi3.o)
 .bss           0x0000000000049cd4        0x0 ../practica_guitarra_bsp/\libhal_bsp.a(alt_close.o)
 .bss           0x0000000000049cd4        0x0 ../practica_guitarra_bsp/\libhal_bsp.a(alt_dev.o)
 .bss           0x0000000000049cd4        0x0 ../practica_guitarra_bsp/\libhal_bsp.a(alt_errno.o)
 .bss           0x0000000000049cd4        0x0 ../practica_guitarra_bsp/\libhal_bsp.a(alt_fstat.o)
 .bss           0x0000000000049cd4        0x0 ../practica_guitarra_bsp/\libhal_bsp.a(alt_isatty.o)
 .bss           0x0000000000049cd4        0x0 ../practica_guitarra_bsp/\libhal_bsp.a(alt_load.o)
 .bss           0x0000000000049cd4        0x0 ../practica_guitarra_bsp/\libhal_bsp.a(alt_lseek.o)
 .bss           0x0000000000049cd4        0x0 ../practica_guitarra_bsp/\libhal_bsp.a(alt_main.o)
 .bss           0x0000000000049cd4        0x0 ../practica_guitarra_bsp/\libhal_bsp.a(alt_malloc_lock.o)
 .bss           0x0000000000049cd4        0x0 ../practica_guitarra_bsp/\libhal_bsp.a(alt_read.o)
 .bss           0x0000000000049cd4        0x0 ../practica_guitarra_bsp/\libhal_bsp.a(alt_release_fd.o)
 .bss           0x0000000000049cd4        0x0 ../practica_guitarra_bsp/\libhal_bsp.a(alt_sbrk.o)
 .bss           0x0000000000049cd4        0x0 ../practica_guitarra_bsp/\libhal_bsp.a(alt_usleep.o)
 .bss           0x0000000000049cd4        0x0 ../practica_guitarra_bsp/\libhal_bsp.a(alt_write.o)
 .bss           0x0000000000049cd4        0x0 ../practica_guitarra_bsp/\libhal_bsp.a(alt_sys_init.o)
 .bss           0x0000000000049cd4        0x0 ../practica_guitarra_bsp/\libhal_bsp.a(altera_avalon_jtag_uart_fd.o)
 .bss           0x0000000000049cd4        0x0 ../practica_guitarra_bsp/\libhal_bsp.a(altera_avalon_jtag_uart_init.o)
 .bss           0x0000000000049cd4        0x0 ../practica_guitarra_bsp/\libhal_bsp.a(altera_avalon_jtag_uart_ioctl.o)
 .bss           0x0000000000049cd4        0x0 ../practica_guitarra_bsp/\libhal_bsp.a(altera_avalon_jtag_uart_read.o)
 .bss           0x0000000000049cd4        0x0 ../practica_guitarra_bsp/\libhal_bsp.a(altera_avalon_jtag_uart_write.o)
 .bss           0x0000000000049cd4        0x0 ../practica_guitarra_bsp/\libhal_bsp.a(altera_avalon_timer_sc.o)
 .bss           0x0000000000049cd4        0x0 ../practica_guitarra_bsp/\libhal_bsp.a(altera_avalon_uart_fd.o)
 .bss           0x0000000000049cd4        0x0 ../practica_guitarra_bsp/\libhal_bsp.a(altera_avalon_uart_init.o)
 .bss           0x0000000000049cd4        0x0 ../practica_guitarra_bsp/\libhal_bsp.a(altera_avalon_uart_read.o)
 .bss           0x0000000000049cd4        0x0 ../practica_guitarra_bsp/\libhal_bsp.a(altera_avalon_uart_write.o)
 .bss           0x0000000000049cd4        0x0 ../practica_guitarra_bsp/\libhal_bsp.a(alt_alarm_start.o)
 .bss           0x0000000000049cd4        0x0 ../practica_guitarra_bsp/\libhal_bsp.a(alt_busy_sleep.o)
 .bss           0x0000000000049cd4        0x0 ../practica_guitarra_bsp/\libhal_bsp.a(alt_dcache_flush_all.o)
 .bss           0x0000000000049cd4        0x0 ../practica_guitarra_bsp/\libhal_bsp.a(alt_dev_llist_insert.o)
 .bss           0x0000000000049cd4        0x0 ../practica_guitarra_bsp/\libhal_bsp.a(alt_do_ctors.o)
 .bss           0x0000000000049cd4        0x0 ../practica_guitarra_bsp/\libhal_bsp.a(alt_do_dtors.o)
 .bss           0x0000000000049cd4        0x0 ../practica_guitarra_bsp/\libhal_bsp.a(alt_icache_flush_all.o)
 .bss           0x0000000000049cd4        0x0 ../practica_guitarra_bsp/\libhal_bsp.a(alt_iic.o)
 .bss           0x0000000000049cd4        0x0 ../practica_guitarra_bsp/\libhal_bsp.a(alt_iic_isr_register.o)
 .bss           0x0000000000049cd4        0x0 ../practica_guitarra_bsp/\libhal_bsp.a(alt_io_redirect.o)
 .bss           0x0000000000049cd4        0x0 ../practica_guitarra_bsp/\libhal_bsp.a(alt_irq_entry.o)
 .bss           0x0000000000049cd4        0x0 ../practica_guitarra_bsp/\libhal_bsp.a(alt_irq_handler.o)
 .bss           0x0000000000049cd4        0x0 ../practica_guitarra_bsp/\libhal_bsp.a(alt_irq_vars.o)
 .bss           0x0000000000049cd4        0x0 ../practica_guitarra_bsp/\libhal_bsp.a(alt_open.o)
 .bss           0x0000000000049cd4        0x0 ../practica_guitarra_bsp/\libhal_bsp.a(alt_tick.o)
 .bss           0x0000000000049cd4        0x0 ../practica_guitarra_bsp/\libhal_bsp.a(altera_nios2_gen2_irq.o)
 .bss           0x0000000000049cd4        0x0 ../practica_guitarra_bsp/\libhal_bsp.a(alt_exception_entry.o)
 .bss           0x0000000000049cd4        0x0 ../practica_guitarra_bsp/\libhal_bsp.a(alt_find_dev.o)
 .bss           0x0000000000049cd4        0x0 ../practica_guitarra_bsp/\libhal_bsp.a(alt_find_file.o)
 .bss           0x0000000000049cd4        0x0 ../practica_guitarra_bsp/\libhal_bsp.a(alt_get_fd.o)
 .bss           0x0000000000049cd4        0x0 ../practica_guitarra_bsp/\libhal_bsp.a(alt_instruction_exception_entry.o)
 .bss           0x0000000000049cd4        0x0 c:/altera/15.0/nios2eds/bin/gnu/h-x86_64-mingw32/bin/../lib/gcc/nios2-elf/4.9.1/../../../../../H-x86_64-mingw32/nios2-elf/lib/mno-hw-mul\libc.a(lib_a-atexit.o)
 .bss           0x0000000000049cd4        0x0 c:/altera/15.0/nios2eds/bin/gnu/h-x86_64-mingw32/bin/../lib/gcc/nios2-elf/4.9.1/../../../../../H-x86_64-mingw32/nios2-elf/lib/mno-hw-mul\libc.a(lib_a-exit.o)
 .bss           0x0000000000049cd4        0x0 c:/altera/15.0/nios2eds/bin/gnu/h-x86_64-mingw32/bin/../lib/gcc/nios2-elf/4.9.1/../../../../../H-x86_64-mingw32/nios2-elf/lib/mno-hw-mul\libc.a(lib_a-memcmp.o)
 .bss           0x0000000000049cd4        0x0 c:/altera/15.0/nios2eds/bin/gnu/h-x86_64-mingw32/bin/../lib/gcc/nios2-elf/4.9.1/../../../../../H-x86_64-mingw32/nios2-elf/lib/mno-hw-mul\libc.a(lib_a-__atexit.o)
 .bss           0x0000000000049cd4        0x0 c:/altera/15.0/nios2eds/bin/gnu/h-x86_64-mingw32/bin/../lib/gcc/nios2-elf/4.9.1/../../../../../H-x86_64-mingw32/nios2-elf/lib/mno-hw-mul\libc.a(lib_a-__call_atexit.o)
 .bss           0x0000000000049cd4        0x0 ../practica_guitarra_bsp/\libhal_bsp.a(alt_exit.o)
 *(COMMON)
 COMMON         0x0000000000049cd4      0x100 ../practica_guitarra_bsp/\libhal_bsp.a(alt_irq_handler.o)
                0x0000000000049cd4                alt_irq
                0x0000000000049dd4                . = ALIGN (0x4)
                0x0000000000049dd4                __bss_end = ABSOLUTE (.)

.RAM_jesus      0x0000000000049dd4        0x0
                0x0000000000049dd4                PROVIDE (_alt_partition_RAM_jesus_start, ABSOLUTE (.))
 *(.RAM_jesus .RAM_jesus. RAM_jesus.*)
                0x0000000000049dd4                . = ALIGN (0x4)
                0x0000000000049dd4                PROVIDE (_alt_partition_RAM_jesus_end, ABSOLUTE (.))
                0x0000000000049dd4                _end = ABSOLUTE (.)
                0x0000000000049dd4                end = ABSOLUTE (.)
                0x0000000000049dd4                __alt_stack_base = ABSOLUTE (.)
                0x0000000000049dd4                PROVIDE (_alt_partition_RAM_jesus_load_addr, LOADADDR (.RAM_jesus))

.stab
 *(.stab)

.stabstr
 *(.stabstr)

.stab.excl
 *(.stab.excl)

.stab.exclstr
 *(.stab.exclstr)

.stab.index
 *(.stab.index)

.stab.indexstr
 *(.stab.indexstr)

.comment        0x0000000000000000       0x23
 *(.comment)
 .comment       0x0000000000000000       0x23 obj/default/hello_world.o
                                         0x24 (size before relaxing)
 .comment       0x0000000000000000       0x24 obj/default/karplus/karplus.o
 .comment       0x0000000000000000       0x24 c:/altera/15.0/nios2eds/bin/gnu/h-x86_64-mingw32/bin/../lib/gcc/nios2-elf/4.9.1/mno-hw-mul\libgcc.a(lib2-divmod.o)
 .comment       0x0000000000000000       0x24 c:/altera/15.0/nios2eds/bin/gnu/h-x86_64-mingw32/bin/../lib/gcc/nios2-elf/4.9.1/mno-hw-mul\libgcc.a(lib2-mul.o)
 .comment       0x0000000000000000       0x24 c:/altera/15.0/nios2eds/bin/gnu/h-x86_64-mingw32/bin/../lib/gcc/nios2-elf/4.9.1/../../../../../H-x86_64-mingw32/nios2-elf/lib/mno-hw-mul\libc.a(lib_a-puts.o)
 .comment       0x0000000000000000       0x24 c:/altera/15.0/nios2eds/bin/gnu/h-x86_64-mingw32/bin/../lib/gcc/nios2-elf/4.9.1/../../../../../H-x86_64-mingw32/nios2-elf/lib/mno-hw-mul\libc.a(lib_a-rand.o)
 .comment       0x0000000000000000       0x24 c:/altera/15.0/nios2eds/bin/gnu/h-x86_64-mingw32/bin/../lib/gcc/nios2-elf/4.9.1/../../../../../H-x86_64-mingw32/nios2-elf/lib/mno-hw-mul\libc.a(lib_a-strlen.o)
 .comment       0x0000000000000000       0x24 c:/altera/15.0/nios2eds/bin/gnu/h-x86_64-mingw32/bin/../lib/gcc/nios2-elf/4.9.1/../../../../../H-x86_64-mingw32/nios2-elf/lib/mno-hw-mul\libc.a(lib_a-fvwrite.o)
 .comment       0x0000000000000000       0x24 c:/altera/15.0/nios2eds/bin/gnu/h-x86_64-mingw32/bin/../lib/gcc/nios2-elf/4.9.1/../../../../../H-x86_64-mingw32/nios2-elf/lib/mno-hw-mul\libc.a(lib_a-impure.o)
 .comment       0x0000000000000000       0x24 c:/altera/15.0/nios2eds/bin/gnu/h-x86_64-mingw32/bin/../lib/gcc/nios2-elf/4.9.1/../../../../../H-x86_64-mingw32/nios2-elf/lib/mno-hw-mul\libc.a(lib_a-mallocr.o)
 .comment       0x0000000000000000       0x24 c:/altera/15.0/nios2eds/bin/gnu/h-x86_64-mingw32/bin/../lib/gcc/nios2-elf/4.9.1/../../../../../H-x86_64-mingw32/nios2-elf/lib/mno-hw-mul\libc.a(lib_a-memchr.o)
 .comment       0x0000000000000000       0x24 c:/altera/15.0/nios2eds/bin/gnu/h-x86_64-mingw32/bin/../lib/gcc/nios2-elf/4.9.1/../../../../../H-x86_64-mingw32/nios2-elf/lib/mno-hw-mul\libc.a(lib_a-memcpy.o)
 .comment       0x0000000000000000       0x24 c:/altera/15.0/nios2eds/bin/gnu/h-x86_64-mingw32/bin/../lib/gcc/nios2-elf/4.9.1/../../../../../H-x86_64-mingw32/nios2-elf/lib/mno-hw-mul\libc.a(lib_a-memmove.o)
 .comment       0x0000000000000000       0x24 c:/altera/15.0/nios2eds/bin/gnu/h-x86_64-mingw32/bin/../lib/gcc/nios2-elf/4.9.1/../../../../../H-x86_64-mingw32/nios2-elf/lib/mno-hw-mul\libc.a(lib_a-reallocr.o)
 .comment       0x0000000000000000       0x24 c:/altera/15.0/nios2eds/bin/gnu/h-x86_64-mingw32/bin/../lib/gcc/nios2-elf/4.9.1/../../../../../H-x86_64-mingw32/nios2-elf/lib/mno-hw-mul\libc.a(lib_a-sbrkr.o)
 .comment       0x0000000000000000       0x24 c:/altera/15.0/nios2eds/bin/gnu/h-x86_64-mingw32/bin/../lib/gcc/nios2-elf/4.9.1/../../../../../H-x86_64-mingw32/nios2-elf/lib/mno-hw-mul\libc.a(lib_a-wsetup.o)
 .comment       0x0000000000000000       0x24 c:/altera/15.0/nios2eds/bin/gnu/h-x86_64-mingw32/bin/../lib/gcc/nios2-elf/4.9.1/../../../../../H-x86_64-mingw32/nios2-elf/lib/mno-hw-mul\libc.a(lib_a-fflush.o)
 .comment       0x0000000000000000       0x24 c:/altera/15.0/nios2eds/bin/gnu/h-x86_64-mingw32/bin/../lib/gcc/nios2-elf/4.9.1/../../../../../H-x86_64-mingw32/nios2-elf/lib/mno-hw-mul\libc.a(lib_a-findfp.o)
 .comment       0x0000000000000000       0x24 c:/altera/15.0/nios2eds/bin/gnu/h-x86_64-mingw32/bin/../lib/gcc/nios2-elf/4.9.1/../../../../../H-x86_64-mingw32/nios2-elf/lib/mno-hw-mul\libc.a(lib_a-freer.o)
 .comment       0x0000000000000000       0x24 c:/altera/15.0/nios2eds/bin/gnu/h-x86_64-mingw32/bin/../lib/gcc/nios2-elf/4.9.1/../../../../../H-x86_64-mingw32/nios2-elf/lib/mno-hw-mul\libc.a(lib_a-fwalk.o)
 .comment       0x0000000000000000       0x24 c:/altera/15.0/nios2eds/bin/gnu/h-x86_64-mingw32/bin/../lib/gcc/nios2-elf/4.9.1/../../../../../H-x86_64-mingw32/nios2-elf/lib/mno-hw-mul\libc.a(lib_a-int_errno.o)
 .comment       0x0000000000000000       0x24 c:/altera/15.0/nios2eds/bin/gnu/h-x86_64-mingw32/bin/../lib/gcc/nios2-elf/4.9.1/../../../../../H-x86_64-mingw32/nios2-elf/lib/mno-hw-mul\libc.a(lib_a-makebuf.o)
 .comment       0x0000000000000000       0x24 c:/altera/15.0/nios2eds/bin/gnu/h-x86_64-mingw32/bin/../lib/gcc/nios2-elf/4.9.1/../../../../../H-x86_64-mingw32/nios2-elf/lib/mno-hw-mul\libc.a(lib_a-memset.o)
 .comment       0x0000000000000000       0x24 c:/altera/15.0/nios2eds/bin/gnu/h-x86_64-mingw32/bin/../lib/gcc/nios2-elf/4.9.1/../../../../../H-x86_64-mingw32/nios2-elf/lib/mno-hw-mul\libc.a(lib_a-stdio.o)
 .comment       0x0000000000000000       0x24 c:/altera/15.0/nios2eds/bin/gnu/h-x86_64-mingw32/bin/../lib/gcc/nios2-elf/4.9.1/../../../../../H-x86_64-mingw32/nios2-elf/lib/mno-hw-mul\libc.a(lib_a-writer.o)
 .comment       0x0000000000000000       0x24 c:/altera/15.0/nios2eds/bin/gnu/h-x86_64-mingw32/bin/../lib/gcc/nios2-elf/4.9.1/../../../../../H-x86_64-mingw32/nios2-elf/lib/mno-hw-mul\libc.a(closer.o)
 .comment       0x0000000000000000       0x24 c:/altera/15.0/nios2eds/bin/gnu/h-x86_64-mingw32/bin/../lib/gcc/nios2-elf/4.9.1/../../../../../H-x86_64-mingw32/nios2-elf/lib/mno-hw-mul\libc.a(lib_a-fclose.o)
 .comment       0x0000000000000000       0x24 c:/altera/15.0/nios2eds/bin/gnu/h-x86_64-mingw32/bin/../lib/gcc/nios2-elf/4.9.1/../../../../../H-x86_64-mingw32/nios2-elf/lib/mno-hw-mul\libc.a(lib_a-fstatr.o)
 .comment       0x0000000000000000       0x24 c:/altera/15.0/nios2eds/bin/gnu/h-x86_64-mingw32/bin/../lib/gcc/nios2-elf/4.9.1/../../../../../H-x86_64-mingw32/nios2-elf/lib/mno-hw-mul\libc.a(lib_a-isattyr.o)
 .comment       0x0000000000000000       0x24 c:/altera/15.0/nios2eds/bin/gnu/h-x86_64-mingw32/bin/../lib/gcc/nios2-elf/4.9.1/../../../../../H-x86_64-mingw32/nios2-elf/lib/mno-hw-mul\libc.a(lib_a-lseekr.o)
 .comment       0x0000000000000000       0x24 c:/altera/15.0/nios2eds/bin/gnu/h-x86_64-mingw32/bin/../lib/gcc/nios2-elf/4.9.1/../../../../../H-x86_64-mingw32/nios2-elf/lib/mno-hw-mul\libc.a(lib_a-readr.o)
 .comment       0x0000000000000000       0x24 c:/altera/15.0/nios2eds/bin/gnu/h-x86_64-mingw32/bin/../lib/gcc/nios2-elf/4.9.1/mno-hw-mul\libgcc.a(_muldi3.o)
 .comment       0x0000000000000000       0x24 ../practica_guitarra_bsp/\libhal_bsp.a(alt_close.o)
 .comment       0x0000000000000000       0x24 ../practica_guitarra_bsp/\libhal_bsp.a(alt_dev.o)
 .comment       0x0000000000000000       0x24 ../practica_guitarra_bsp/\libhal_bsp.a(alt_errno.o)
 .comment       0x0000000000000000       0x24 ../practica_guitarra_bsp/\libhal_bsp.a(alt_fstat.o)
 .comment       0x0000000000000000       0x24 ../practica_guitarra_bsp/\libhal_bsp.a(alt_isatty.o)
 .comment       0x0000000000000000       0x24 ../practica_guitarra_bsp/\libhal_bsp.a(alt_load.o)
 .comment       0x0000000000000000       0x24 ../practica_guitarra_bsp/\libhal_bsp.a(alt_lseek.o)
 .comment       0x0000000000000000       0x24 ../practica_guitarra_bsp/\libhal_bsp.a(alt_main.o)
 .comment       0x0000000000000000       0x24 ../practica_guitarra_bsp/\libhal_bsp.a(alt_malloc_lock.o)
 .comment       0x0000000000000000       0x24 ../practica_guitarra_bsp/\libhal_bsp.a(alt_read.o)
 .comment       0x0000000000000000       0x24 ../practica_guitarra_bsp/\libhal_bsp.a(alt_release_fd.o)
 .comment       0x0000000000000000       0x24 ../practica_guitarra_bsp/\libhal_bsp.a(alt_sbrk.o)
 .comment       0x0000000000000000       0x24 ../practica_guitarra_bsp/\libhal_bsp.a(alt_usleep.o)
 .comment       0x0000000000000000       0x24 ../practica_guitarra_bsp/\libhal_bsp.a(alt_write.o)
 .comment       0x0000000000000000       0x24 ../practica_guitarra_bsp/\libhal_bsp.a(alt_sys_init.o)
 .comment       0x0000000000000000       0x24 ../practica_guitarra_bsp/\libhal_bsp.a(altera_avalon_jtag_uart_fd.o)
 .comment       0x0000000000000000       0x24 ../practica_guitarra_bsp/\libhal_bsp.a(altera_avalon_jtag_uart_init.o)
 .comment       0x0000000000000000       0x24 ../practica_guitarra_bsp/\libhal_bsp.a(altera_avalon_jtag_uart_ioctl.o)
 .comment       0x0000000000000000       0x24 ../practica_guitarra_bsp/\libhal_bsp.a(altera_avalon_jtag_uart_read.o)
 .comment       0x0000000000000000       0x24 ../practica_guitarra_bsp/\libhal_bsp.a(altera_avalon_jtag_uart_write.o)
 .comment       0x0000000000000000       0x24 ../practica_guitarra_bsp/\libhal_bsp.a(altera_avalon_timer_sc.o)
 .comment       0x0000000000000000       0x24 ../practica_guitarra_bsp/\libhal_bsp.a(altera_avalon_uart_fd.o)
 .comment       0x0000000000000000       0x24 ../practica_guitarra_bsp/\libhal_bsp.a(altera_avalon_uart_init.o)
 .comment       0x0000000000000000       0x24 ../practica_guitarra_bsp/\libhal_bsp.a(altera_avalon_uart_read.o)
 .comment       0x0000000000000000       0x24 ../practica_guitarra_bsp/\libhal_bsp.a(altera_avalon_uart_write.o)
 .comment       0x0000000000000000       0x24 ../practica_guitarra_bsp/\libhal_bsp.a(alt_alarm_start.o)
 .comment       0x0000000000000000       0x24 ../practica_guitarra_bsp/\libhal_bsp.a(alt_busy_sleep.o)
 .comment       0x0000000000000000       0x24 ../practica_guitarra_bsp/\libhal_bsp.a(alt_dcache_flush_all.o)
 .comment       0x0000000000000000       0x24 ../practica_guitarra_bsp/\libhal_bsp.a(alt_dev_llist_insert.o)
 .comment       0x0000000000000000       0x24 ../practica_guitarra_bsp/\libhal_bsp.a(alt_do_ctors.o)
 .comment       0x0000000000000000       0x24 ../practica_guitarra_bsp/\libhal_bsp.a(alt_do_dtors.o)
 .comment       0x0000000000000000       0x24 ../practica_guitarra_bsp/\libhal_bsp.a(alt_icache_flush_all.o)
 .comment       0x0000000000000000       0x24 ../practica_guitarra_bsp/\libhal_bsp.a(alt_iic.o)
 .comment       0x0000000000000000       0x24 ../practica_guitarra_bsp/\libhal_bsp.a(alt_iic_isr_register.o)
 .comment       0x0000000000000000       0x24 ../practica_guitarra_bsp/\libhal_bsp.a(alt_io_redirect.o)
 .comment       0x0000000000000000       0x24 ../practica_guitarra_bsp/\libhal_bsp.a(alt_irq_handler.o)
 .comment       0x0000000000000000       0x24 ../practica_guitarra_bsp/\libhal_bsp.a(alt_irq_vars.o)
 .comment       0x0000000000000000       0x24 ../practica_guitarra_bsp/\libhal_bsp.a(alt_open.o)
 .comment       0x0000000000000000       0x24 ../practica_guitarra_bsp/\libhal_bsp.a(alt_tick.o)
 .comment       0x0000000000000000       0x24 ../practica_guitarra_bsp/\libhal_bsp.a(altera_nios2_gen2_irq.o)
 .comment       0x0000000000000000       0x24 ../practica_guitarra_bsp/\libhal_bsp.a(alt_find_dev.o)
 .comment       0x0000000000000000       0x24 ../practica_guitarra_bsp/\libhal_bsp.a(alt_find_file.o)
 .comment       0x0000000000000000       0x24 ../practica_guitarra_bsp/\libhal_bsp.a(alt_get_fd.o)
 .comment       0x0000000000000000       0x24 ../practica_guitarra_bsp/\libhal_bsp.a(alt_instruction_exception_entry.o)
 .comment       0x0000000000000000       0x24 c:/altera/15.0/nios2eds/bin/gnu/h-x86_64-mingw32/bin/../lib/gcc/nios2-elf/4.9.1/../../../../../H-x86_64-mingw32/nios2-elf/lib/mno-hw-mul\libc.a(lib_a-atexit.o)
 .comment       0x0000000000000000       0x24 c:/altera/15.0/nios2eds/bin/gnu/h-x86_64-mingw32/bin/../lib/gcc/nios2-elf/4.9.1/../../../../../H-x86_64-mingw32/nios2-elf/lib/mno-hw-mul\libc.a(lib_a-exit.o)
 .comment       0x0000000000000000       0x24 c:/altera/15.0/nios2eds/bin/gnu/h-x86_64-mingw32/bin/../lib/gcc/nios2-elf/4.9.1/../../../../../H-x86_64-mingw32/nios2-elf/lib/mno-hw-mul\libc.a(lib_a-memcmp.o)
 .comment       0x0000000000000000       0x24 c:/altera/15.0/nios2eds/bin/gnu/h-x86_64-mingw32/bin/../lib/gcc/nios2-elf/4.9.1/../../../../../H-x86_64-mingw32/nios2-elf/lib/mno-hw-mul\libc.a(lib_a-__atexit.o)
 .comment       0x0000000000000000       0x24 c:/altera/15.0/nios2eds/bin/gnu/h-x86_64-mingw32/bin/../lib/gcc/nios2-elf/4.9.1/../../../../../H-x86_64-mingw32/nios2-elf/lib/mno-hw-mul\libc.a(lib_a-__call_atexit.o)
 .comment       0x0000000000000000       0x24 ../practica_guitarra_bsp/\libhal_bsp.a(alt_exit.o)

.debug
 *(.debug)

.line
 *(.line)

.debug_srcinfo
 *(.debug_srcinfo)

.debug_sfnames
 *(.debug_sfnames)

.debug_aranges  0x0000000000000000      0xab8
 *(.debug_aranges)
 .debug_aranges
                0x0000000000000000       0x28 ../practica_guitarra_bsp//obj/HAL/src/crt0.o
 .debug_aranges
                0x0000000000000028       0x20 obj/default/hello_world.o
 .debug_aranges
                0x0000000000000048       0x20 obj/default/karplus/karplus.o
 .debug_aranges
                0x0000000000000068       0x20 c:/altera/15.0/nios2eds/bin/gnu/h-x86_64-mingw32/bin/../lib/gcc/nios2-elf/4.9.1/mno-hw-mul\libgcc.a(lib2-divmod.o)
 .debug_aranges
                0x0000000000000088       0x20 c:/altera/15.0/nios2eds/bin/gnu/h-x86_64-mingw32/bin/../lib/gcc/nios2-elf/4.9.1/mno-hw-mul\libgcc.a(lib2-mul.o)
 .debug_aranges
                0x00000000000000a8       0x20 c:/altera/15.0/nios2eds/bin/gnu/h-x86_64-mingw32/bin/../lib/gcc/nios2-elf/4.9.1/../../../../../H-x86_64-mingw32/nios2-elf/lib/mno-hw-mul\libc.a(lib_a-puts.o)
 .debug_aranges
                0x00000000000000c8       0x20 c:/altera/15.0/nios2eds/bin/gnu/h-x86_64-mingw32/bin/../lib/gcc/nios2-elf/4.9.1/../../../../../H-x86_64-mingw32/nios2-elf/lib/mno-hw-mul\libc.a(lib_a-rand.o)
 .debug_aranges
                0x00000000000000e8       0x20 c:/altera/15.0/nios2eds/bin/gnu/h-x86_64-mingw32/bin/../lib/gcc/nios2-elf/4.9.1/../../../../../H-x86_64-mingw32/nios2-elf/lib/mno-hw-mul\libc.a(lib_a-strlen.o)
 .debug_aranges
                0x0000000000000108       0x20 c:/altera/15.0/nios2eds/bin/gnu/h-x86_64-mingw32/bin/../lib/gcc/nios2-elf/4.9.1/../../../../../H-x86_64-mingw32/nios2-elf/lib/mno-hw-mul\libc.a(lib_a-fvwrite.o)
 .debug_aranges
                0x0000000000000128       0x18 c:/altera/15.0/nios2eds/bin/gnu/h-x86_64-mingw32/bin/../lib/gcc/nios2-elf/4.9.1/../../../../../H-x86_64-mingw32/nios2-elf/lib/mno-hw-mul\libc.a(lib_a-impure.o)
 .debug_aranges
                0x0000000000000140       0x20 c:/altera/15.0/nios2eds/bin/gnu/h-x86_64-mingw32/bin/../lib/gcc/nios2-elf/4.9.1/../../../../../H-x86_64-mingw32/nios2-elf/lib/mno-hw-mul\libc.a(lib_a-mallocr.o)
 .debug_aranges
                0x0000000000000160       0x20 c:/altera/15.0/nios2eds/bin/gnu/h-x86_64-mingw32/bin/../lib/gcc/nios2-elf/4.9.1/../../../../../H-x86_64-mingw32/nios2-elf/lib/mno-hw-mul\libc.a(lib_a-memchr.o)
 .debug_aranges
                0x0000000000000180       0x20 c:/altera/15.0/nios2eds/bin/gnu/h-x86_64-mingw32/bin/../lib/gcc/nios2-elf/4.9.1/../../../../../H-x86_64-mingw32/nios2-elf/lib/mno-hw-mul\libc.a(lib_a-memcpy.o)
 .debug_aranges
                0x00000000000001a0       0x20 c:/altera/15.0/nios2eds/bin/gnu/h-x86_64-mingw32/bin/../lib/gcc/nios2-elf/4.9.1/../../../../../H-x86_64-mingw32/nios2-elf/lib/mno-hw-mul\libc.a(lib_a-memmove.o)
 .debug_aranges
                0x00000000000001c0       0x20 c:/altera/15.0/nios2eds/bin/gnu/h-x86_64-mingw32/bin/../lib/gcc/nios2-elf/4.9.1/../../../../../H-x86_64-mingw32/nios2-elf/lib/mno-hw-mul\libc.a(lib_a-reallocr.o)
 .debug_aranges
                0x00000000000001e0       0x20 c:/altera/15.0/nios2eds/bin/gnu/h-x86_64-mingw32/bin/../lib/gcc/nios2-elf/4.9.1/../../../../../H-x86_64-mingw32/nios2-elf/lib/mno-hw-mul\libc.a(lib_a-sbrkr.o)
 .debug_aranges
                0x0000000000000200       0x20 c:/altera/15.0/nios2eds/bin/gnu/h-x86_64-mingw32/bin/../lib/gcc/nios2-elf/4.9.1/../../../../../H-x86_64-mingw32/nios2-elf/lib/mno-hw-mul\libc.a(lib_a-wsetup.o)
 .debug_aranges
                0x0000000000000220       0x20 c:/altera/15.0/nios2eds/bin/gnu/h-x86_64-mingw32/bin/../lib/gcc/nios2-elf/4.9.1/../../../../../H-x86_64-mingw32/nios2-elf/lib/mno-hw-mul\libc.a(lib_a-fflush.o)
 .debug_aranges
                0x0000000000000240       0x20 c:/altera/15.0/nios2eds/bin/gnu/h-x86_64-mingw32/bin/../lib/gcc/nios2-elf/4.9.1/../../../../../H-x86_64-mingw32/nios2-elf/lib/mno-hw-mul\libc.a(lib_a-findfp.o)
 .debug_aranges
                0x0000000000000260       0x20 c:/altera/15.0/nios2eds/bin/gnu/h-x86_64-mingw32/bin/../lib/gcc/nios2-elf/4.9.1/../../../../../H-x86_64-mingw32/nios2-elf/lib/mno-hw-mul\libc.a(lib_a-freer.o)
 .debug_aranges
                0x0000000000000280       0x20 c:/altera/15.0/nios2eds/bin/gnu/h-x86_64-mingw32/bin/../lib/gcc/nios2-elf/4.9.1/../../../../../H-x86_64-mingw32/nios2-elf/lib/mno-hw-mul\libc.a(lib_a-fwalk.o)
 .debug_aranges
                0x00000000000002a0       0x18 c:/altera/15.0/nios2eds/bin/gnu/h-x86_64-mingw32/bin/../lib/gcc/nios2-elf/4.9.1/../../../../../H-x86_64-mingw32/nios2-elf/lib/mno-hw-mul\libc.a(lib_a-int_errno.o)
 .debug_aranges
                0x00000000000002b8       0x20 c:/altera/15.0/nios2eds/bin/gnu/h-x86_64-mingw32/bin/../lib/gcc/nios2-elf/4.9.1/../../../../../H-x86_64-mingw32/nios2-elf/lib/mno-hw-mul\libc.a(lib_a-makebuf.o)
 .debug_aranges
                0x00000000000002d8       0x20 c:/altera/15.0/nios2eds/bin/gnu/h-x86_64-mingw32/bin/../lib/gcc/nios2-elf/4.9.1/../../../../../H-x86_64-mingw32/nios2-elf/lib/mno-hw-mul\libc.a(lib_a-memset.o)
 .debug_aranges
                0x00000000000002f8       0x20 c:/altera/15.0/nios2eds/bin/gnu/h-x86_64-mingw32/bin/../lib/gcc/nios2-elf/4.9.1/../../../../../H-x86_64-mingw32/nios2-elf/lib/mno-hw-mul\libc.a(lib_a-stdio.o)
 .debug_aranges
                0x0000000000000318       0x20 c:/altera/15.0/nios2eds/bin/gnu/h-x86_64-mingw32/bin/../lib/gcc/nios2-elf/4.9.1/../../../../../H-x86_64-mingw32/nios2-elf/lib/mno-hw-mul\libc.a(lib_a-writer.o)
 .debug_aranges
                0x0000000000000338       0x20 c:/altera/15.0/nios2eds/bin/gnu/h-x86_64-mingw32/bin/../lib/gcc/nios2-elf/4.9.1/../../../../../H-x86_64-mingw32/nios2-elf/lib/mno-hw-mul\libc.a(closer.o)
 .debug_aranges
                0x0000000000000358       0x20 c:/altera/15.0/nios2eds/bin/gnu/h-x86_64-mingw32/bin/../lib/gcc/nios2-elf/4.9.1/../../../../../H-x86_64-mingw32/nios2-elf/lib/mno-hw-mul\libc.a(lib_a-fclose.o)
 .debug_aranges
                0x0000000000000378       0x20 c:/altera/15.0/nios2eds/bin/gnu/h-x86_64-mingw32/bin/../lib/gcc/nios2-elf/4.9.1/../../../../../H-x86_64-mingw32/nios2-elf/lib/mno-hw-mul\libc.a(lib_a-fstatr.o)
 .debug_aranges
                0x0000000000000398       0x20 c:/altera/15.0/nios2eds/bin/gnu/h-x86_64-mingw32/bin/../lib/gcc/nios2-elf/4.9.1/../../../../../H-x86_64-mingw32/nios2-elf/lib/mno-hw-mul\libc.a(lib_a-isattyr.o)
 .debug_aranges
                0x00000000000003b8       0x20 c:/altera/15.0/nios2eds/bin/gnu/h-x86_64-mingw32/bin/../lib/gcc/nios2-elf/4.9.1/../../../../../H-x86_64-mingw32/nios2-elf/lib/mno-hw-mul\libc.a(lib_a-lseekr.o)
 .debug_aranges
                0x00000000000003d8       0x20 c:/altera/15.0/nios2eds/bin/gnu/h-x86_64-mingw32/bin/../lib/gcc/nios2-elf/4.9.1/../../../../../H-x86_64-mingw32/nios2-elf/lib/mno-hw-mul\libc.a(lib_a-readr.o)
 .debug_aranges
                0x00000000000003f8       0x20 c:/altera/15.0/nios2eds/bin/gnu/h-x86_64-mingw32/bin/../lib/gcc/nios2-elf/4.9.1/mno-hw-mul\libgcc.a(_muldi3.o)
 .debug_aranges
                0x0000000000000418       0x20 ../practica_guitarra_bsp/\libhal_bsp.a(alt_close.o)
 .debug_aranges
                0x0000000000000438       0x20 ../practica_guitarra_bsp/\libhal_bsp.a(alt_dev.o)
 .debug_aranges
                0x0000000000000458       0x18 ../practica_guitarra_bsp/\libhal_bsp.a(alt_errno.o)
 .debug_aranges
                0x0000000000000470       0x20 ../practica_guitarra_bsp/\libhal_bsp.a(alt_fstat.o)
 .debug_aranges
                0x0000000000000490       0x20 ../practica_guitarra_bsp/\libhal_bsp.a(alt_isatty.o)
 .debug_aranges
                0x00000000000004b0       0x20 ../practica_guitarra_bsp/\libhal_bsp.a(alt_load.o)
 .debug_aranges
                0x00000000000004d0       0x20 ../practica_guitarra_bsp/\libhal_bsp.a(alt_lseek.o)
 .debug_aranges
                0x00000000000004f0       0x20 ../practica_guitarra_bsp/\libhal_bsp.a(alt_main.o)
 .debug_aranges
                0x0000000000000510       0x20 ../practica_guitarra_bsp/\libhal_bsp.a(alt_malloc_lock.o)
 .debug_aranges
                0x0000000000000530       0x20 ../practica_guitarra_bsp/\libhal_bsp.a(alt_read.o)
 .debug_aranges
                0x0000000000000550       0x20 ../practica_guitarra_bsp/\libhal_bsp.a(alt_release_fd.o)
 .debug_aranges
                0x0000000000000570       0x20 ../practica_guitarra_bsp/\libhal_bsp.a(alt_sbrk.o)
 .debug_aranges
                0x0000000000000590       0x20 ../practica_guitarra_bsp/\libhal_bsp.a(alt_usleep.o)
 .debug_aranges
                0x00000000000005b0       0x20 ../practica_guitarra_bsp/\libhal_bsp.a(alt_write.o)
 .debug_aranges
                0x00000000000005d0       0x20 ../practica_guitarra_bsp/\libhal_bsp.a(alt_sys_init.o)
 .debug_aranges
                0x00000000000005f0       0x20 ../practica_guitarra_bsp/\libhal_bsp.a(altera_avalon_jtag_uart_fd.o)
 .debug_aranges
                0x0000000000000610       0x20 ../practica_guitarra_bsp/\libhal_bsp.a(altera_avalon_jtag_uart_init.o)
 .debug_aranges
                0x0000000000000630       0x20 ../practica_guitarra_bsp/\libhal_bsp.a(altera_avalon_jtag_uart_ioctl.o)
 .debug_aranges
                0x0000000000000650       0x20 ../practica_guitarra_bsp/\libhal_bsp.a(altera_avalon_jtag_uart_read.o)
 .debug_aranges
                0x0000000000000670       0x20 ../practica_guitarra_bsp/\libhal_bsp.a(altera_avalon_jtag_uart_write.o)
 .debug_aranges
                0x0000000000000690       0x20 ../practica_guitarra_bsp/\libhal_bsp.a(altera_avalon_timer_sc.o)
 .debug_aranges
                0x00000000000006b0       0x20 ../practica_guitarra_bsp/\libhal_bsp.a(altera_avalon_uart_fd.o)
 .debug_aranges
                0x00000000000006d0       0x20 ../practica_guitarra_bsp/\libhal_bsp.a(altera_avalon_uart_init.o)
 .debug_aranges
                0x00000000000006f0       0x20 ../practica_guitarra_bsp/\libhal_bsp.a(altera_avalon_uart_read.o)
 .debug_aranges
                0x0000000000000710       0x20 ../practica_guitarra_bsp/\libhal_bsp.a(altera_avalon_uart_write.o)
 .debug_aranges
                0x0000000000000730       0x20 ../practica_guitarra_bsp/\libhal_bsp.a(alt_alarm_start.o)
 .debug_aranges
                0x0000000000000750       0x20 ../practica_guitarra_bsp/\libhal_bsp.a(alt_busy_sleep.o)
 .debug_aranges
                0x0000000000000770       0x20 ../practica_guitarra_bsp/\libhal_bsp.a(alt_dcache_flush_all.o)
 .debug_aranges
                0x0000000000000790       0x20 ../practica_guitarra_bsp/\libhal_bsp.a(alt_dev_llist_insert.o)
 .debug_aranges
                0x00000000000007b0       0x20 ../practica_guitarra_bsp/\libhal_bsp.a(alt_do_ctors.o)
 .debug_aranges
                0x00000000000007d0       0x20 ../practica_guitarra_bsp/\libhal_bsp.a(alt_do_dtors.o)
 .debug_aranges
                0x00000000000007f0       0x20 ../practica_guitarra_bsp/\libhal_bsp.a(alt_icache_flush_all.o)
 .debug_aranges
                0x0000000000000810       0x20 ../practica_guitarra_bsp/\libhal_bsp.a(alt_iic.o)
 .debug_aranges
                0x0000000000000830       0x20 ../practica_guitarra_bsp/\libhal_bsp.a(alt_iic_isr_register.o)
 .debug_aranges
                0x0000000000000850       0x20 ../practica_guitarra_bsp/\libhal_bsp.a(alt_io_redirect.o)
 .debug_aranges
                0x0000000000000870       0x30 ../practica_guitarra_bsp/\libhal_bsp.a(alt_irq_entry.o)
 .debug_aranges
                0x00000000000008a0       0x20 ../practica_guitarra_bsp/\libhal_bsp.a(alt_irq_handler.o)
 .debug_aranges
                0x00000000000008c0       0x18 ../practica_guitarra_bsp/\libhal_bsp.a(alt_irq_vars.o)
 .debug_aranges
                0x00000000000008d8       0x20 ../practica_guitarra_bsp/\libhal_bsp.a(alt_open.o)
 .debug_aranges
                0x00000000000008f8       0x20 ../practica_guitarra_bsp/\libhal_bsp.a(alt_tick.o)
 .debug_aranges
                0x0000000000000918       0x20 ../practica_guitarra_bsp/\libhal_bsp.a(altera_nios2_gen2_irq.o)
 .debug_aranges
                0x0000000000000938       0x38 ../practica_guitarra_bsp/\libhal_bsp.a(alt_exception_entry.o)
 .debug_aranges
                0x0000000000000970       0x20 ../practica_guitarra_bsp/\libhal_bsp.a(alt_find_dev.o)
 .debug_aranges
                0x0000000000000990       0x20 ../practica_guitarra_bsp/\libhal_bsp.a(alt_find_file.o)
 .debug_aranges
                0x00000000000009b0       0x20 ../practica_guitarra_bsp/\libhal_bsp.a(alt_get_fd.o)
 .debug_aranges
                0x00000000000009d0       0x28 ../practica_guitarra_bsp/\libhal_bsp.a(alt_instruction_exception_entry.o)
 .debug_aranges
                0x00000000000009f8       0x20 c:/altera/15.0/nios2eds/bin/gnu/h-x86_64-mingw32/bin/../lib/gcc/nios2-elf/4.9.1/../../../../../H-x86_64-mingw32/nios2-elf/lib/mno-hw-mul\libc.a(lib_a-atexit.o)
 .debug_aranges
                0x0000000000000a18       0x20 c:/altera/15.0/nios2eds/bin/gnu/h-x86_64-mingw32/bin/../lib/gcc/nios2-elf/4.9.1/../../../../../H-x86_64-mingw32/nios2-elf/lib/mno-hw-mul\libc.a(lib_a-exit.o)
 .debug_aranges
                0x0000000000000a38       0x20 c:/altera/15.0/nios2eds/bin/gnu/h-x86_64-mingw32/bin/../lib/gcc/nios2-elf/4.9.1/../../../../../H-x86_64-mingw32/nios2-elf/lib/mno-hw-mul\libc.a(lib_a-memcmp.o)
 .debug_aranges
                0x0000000000000a58       0x20 c:/altera/15.0/nios2eds/bin/gnu/h-x86_64-mingw32/bin/../lib/gcc/nios2-elf/4.9.1/../../../../../H-x86_64-mingw32/nios2-elf/lib/mno-hw-mul\libc.a(lib_a-__atexit.o)
 .debug_aranges
                0x0000000000000a78       0x20 c:/altera/15.0/nios2eds/bin/gnu/h-x86_64-mingw32/bin/../lib/gcc/nios2-elf/4.9.1/../../../../../H-x86_64-mingw32/nios2-elf/lib/mno-hw-mul\libc.a(lib_a-__call_atexit.o)
 .debug_aranges
                0x0000000000000a98       0x20 ../practica_guitarra_bsp/\libhal_bsp.a(alt_exit.o)

.debug_pubnames
 *(.debug_pubnames)

.debug_info     0x0000000000000000    0x18027
 *(.debug_info .gnu.linkonce.wi.*)
 .debug_info    0x0000000000000000       0x96 ../practica_guitarra_bsp//obj/HAL/src/crt0.o
 .debug_info    0x0000000000000096       0x8f obj/default/hello_world.o
 .debug_info    0x0000000000000125      0x12a obj/default/karplus/karplus.o
 .debug_info    0x000000000000024f      0x234 c:/altera/15.0/nios2eds/bin/gnu/h-x86_64-mingw32/bin/../lib/gcc/nios2-elf/4.9.1/mno-hw-mul\libgcc.a(lib2-divmod.o)
 .debug_info    0x0000000000000483       0xb4 c:/altera/15.0/nios2eds/bin/gnu/h-x86_64-mingw32/bin/../lib/gcc/nios2-elf/4.9.1/mno-hw-mul\libgcc.a(lib2-mul.o)
 .debug_info    0x0000000000000537      0x9f4 c:/altera/15.0/nios2eds/bin/gnu/h-x86_64-mingw32/bin/../lib/gcc/nios2-elf/4.9.1/../../../../../H-x86_64-mingw32/nios2-elf/lib/mno-hw-mul\libc.a(lib_a-puts.o)
 .debug_info    0x0000000000000f2b      0x8a1 c:/altera/15.0/nios2eds/bin/gnu/h-x86_64-mingw32/bin/../lib/gcc/nios2-elf/4.9.1/../../../../../H-x86_64-mingw32/nios2-elf/lib/mno-hw-mul\libc.a(lib_a-rand.o)
 .debug_info    0x00000000000017cc       0xdb c:/altera/15.0/nios2eds/bin/gnu/h-x86_64-mingw32/bin/../lib/gcc/nios2-elf/4.9.1/../../../../../H-x86_64-mingw32/nios2-elf/lib/mno-hw-mul\libc.a(lib_a-strlen.o)
 .debug_info    0x00000000000018a7      0xc31 c:/altera/15.0/nios2eds/bin/gnu/h-x86_64-mingw32/bin/../lib/gcc/nios2-elf/4.9.1/../../../../../H-x86_64-mingw32/nios2-elf/lib/mno-hw-mul\libc.a(lib_a-fvwrite.o)
 .debug_info    0x00000000000024d8      0x88f c:/altera/15.0/nios2eds/bin/gnu/h-x86_64-mingw32/bin/../lib/gcc/nios2-elf/4.9.1/../../../../../H-x86_64-mingw32/nios2-elf/lib/mno-hw-mul\libc.a(lib_a-impure.o)
 .debug_info    0x0000000000002d67      0xd71 c:/altera/15.0/nios2eds/bin/gnu/h-x86_64-mingw32/bin/../lib/gcc/nios2-elf/4.9.1/../../../../../H-x86_64-mingw32/nios2-elf/lib/mno-hw-mul\libc.a(lib_a-mallocr.o)
 .debug_info    0x0000000000003ad8      0x12b c:/altera/15.0/nios2eds/bin/gnu/h-x86_64-mingw32/bin/../lib/gcc/nios2-elf/4.9.1/../../../../../H-x86_64-mingw32/nios2-elf/lib/mno-hw-mul\libc.a(lib_a-memchr.o)
 .debug_info    0x0000000000003c03      0x133 c:/altera/15.0/nios2eds/bin/gnu/h-x86_64-mingw32/bin/../lib/gcc/nios2-elf/4.9.1/../../../../../H-x86_64-mingw32/nios2-elf/lib/mno-hw-mul\libc.a(lib_a-memcpy.o)
 .debug_info    0x0000000000003d36      0x133 c:/altera/15.0/nios2eds/bin/gnu/h-x86_64-mingw32/bin/../lib/gcc/nios2-elf/4.9.1/../../../../../H-x86_64-mingw32/nios2-elf/lib/mno-hw-mul\libc.a(lib_a-memmove.o)
 .debug_info    0x0000000000003e69      0xcc6 c:/altera/15.0/nios2eds/bin/gnu/h-x86_64-mingw32/bin/../lib/gcc/nios2-elf/4.9.1/../../../../../H-x86_64-mingw32/nios2-elf/lib/mno-hw-mul\libc.a(lib_a-reallocr.o)
 .debug_info    0x0000000000004b2f      0x8ef c:/altera/15.0/nios2eds/bin/gnu/h-x86_64-mingw32/bin/../lib/gcc/nios2-elf/4.9.1/../../../../../H-x86_64-mingw32/nios2-elf/lib/mno-hw-mul\libc.a(lib_a-sbrkr.o)
 .debug_info    0x000000000000541e      0x91d c:/altera/15.0/nios2eds/bin/gnu/h-x86_64-mingw32/bin/../lib/gcc/nios2-elf/4.9.1/../../../../../H-x86_64-mingw32/nios2-elf/lib/mno-hw-mul\libc.a(lib_a-wsetup.o)
 .debug_info    0x0000000000005d3b      0xa3a c:/altera/15.0/nios2eds/bin/gnu/h-x86_64-mingw32/bin/../lib/gcc/nios2-elf/4.9.1/../../../../../H-x86_64-mingw32/nios2-elf/lib/mno-hw-mul\libc.a(lib_a-fflush.o)
 .debug_info    0x0000000000006775      0xd37 c:/altera/15.0/nios2eds/bin/gnu/h-x86_64-mingw32/bin/../lib/gcc/nios2-elf/4.9.1/../../../../../H-x86_64-mingw32/nios2-elf/lib/mno-hw-mul\libc.a(lib_a-findfp.o)
 .debug_info    0x00000000000074ac      0xc02 c:/altera/15.0/nios2eds/bin/gnu/h-x86_64-mingw32/bin/../lib/gcc/nios2-elf/4.9.1/../../../../../H-x86_64-mingw32/nios2-elf/lib/mno-hw-mul\libc.a(lib_a-freer.o)
 .debug_info    0x00000000000080ae      0xab7 c:/altera/15.0/nios2eds/bin/gnu/h-x86_64-mingw32/bin/../lib/gcc/nios2-elf/4.9.1/../../../../../H-x86_64-mingw32/nios2-elf/lib/mno-hw-mul\libc.a(lib_a-fwalk.o)
 .debug_info    0x0000000000008b65       0x83 c:/altera/15.0/nios2eds/bin/gnu/h-x86_64-mingw32/bin/../lib/gcc/nios2-elf/4.9.1/../../../../../H-x86_64-mingw32/nios2-elf/lib/mno-hw-mul\libc.a(lib_a-int_errno.o)
 .debug_info    0x0000000000008be8      0xaff c:/altera/15.0/nios2eds/bin/gnu/h-x86_64-mingw32/bin/../lib/gcc/nios2-elf/4.9.1/../../../../../H-x86_64-mingw32/nios2-elf/lib/mno-hw-mul\libc.a(lib_a-makebuf.o)
 .debug_info    0x00000000000096e7      0x11a c:/altera/15.0/nios2eds/bin/gnu/h-x86_64-mingw32/bin/../lib/gcc/nios2-elf/4.9.1/../../../../../H-x86_64-mingw32/nios2-elf/lib/mno-hw-mul\libc.a(lib_a-memset.o)
 .debug_info    0x0000000000009801      0xb83 c:/altera/15.0/nios2eds/bin/gnu/h-x86_64-mingw32/bin/../lib/gcc/nios2-elf/4.9.1/../../../../../H-x86_64-mingw32/nios2-elf/lib/mno-hw-mul\libc.a(lib_a-stdio.o)
 .debug_info    0x000000000000a384      0x921 c:/altera/15.0/nios2eds/bin/gnu/h-x86_64-mingw32/bin/../lib/gcc/nios2-elf/4.9.1/../../../../../H-x86_64-mingw32/nios2-elf/lib/mno-hw-mul\libc.a(lib_a-writer.o)
 .debug_info    0x000000000000aca5      0x8ce c:/altera/15.0/nios2eds/bin/gnu/h-x86_64-mingw32/bin/../lib/gcc/nios2-elf/4.9.1/../../../../../H-x86_64-mingw32/nios2-elf/lib/mno-hw-mul\libc.a(closer.o)
 .debug_info    0x000000000000b573      0xa12 c:/altera/15.0/nios2eds/bin/gnu/h-x86_64-mingw32/bin/../lib/gcc/nios2-elf/4.9.1/../../../../../H-x86_64-mingw32/nios2-elf/lib/mno-hw-mul\libc.a(lib_a-fclose.o)
 .debug_info    0x000000000000bf85      0xa5c c:/altera/15.0/nios2eds/bin/gnu/h-x86_64-mingw32/bin/../lib/gcc/nios2-elf/4.9.1/../../../../../H-x86_64-mingw32/nios2-elf/lib/mno-hw-mul\libc.a(lib_a-fstatr.o)
 .debug_info    0x000000000000c9e1      0x8ce c:/altera/15.0/nios2eds/bin/gnu/h-x86_64-mingw32/bin/../lib/gcc/nios2-elf/4.9.1/../../../../../H-x86_64-mingw32/nios2-elf/lib/mno-hw-mul\libc.a(lib_a-isattyr.o)
 .debug_info    0x000000000000d2af      0x91a c:/altera/15.0/nios2eds/bin/gnu/h-x86_64-mingw32/bin/../lib/gcc/nios2-elf/4.9.1/../../../../../H-x86_64-mingw32/nios2-elf/lib/mno-hw-mul\libc.a(lib_a-lseekr.o)
 .debug_info    0x000000000000dbc9      0x91a c:/altera/15.0/nios2eds/bin/gnu/h-x86_64-mingw32/bin/../lib/gcc/nios2-elf/4.9.1/../../../../../H-x86_64-mingw32/nios2-elf/lib/mno-hw-mul\libc.a(lib_a-readr.o)
 .debug_info    0x000000000000e4e3      0x1e2 c:/altera/15.0/nios2eds/bin/gnu/h-x86_64-mingw32/bin/../lib/gcc/nios2-elf/4.9.1/mno-hw-mul\libgcc.a(_muldi3.o)
 .debug_info    0x000000000000e6c5      0x31a ../practica_guitarra_bsp/\libhal_bsp.a(alt_close.o)
 .debug_info    0x000000000000e9df      0x495 ../practica_guitarra_bsp/\libhal_bsp.a(alt_dev.o)
 .debug_info    0x000000000000ee74       0x9f ../practica_guitarra_bsp/\libhal_bsp.a(alt_errno.o)
 .debug_info    0x000000000000ef13      0x481 ../practica_guitarra_bsp/\libhal_bsp.a(alt_fstat.o)
 .debug_info    0x000000000000f394      0x484 ../practica_guitarra_bsp/\libhal_bsp.a(alt_isatty.o)
 .debug_info    0x000000000000f818      0x13e ../practica_guitarra_bsp/\libhal_bsp.a(alt_load.o)
 .debug_info    0x000000000000f956      0x34b ../practica_guitarra_bsp/\libhal_bsp.a(alt_lseek.o)
 .debug_info    0x000000000000fca1      0x12a ../practica_guitarra_bsp/\libhal_bsp.a(alt_main.o)
 .debug_info    0x000000000000fdcb      0x89f ../practica_guitarra_bsp/\libhal_bsp.a(alt_malloc_lock.o)
 .debug_info    0x000000000001066a      0x4a9 ../practica_guitarra_bsp/\libhal_bsp.a(alt_read.o)
 .debug_info    0x0000000000010b13      0x2b0 ../practica_guitarra_bsp/\libhal_bsp.a(alt_release_fd.o)
 .debug_info    0x0000000000010dc3      0x1a5 ../practica_guitarra_bsp/\libhal_bsp.a(alt_sbrk.o)
 .debug_info    0x0000000000010f68       0xa9 ../practica_guitarra_bsp/\libhal_bsp.a(alt_usleep.o)
 .debug_info    0x0000000000011011      0x4b0 ../practica_guitarra_bsp/\libhal_bsp.a(alt_write.o)
 .debug_info    0x00000000000114c1      0x5b1 ../practica_guitarra_bsp/\libhal_bsp.a(alt_sys_init.o)
 .debug_info    0x0000000000011a72      0x527 ../practica_guitarra_bsp/\libhal_bsp.a(altera_avalon_jtag_uart_fd.o)
 .debug_info    0x0000000000011f99      0x3a1 ../practica_guitarra_bsp/\libhal_bsp.a(altera_avalon_jtag_uart_init.o)
 .debug_info    0x000000000001233a      0x279 ../practica_guitarra_bsp/\libhal_bsp.a(altera_avalon_jtag_uart_ioctl.o)
 .debug_info    0x00000000000125b3      0x342 ../practica_guitarra_bsp/\libhal_bsp.a(altera_avalon_jtag_uart_read.o)
 .debug_info    0x00000000000128f5      0x339 ../practica_guitarra_bsp/\libhal_bsp.a(altera_avalon_jtag_uart_write.o)
 .debug_info    0x0000000000012c2e      0x21f ../practica_guitarra_bsp/\libhal_bsp.a(altera_avalon_timer_sc.o)
 .debug_info    0x0000000000012e4d      0x440 ../practica_guitarra_bsp/\libhal_bsp.a(altera_avalon_uart_fd.o)
 .debug_info    0x000000000001328d      0x32c ../practica_guitarra_bsp/\libhal_bsp.a(altera_avalon_uart_init.o)
 .debug_info    0x00000000000135b9      0x312 ../practica_guitarra_bsp/\libhal_bsp.a(altera_avalon_uart_read.o)
 .debug_info    0x00000000000138cb      0x317 ../practica_guitarra_bsp/\libhal_bsp.a(altera_avalon_uart_write.o)
 .debug_info    0x0000000000013be2      0x2c5 ../practica_guitarra_bsp/\libhal_bsp.a(alt_alarm_start.o)
 .debug_info    0x0000000000013ea7       0xd0 ../practica_guitarra_bsp/\libhal_bsp.a(alt_busy_sleep.o)
 .debug_info    0x0000000000013f77       0x8b ../practica_guitarra_bsp/\libhal_bsp.a(alt_dcache_flush_all.o)
 .debug_info    0x0000000000014002      0x1a2 ../practica_guitarra_bsp/\libhal_bsp.a(alt_dev_llist_insert.o)
 .debug_info    0x00000000000141a4       0x83 ../practica_guitarra_bsp/\libhal_bsp.a(alt_do_ctors.o)
 .debug_info    0x0000000000014227       0x83 ../practica_guitarra_bsp/\libhal_bsp.a(alt_do_dtors.o)
 .debug_info    0x00000000000142aa       0x8b ../practica_guitarra_bsp/\libhal_bsp.a(alt_icache_flush_all.o)
 .debug_info    0x0000000000014335      0x349 ../practica_guitarra_bsp/\libhal_bsp.a(alt_iic.o)